Component: ARM Compiler 5.06 update 6 (build 750) Tool: armlink [4d35ed]

==============================================================================

Section Cross References

    main.o(i.main) refers to stm32f3xx_hal.o(i.HAL_Init) for HAL_Init
    main.o(i.main) refers to sys.o(i.Stm32_Clock_Init) for Stm32_Clock_Init
    main.o(i.main) refers to delay.o(i.delay_init) for delay_init
    main.o(i.main) refers to usart.o(i.uart_init) for uart_init
    main.o(i.main) refers to led.o(i.led_init) for led_init
    main.o(i.main) refers to button.o(i.button_init) for button_init
    main.o(i.main) refers to noretval__2printf.o(.text) for __2printf
    main.o(i.main) refers to delay.o(i.delay_ms) for delay_ms
    stm32f3xx_hal_msp.o(i.HAL_UART_MspDeInit) refers to stm32f3xx_hal_gpio.o(i.HAL_GPIO_DeInit) for HAL_GPIO_DeInit
    stm32f3xx_it.o(i.SysTick_Handler) refers to stm32f3xx_hal.o(i.HAL_IncTick) for HAL_IncTick
    system_stm32f3xx.o(i.SystemCoreClockUpdate) refers to system_stm32f3xx.o(.data) for .data
    system_stm32f3xx.o(i.SystemCoreClockUpdate) refers to system_stm32f3xx.o(.constdata) for .constdata
    startup_stm32f301x8.o(STACK) refers (Special) to heapauxi.o(.text) for __use_two_region_memory
    startup_stm32f301x8.o(HEAP) refers (Special) to heapauxi.o(.text) for __use_two_region_memory
    startup_stm32f301x8.o(RESET) refers (Special) to heapauxi.o(.text) for __use_two_region_memory
    startup_stm32f301x8.o(RESET) refers to startup_stm32f301x8.o(STACK) for __initial_sp
    startup_stm32f301x8.o(RESET) refers to startup_stm32f301x8.o(.text) for Reset_Handler
    startup_stm32f301x8.o(RESET) refers to stm32f3xx_it.o(i.NMI_Handler) for NMI_Handler
    startup_stm32f301x8.o(RESET) refers to stm32f3xx_it.o(i.HardFault_Handler) for HardFault_Handler
    startup_stm32f301x8.o(RESET) refers to stm32f3xx_it.o(i.MemManage_Handler) for MemManage_Handler
    startup_stm32f301x8.o(RESET) refers to stm32f3xx_it.o(i.BusFault_Handler) for BusFault_Handler
    startup_stm32f301x8.o(RESET) refers to stm32f3xx_it.o(i.UsageFault_Handler) for UsageFault_Handler
    startup_stm32f301x8.o(RESET) refers to stm32f3xx_it.o(i.SVC_Handler) for SVC_Handler
    startup_stm32f301x8.o(RESET) refers to stm32f3xx_it.o(i.DebugMon_Handler) for DebugMon_Handler
    startup_stm32f301x8.o(RESET) refers to stm32f3xx_it.o(i.PendSV_Handler) for PendSV_Handler
    startup_stm32f301x8.o(RESET) refers to stm32f3xx_it.o(i.SysTick_Handler) for SysTick_Handler
    startup_stm32f301x8.o(RESET) refers to usart.o(i.USART1_IRQHandler) for USART1_IRQHandler
    startup_stm32f301x8.o(.text) refers (Special) to heapauxi.o(.text) for __use_two_region_memory
    startup_stm32f301x8.o(.text) refers to system_stm32f3xx.o(i.SystemInit) for SystemInit
    startup_stm32f301x8.o(.text) refers to __main.o(!!!main) for __main
    startup_stm32f301x8.o(.text) refers to startup_stm32f301x8.o(HEAP) for Heap_Mem
    startup_stm32f301x8.o(.text) refers to startup_stm32f301x8.o(STACK) for Stack_Mem
    stm32f3xx_hal.o(i.HAL_DeInit) refers to stm32f3xx_hal.o(i.HAL_MspDeInit) for HAL_MspDeInit
    stm32f3xx_hal.o(i.HAL_Delay) refers to stm32f3xx_hal.o(i.HAL_GetTick) for HAL_GetTick
    stm32f3xx_hal.o(i.HAL_Delay) refers to stm32f3xx_hal.o(.data) for .data
    stm32f3xx_hal.o(i.HAL_GetTick) refers to stm32f3xx_hal.o(.data) for .data
    stm32f3xx_hal.o(i.HAL_GetTickFreq) refers to stm32f3xx_hal.o(.data) for .data
    stm32f3xx_hal.o(i.HAL_GetTickPrio) refers to stm32f3xx_hal.o(.data) for .data
    stm32f3xx_hal.o(i.HAL_IncTick) refers to stm32f3xx_hal.o(.data) for .data
    stm32f3xx_hal.o(i.HAL_Init) refers to stm32f3xx_hal_cortex.o(i.HAL_NVIC_SetPriorityGrouping) for HAL_NVIC_SetPriorityGrouping
    stm32f3xx_hal.o(i.HAL_Init) refers to stm32f3xx_hal.o(i.HAL_InitTick) for HAL_InitTick
    stm32f3xx_hal.o(i.HAL_Init) refers to stm32f3xx_hal_msp.o(i.HAL_MspInit) for HAL_MspInit
    stm32f3xx_hal.o(i.HAL_InitTick) refers to stm32f3xx_hal_cortex.o(i.HAL_SYSTICK_Config) for HAL_SYSTICK_Config
    stm32f3xx_hal.o(i.HAL_InitTick) refers to stm32f3xx_hal_cortex.o(i.HAL_NVIC_SetPriority) for HAL_NVIC_SetPriority
    stm32f3xx_hal.o(i.HAL_InitTick) refers to stm32f3xx_hal.o(.data) for .data
    stm32f3xx_hal.o(i.HAL_InitTick) refers to system_stm32f3xx.o(.data) for SystemCoreClock
    stm32f3xx_hal.o(i.HAL_SetTickFreq) refers to stm32f3xx_hal.o(i.HAL_InitTick) for HAL_InitTick
    stm32f3xx_hal.o(i.HAL_SetTickFreq) refers to stm32f3xx_hal.o(.data) for .data
    stm32f3xx_hal_cortex.o(i.HAL_NVIC_SetPriority) refers to stm32f3xx_hal_cortex.o(i.__NVIC_SetPriority) for __NVIC_SetPriority
    stm32f3xx_hal_cortex.o(i.HAL_SYSTICK_Config) refers to stm32f3xx_hal_cortex.o(i.__NVIC_SetPriority) for __NVIC_SetPriority
    stm32f3xx_hal_cortex.o(i.HAL_SYSTICK_IRQHandler) refers to stm32f3xx_hal_cortex.o(i.HAL_SYSTICK_Callback) for HAL_SYSTICK_Callback
    stm32f3xx_hal_flash.o(i.FLASH_Program_HalfWord) refers to stm32f3xx_hal_flash.o(.bss) for .bss
[...]
    libinit.o(.ARM.Collect$$libinit$$00000000) refers (Special) to libinit2.o(.ARM.Collect$$libinit$$00000013) for __rt_lib_init_lc_ctype_1
    libinit.o(.ARM.Collect$$libinit$$00000000) refers (Special) to libinit2.o(.ARM.Collect$$libinit$$00000015) for __rt_lib_init_lc_monetary_1
    libinit.o(.ARM.Collect$$libinit$$00000000) refers (Special) to libinit2.o(.ARM.Collect$$libinit$$00000017) for __rt_lib_init_lc_numeric_1
    libinit.o(.ARM.Collect$$libinit$$00000000) refers (Special) to libinit2.o(.ARM.Collect$$libinit$$00000019) for __rt_lib_init_lc_time_1
    libinit.o(.ARM.Collect$$libinit$$00000000) refers (Special) to libinit2.o(.ARM.Collect$$libinit$$00000004) for __rt_lib_init_preinit_1
    libinit.o(.ARM.Collect$$libinit$$00000000) refers (Special) to libinit2.o(.ARM.Collect$$libinit$$0000000E) for __rt_lib_init_rand_1
    libinit.o(.ARM.Collect$$libinit$$00000000) refers (Special) to libinit2.o(.ARM.Collect$$libinit$$00000033) for __rt_lib_init_return
    libinit.o(.ARM.Collect$$libinit$$00000000) refers (Special) to libinit2.o(.ARM.Collect$$libinit$$0000001D) for __rt_lib_init_signal_1
    libinit.o(.ARM.Collect$$libinit$$00000000) refers (Special) to libinit2.o(.ARM.Collect$$libinit$$00000025) for __rt_lib_init_stdio_1
    libinit.o(.ARM.Collect$$libinit$$00000000) refers (Special) to libinit2.o(.ARM.Collect$$libinit$$0000000C) for __rt_lib_init_user_alloc_1
    libspace.o(.text) refers to libspace.o(.bss) for __libspace_start
    rtexit.o(.ARM.Collect$$rtexit$$00000000) refers (Special) to rtexit2.o(.ARM.Collect$$rtexit$$00000004) for __rt_exit_exit
    rtexit.o(.ARM.Collect$$rtexit$$00000000) refers (Special) to rtexit2.o(.ARM.Collect$$rtexit$$00000003) for __rt_exit_ls
    rtexit.o(.ARM.Collect$$rtexit$$00000000) refers (Special) to rtexit2.o(.ARM.Collect$$rtexit$$00000002) for __rt_exit_prels_1
    rtexit.o(.ARM.exidx) refers (Special) to rtexit2.o(.ARM.Collect$$rtexit$$00000004) for __rt_exit_exit
    rtexit.o(.ARM.exidx) refers (Special) to rtexit2.o(.ARM.Collect$$rtexit$$00000003) for __rt_exit_ls
    rtexit.o(.ARM.exidx) refers (Special) to rtexit2.o(.ARM.Collect$$rtexit$$00000002) for __rt_exit_prels_1
    rtexit.o(.ARM.exidx) refers to rtexit.o(.ARM.Collect$$rtexit$$00000000) for .ARM.Collect$$rtexit$$00000000
    rt_raise.o(.text) refers to __raise.o(.text) for __raise
    rt_raise.o(.text) refers to usart.o(i._sys_exit) for _sys_exit
    defsig_exit.o(.text) refers to usart.o(i._sys_exit) for _sys_exit
    defsig_fpe_inner.o(.text) refers to defsig_general.o(.text) for __default_signal_display
    libinit2.o(.ARM.Collect$$libinit$$00000001) refers to fpinit.o(x$fpl$fpinit) for _fp_init
    libinit2.o(.ARM.Collect$$libinit$$00000010) refers to libinit2.o(.ARM.Collect$$libinit$$0000000F) for .ARM.Collect$$libinit$$0000000F
    libinit2.o(.ARM.Collect$$libinit$$00000012) refers to libinit2.o(.ARM.Collect$$libinit$$0000000F) for .ARM.Collect$$libinit$$0000000F
    libinit2.o(.ARM.Collect$$libinit$$00000014) refers to libinit2.o(.ARM.Collect$$libinit$$0000000F) for .ARM.Collect$$libinit$$0000000F
    libinit2.o(.ARM.Collect$$libinit$$00000016) refers to libinit2.o(.ARM.Collect$$libinit$$0000000F) for .ARM.Collect$$libinit$$0000000F
    libinit2.o(.ARM.Collect$$libinit$$00000018) refers to libinit2.o(.ARM.Collect$$libinit$$0000000F) for .ARM.Collect$$libinit$$0000000F
    libinit2.o(.ARM.Collect$$libinit$$00000026) refers to argv_veneer.o(.emb_text) for __ARM_argv_veneer
    libinit2.o(.ARM.Collect$$libinit$$00000027) refers to argv_veneer.o(.emb_text) for __ARM_argv_veneer
    rtexit2.o(.ARM.Collect$$rtexit$$00000003) refers to libshutdown.o(.ARM.Collect$$libshutdown$$00000000) for __rt_lib_shutdown
    rtexit2.o(.ARM.Collect$$rtexit$$00000004) refers to usart.o(i._sys_exit) for _sys_exit
    rtexit2.o(.ARM.exidx) refers to rtexit2.o(.ARM.Collect$$rtexit$$00000001) for .ARM.Collect$$rtexit$$00000001
    rtexit2.o(.ARM.exidx) refers to rtexit2.o(.ARM.Collect$$rtexit$$00000003) for .ARM.Collect$$rtexit$$00000003
    rtexit2.o(.ARM.exidx) refers to rtexit2.o(.ARM.Collect$$rtexit$$00000004) for .ARM.Collect$$rtexit$$00000004
    __raise.o(.text) refers to defsig.o(CL$$defsig) for __default_signal_handler
    defsig_general.o(.text) refers to sys_wrch.o(.text) for _ttywrch
    argv_veneer.o(.emb_text) refers to no_argv.o(.text) for __ARM_get_argv
    sys_wrch.o(.text) refers (Special) to use_no_semi.o(.text) for __I$use$semihosting
    sys_wrch.o(.text) refers (Special) to indicate_semi.o(.text) for __semihosting_library_function
    defsig.o(CL$$defsig) refers to defsig_fpe_inner.o(.text) for __rt_SIGFPE_inner
    defsig.o(CL$$defsig) refers to defsig_rtmem_inner.o(.text) for __rt_SIGRTMEM_inner
    _get_argv_nomalloc.o(.text) refers (Special) to hrguard.o(.text) for __heap_region$guard
    _get_argv_nomalloc.o(.text) refers to defsig_rtmem_outer.o(.text) for __rt_SIGRTMEM
    _get_argv_nomalloc.o(.text) refers to sys_command.o(.text) for _sys_command_string
    libshutdown.o(.ARM.Collect$$libshutdown$$00000000) refers (Special) to libshutdown2.o(.ARM.Collect$$libshutdown$$00000002) for __rt_lib_shutdown_cpp_1
    libshutdown.o(.ARM.Collect$$libshutdown$$00000000) refers (Special) to libshutdown2.o(.ARM.Collect$$libshutdown$$00000007) for __rt_lib_shutdown_fp_trap_1
    libshutdown.o(.ARM.Collect$$libshutdown$$00000000) refers (Special) to libshutdown2.o(.ARM.Collect$$libshutdown$$0000000F) for __rt_lib_shutdown_heap_1
    libshutdown.o(.ARM.Collect$$libshutdown$$00000000) refers (Special) to libshutdown2.o(.ARM.Collect$$libshutdown$$00000010) for __rt_lib_shutdown_return
    libshutdown.o(.ARM.Collect$$libshutdown$$00000000) refers (Special) to libshutdown2.o(.ARM.Collect$$libshutdown$$0000000A) for __rt_lib_shutdown_signal_1
    libshutdown.o(.ARM.Collect$$libshutdown$$00000000) refers (Special) to libshutdown2.o(.ARM.Collect$$libshutdown$$00000004) for __rt_lib_shutdown_stdio_1
    libshutdown.o(.ARM.Collect$$libshutdown$$00000000) refers (Special) to libshutdown2.o(.ARM.Collect$$libshutdown$$0000000C) for __rt_lib_shutdown_user_alloc_1
    sys_command.o(.text) refers (Special) to use_no_semi.o(.text) for __I$use$semihosting
    sys_command.o(.text) refers (Special) to indicate_semi.o(.text) for __semihosting_library_function
    defsig_abrt_inner.o(.text) refers to defsig_general.o(.text) for __default_signal_display
    defsig_rtred_inner.o(.text) refers to defsig_general.o(.text) for __default_signal_display
    defsig_rtmem_inner.o(.text) refers to defsig_general.o(.text) for __default_signal_display
    defsig_rtmem_outer.o(.text) refers to defsig_rtmem_inner.o(.text) for __rt_SIGRTMEM_inner
    defsig_rtmem_outer.o(.text) refers to defsig_exit.o(.text) for __sig_exit
    defsig_rtmem_formal.o(.text) refers to rt_raise.o(.text) for __rt_raise
    defsig_stak_inner.o(.text) refers to defsig_general.o(.text) for __default_signal_display
    defsig_pvfn_inner.o(.text) refers to defsig_general.o(.text) for __default_signal_display
    defsig_cppl_inner.o(.text) refers to defsig_general.o(.text) for __default_signal_display
    defsig_segv_inner.o(.text) refers to defsig_general.o(.text) for __default_signal_display
    defsig_other.o(.text) refers to defsig_general.o(.text) for __default_signal_display


==============================================================================

Removing Unused input sections from the image.

    Removing main.o(.rev16_text), (4 bytes).
    Removing main.o(.revsh_text), (4 bytes).
    Removing main.o(.rrx_text), (6 bytes).
    Removing stm32f3xx_hal_msp.o(.rev16_text), (4 bytes).
    Removing stm32f3xx_hal_msp.o(.revsh_text), (4 bytes).
    Removing stm32f3xx_hal_msp.o(.rrx_text), (6 bytes).
    Removing stm32f3xx_hal_msp.o(i.HAL_UART_MspDeInit), (40 bytes).
    Removing stm32f3xx_it.o(.rev16_text), (4 bytes).
    Removing stm32f3xx_it.o(.revsh_text), (4 bytes).
    Removing stm32f3xx_it.o(.rrx_text), (6 bytes).
    Removing system_stm32f3xx.o(.rev16_text), (4 bytes).
    Removing system_stm32f3xx.o(.revsh_text), (4 bytes).
    Removing system_stm32f3xx.o(.rrx_text), (6 bytes).
    Removing system_stm32f3xx.o(i.SystemCoreClockUpdate), (112 bytes).
    Removing stm32f3xx_hal.o(.rev16_text), (4 bytes).
    Removing stm32f3xx_hal.o(.revsh_text), (4 bytes).
    Removing stm32f3xx_hal.o(.rrx_text), (6 bytes).
    Removing stm32f3xx_hal.o(i.HAL_DBGMCU_DisableDBGSleepMode), (16 bytes).
    Removing stm32f3xx_hal.o(i.HAL_DBGMCU_DisableDBGStandbyMode), (16 bytes).
    Removing stm32f3xx_hal.o(i.HAL_DBGMCU_DisableDBGStopMode), (16 bytes).
    Removing stm32f3xx_hal.o(i.HAL_DBGMCU_EnableDBGSleepMode), (16 bytes).
    Removing stm32f3xx_hal.o(i.HAL_DBGMCU_EnableDBGStandbyMode), (16 bytes).
    Removing stm32f3xx_hal.o(i.HAL_DBGMCU_EnableDBGStopMode), (16 bytes).
    Removing stm32f3xx_hal.o(i.HAL_DeInit), (36 bytes).
    Removing stm32f3xx_hal.o(i.HAL_Delay), (36 bytes).
    Removing stm32f3xx_hal.o(i.HAL_GetDEVID), (16 bytes).
    Removing stm32f3xx_hal.o(i.HAL_GetHalVersion), (8 bytes).
    Removing stm32f3xx_hal.o(i.HAL_GetREVID), (12 bytes).
    Removing stm32f3xx_hal.o(i.HAL_GetTickFreq), (12 bytes).
    Removing stm32f3xx_hal.o(i.HAL_GetTickPrio), (12 bytes).
    Removing stm32f3xx_hal.o(i.HAL_GetUIDw0), (12 bytes).
    Removing stm32f3xx_hal.o(i.HAL_GetUIDw1), (12 bytes).
    Removing stm32f3xx_hal.o(i.HAL_GetUIDw2), (12 bytes).
    Removing stm32f3xx_hal.o(i.HAL_MspDeInit), (2 bytes).
    Removing stm32f3xx_hal.o(i.HAL_MspInit), (2 bytes).
    Removing stm32f3xx_hal.o(i.HAL_ResumeTick), (14 bytes).
    Removing stm32f3xx_hal.o(i.HAL_SetTickFreq), (36 bytes).
    Removing stm32f3xx_hal.o(i.HAL_SuspendTick), (14 bytes).
    Removing stm32f3xx_hal_cortex.o(.rev16_text), (4 bytes).
    Removing stm32f3xx_hal_cortex.o(.revsh_text), (4 bytes).
    Removing stm32f3xx_hal_cortex.o(.rrx_text), (6 bytes).
    Removing stm32f3xx_hal_cortex.o(i.HAL_NVIC_ClearPendingIRQ), (26 bytes).
    Removing stm32f3xx_hal_cortex.o(i.HAL_NVIC_DisableIRQ), (34 bytes).
    Removing stm32f3xx_hal_cortex.o(i.HAL_NVIC_GetActive), (36 bytes).
    Removing stm32f3xx_hal_cortex.o(i.HAL_NVIC_GetPendingIRQ), (36 bytes).
    Removing stm32f3xx_hal_cortex.o(i.HAL_NVIC_GetPriority), (84 bytes).
    Removing stm32f3xx_hal_cortex.o(i.HAL_NVIC_GetPriorityGrouping), (16 bytes).
    Removing stm32f3xx_hal_cortex.o(i.HAL_NVIC_SetPendingIRQ), (26 bytes).
    Removing stm32f3xx_hal_cortex.o(i.HAL_NVIC_SystemReset), (36 bytes).
    Removing stm32f3xx_hal_cortex.o(i.HAL_SYSTICK_Callback), (2 bytes).
    Removing stm32f3xx_hal_cortex.o(i.HAL_SYSTICK_IRQHandler), (8 bytes).
    Removing stm32f3xx_hal_flash.o(.rev16_text), (4 bytes).
    Removing stm32f3xx_hal_flash.o(.revsh_text), (4 bytes).
    Removing stm32f3xx_hal_flash.o(.rrx_text), (6 bytes).
    Removing stm32f3xx_hal_flash.o(i.FLASH_Program_HalfWord), (28 bytes).
    Removing stm32f3xx_hal_flash.o(i.FLASH_SetErrorCode), (52 bytes).
    Removing stm32f3xx_hal_flash.o(i.FLASH_WaitForLastOperation), (80 bytes).
    Removing stm32f3xx_hal_flash.o(i.HAL_FLASH_EndOfOperationCallback), (2 bytes).
    Removing stm32f3xx_hal_flash.o(i.HAL_FLASH_GetError), (12 bytes).
    Removing stm32f3xx_hal_flash.o(i.HAL_FLASH_IRQHandler), (264 bytes).
    Removing stm32f3xx_hal_flash.o(i.HAL_FLASH_Lock), (20 bytes).
    Removing stm32f3xx_hal_flash.o(i.HAL_FLASH_OB_Launch), (24 bytes).
    Removing stm32f3xx_hal_flash.o(i.HAL_FLASH_OB_Lock), (20 bytes).
    Removing stm32f3xx_hal_flash.o(i.HAL_FLASH_OB_Unlock), (36 bytes).
    Removing stm32f3xx_hal_flash.o(i.HAL_FLASH_OperationErrorCallback), (2 bytes).
    Removing stm32f3xx_hal_flash.o(i.HAL_FLASH_Program), (132 bytes).
    Removing stm32f3xx_hal_flash.o(i.HAL_FLASH_Program_IT), (96 bytes).
    Removing stm32f3xx_hal_flash.o(i.HAL_FLASH_Unlock), (40 bytes).
    Removing stm32f3xx_hal_flash.o(.bss), (32 bytes).
    Removing stm32f3xx_hal_flash_ex.o(.rev16_text), (4 bytes).
    Removing stm32f3xx_hal_flash_ex.o(.revsh_text), (4 bytes).
    Removing stm32f3xx_hal_flash_ex.o(.rrx_text), (6 bytes).
    Removing stm32f3xx_hal_flash_ex.o(i.FLASH_MassErase), (36 bytes).
    Removing stm32f3xx_hal_flash_ex.o(i.FLASH_OB_DisableWRP), (116 bytes).
    Removing stm32f3xx_hal_flash_ex.o(i.FLASH_OB_EnableWRP), (116 bytes).
    Removing stm32f3xx_hal_flash_ex.o(i.FLASH_OB_GetRDP), (32 bytes).
    Removing stm32f3xx_hal_flash_ex.o(i.FLASH_OB_RDP_LevelConfig), (100 bytes).
    Removing stm32f3xx_hal_flash_ex.o(i.FLASH_PageErase), (36 bytes).
    Removing stm32f3xx_hal_flash_ex.o(i.HAL_FLASHEx_Erase), (168 bytes).
    Removing stm32f3xx_hal_flash_ex.o(i.HAL_FLASHEx_Erase_IT), (84 bytes).
    Removing stm32f3xx_hal_flash_ex.o(i.HAL_FLASHEx_OBErase), (84 bytes).
    Removing stm32f3xx_hal_flash_ex.o(i.HAL_FLASHEx_OBGetConfig), (48 bytes).
    Removing stm32f3xx_hal_flash_ex.o(i.HAL_FLASHEx_OBGetUserData), (48 bytes).
    Removing stm32f3xx_hal_flash_ex.o(i.HAL_FLASHEx_OBProgram), (200 bytes).
    Removing stm32f3xx_hal_gpio.o(.rev16_text), (4 bytes).
    Removing stm32f3xx_hal_gpio.o(.revsh_text), (4 bytes).
    Removing stm32f3xx_hal_gpio.o(.rrx_text), (6 bytes).
    Removing stm32f3xx_hal_gpio.o(i.HAL_GPIO_DeInit), (248 bytes).
    Removing stm32f3xx_hal_gpio.o(i.HAL_GPIO_EXTI_Callback), (2 bytes).
    Removing stm32f3xx_hal_gpio.o(i.HAL_GPIO_EXTI_IRQHandler), (24 bytes).
    Removing stm32f3xx_hal_gpio.o(i.HAL_GPIO_LockPin), (34 bytes).
    Removing stm32f3xx_hal_gpio.o(i.HAL_GPIO_ReadPin), (10 bytes).
    Removing stm32f3xx_hal_gpio.o(i.HAL_GPIO_TogglePin), (12 bytes).
    Removing stm32f3xx_hal_pwr.o(.rev16_text), (4 bytes).
    Removing stm32f3xx_hal_pwr.o(.revsh_text), (4 bytes).
    Removing stm32f3xx_hal_pwr.o(.rrx_text), (6 bytes).
    Removing stm32f3xx_hal_pwr.o(i.HAL_PWR_DeInit), (24 bytes).
    Removing stm32f3xx_hal_pwr.o(i.HAL_PWR_DisableBkUpAccess), (16 bytes).
    Removing stm32f3xx_hal_pwr.o(i.HAL_PWR_DisableSEVOnPend), (16 bytes).
    Removing stm32f3xx_hal_pwr.o(i.HAL_PWR_DisableSleepOnExit), (16 bytes).
    Removing stm32f3xx_hal_pwr.o(i.HAL_PWR_DisableWakeUpPin), (16 bytes).
    Removing stm32f3xx_hal_pwr.o(i.HAL_PWR_EnableBkUpAccess), (16 bytes).
    Removing stm32f3xx_hal_pwr.o(i.HAL_PWR_EnableSEVOnPend), (16 bytes).
    Removing stm32f3xx_hal_pwr.o(i.HAL_PWR_EnableSleepOnExit), (16 bytes).
    Removing stm32f3xx_hal_pwr.o(i.HAL_PWR_EnableWakeUpPin), (16 bytes).
    Removing stm32f3xx_hal_pwr.o(i.HAL_PWR_EnterSLEEPMode), (32 bytes).
    Removing stm32f3xx_hal_pwr.o(i.HAL_PWR_EnterSTANDBYMode), (32 bytes).
    Removing stm32f3xx_hal_pwr.o(i.HAL_PWR_EnterSTOPMode), (56 bytes).
    Removing stm32f3xx_hal_rcc.o(.rev16_text), (4 bytes).
    Removing stm32f3xx_hal_rcc.o(.revsh_text), (4 bytes).
    Removing stm32f3xx_hal_rcc.o(.rrx_text), (6 bytes).
    Removing stm32f3xx_hal_rcc.o(i.HAL_RCC_CSSCallback), (2 bytes).
    Removing stm32f3xx_hal_rcc.o(i.HAL_RCC_DeInit), (224 bytes).
    Removing stm32f3xx_hal_rcc.o(i.HAL_RCC_DisableCSS), (28 bytes).
    Removing stm32f3xx_hal_rcc.o(i.HAL_RCC_EnableCSS), (24 bytes).
    Removing stm32f3xx_hal_rcc.o(i.HAL_RCC_GetClockConfig), (64 bytes).
    Removing stm32f3xx_hal_rcc.o(i.HAL_RCC_GetHCLKFreq), (12 bytes).
    Removing stm32f3xx_hal_rcc.o(i.HAL_RCC_GetOscConfig), (156 bytes).
    Removing stm32f3xx_hal_rcc.o(i.HAL_RCC_MCOConfig), (76 bytes).
    Removing stm32f3xx_hal_rcc.o(i.HAL_RCC_NMI_IRQHandler), (24 bytes).
    Removing stm32f3xx_hal_uart.o(.rev16_text), (4 bytes).
    Removing stm32f3xx_hal_uart.o(.revsh_text), (4 bytes).
    Removing stm32f3xx_hal_uart.o(.rrx_text), (6 bytes).
    Removing stm32f3xx_hal_uart.o(i.HAL_HalfDuplex_EnableReceiver), (56 bytes).
    Removing stm32f3xx_hal_uart.o(i.HAL_HalfDuplex_EnableTransmitter), (56 bytes).
    Removing stm32f3xx_hal_uart.o(i.HAL_HalfDuplex_Init), (112 bytes).
    Removing stm32f3xx_hal_uart.o(i.HAL_LIN_Init), (136 bytes).
    Removing stm32f3xx_hal_uart.o(i.HAL_LIN_SendBreak), (46 bytes).
    Removing stm32f3xx_hal_uart.o(i.HAL_MultiProcessor_DisableMuteMode), (40 bytes).
    Removing stm32f3xx_hal_uart.o(i.HAL_MultiProcessor_EnableMuteMode), (40 bytes).
    Removing stm32f3xx_hal_uart.o(i.HAL_MultiProcessor_EnterMuteMode), (12 bytes).
    Removing stm32f3xx_hal_uart.o(i.HAL_MultiProcessor_Init), (134 bytes).
    Removing stm32f3xx_hal_uart.o(i.HAL_UART_Abort), (154 bytes).
    Removing stm32f3xx_hal_uart.o(i.HAL_UART_AbortCpltCallback), (2 bytes).
    Removing stm32f3xx_hal_uart.o(i.HAL_UART_AbortReceive), (104 bytes).
    Removing stm32f3xx_hal_uart.o(i.HAL_UART_AbortReceiveCpltCallback), (2 bytes).
    Removing stm32f3xx_hal_uart.o(i.HAL_UART_AbortReceive_IT), (124 bytes).
    Removing stm32f3xx_hal_uart.o(i.HAL_UART_AbortTransmit), (78 bytes).
    Removing stm32f3xx_hal_uart.o(i.HAL_UART_AbortTransmitCpltCallback), (2 bytes).
    Removing stm32f3xx_hal_uart.o(i.HAL_UART_AbortTransmit_IT), (84 bytes).
    Removing stm32f3xx_hal_uart.o(i.HAL_UART_Abort_IT), (192 bytes).
    Removing stm32f3xx_hal_uart.o(i.HAL_UART_DMAPause), (96 bytes).
    Removing stm32f3xx_hal_uart.o(i.HAL_UART_DMAResume), (88 bytes).
    Removing stm32f3xx_hal_uart.o(i.HAL_UART_DMAStop), (114 bytes).
    Removing stm32f3xx_hal_uart.o(i.HAL_UART_DeInit), (58 bytes).
    Removing stm32f3xx_hal_uart.o(i.HAL_UART_DisableReceiverTimeout), (52 bytes).
    Removing stm32f3xx_hal_uart.o(i.HAL_UART_EnableReceiverTimeout), (52 bytes).
    Removing stm32f3xx_hal_uart.o(i.HAL_UART_ErrorCallback), (2 bytes).
    Removing stm32f3xx_hal_uart.o(i.HAL_UART_GetError), (4 bytes).
    Removing stm32f3xx_hal_uart.o(i.HAL_UART_GetState), (8 bytes).
    Removing stm32f3xx_hal_uart.o(i.HAL_UART_IRQHandler), (352 bytes).
    Removing stm32f3xx_hal_uart.o(i.HAL_UART_MspDeInit), (2 bytes).
    Removing stm32f3xx_hal_uart.o(i.HAL_UART_MspInit), (2 bytes).
    Removing stm32f3xx_hal_uart.o(i.HAL_UART_Receive), (232 bytes).
    Removing stm32f3xx_hal_uart.o(i.HAL_UART_Receive_DMA), (156 bytes).
    Removing stm32f3xx_hal_uart.o(i.HAL_UART_ReceiverTimeout_Config), (14 bytes).
    Removing stm32f3xx_hal_uart.o(i.HAL_UART_RxHalfCpltCallback), (2 bytes).
    Removing stm32f3xx_hal_uart.o(i.HAL_UART_Transmit), (180 bytes).
    Removing stm32f3xx_hal_uart.o(i.HAL_UART_Transmit_DMA), (144 bytes).
    Removing stm32f3xx_hal_uart.o(i.HAL_UART_Transmit_IT), (100 bytes).
    Removing stm32f3xx_hal_uart.o(i.HAL_UART_TxCpltCallback), (2 bytes).
    Removing stm32f3xx_hal_uart.o(i.HAL_UART_TxHalfCpltCallback), (2 bytes).
    Removing stm32f3xx_hal_uart.o(i.UART_DMAAbortOnError), (20 bytes).
    Removing stm32f3xx_hal_uart.o(i.UART_DMAError), (72 bytes).
    Removing stm32f3xx_hal_uart.o(i.UART_DMAReceiveCplt), (58 bytes).
    Removing stm32f3xx_hal_uart.o(i.UART_DMARxAbortCallback), (58 bytes).
    Removing stm32f3xx_hal_uart.o(i.UART_DMARxHalfCplt), (10 bytes).
    Removing stm32f3xx_hal_uart.o(i.UART_DMARxOnlyAbortCallback), (36 bytes).
    Removing stm32f3xx_hal_uart.o(i.UART_DMATransmitCplt), (46 bytes).
    Removing stm32f3xx_hal_uart.o(i.UART_DMATxAbortCallback), (48 bytes).
    Removing stm32f3xx_hal_uart.o(i.UART_DMATxHalfCplt), (10 bytes).
    Removing stm32f3xx_hal_uart.o(i.UART_DMATxOnlyAbortCallback), (20 bytes).
    Removing stm32f3xx_hal_uart.o(i.UART_EndRxTransfer), (30 bytes).
    Removing stm32f3xx_hal_uart.o(i.UART_EndTxTransfer), (16 bytes).
    Removing stm32f3xx_hal_uart.o(i.UART_TxISR_16BIT), (64 bytes).
    Removing stm32f3xx_hal_uart.o(i.UART_TxISR_8BIT), (60 bytes).
    Removing stm32f3xx_ll_usart.o(.rev16_text), (4 bytes).
    Removing stm32f3xx_ll_usart.o(.revsh_text), (4 bytes).
    Removing stm32f3xx_ll_usart.o(.rrx_text), (6 bytes).
    Removing stm32f3xx_ll_usart.o(i.LL_USART_ClockInit), (56 bytes).
    Removing stm32f3xx_ll_usart.o(i.LL_USART_ClockStructInit), (12 bytes).
    Removing stm32f3xx_ll_usart.o(i.LL_USART_DeInit), (96 bytes).
    Removing stm32f3xx_ll_usart.o(i.LL_USART_Init), (176 bytes).
    Removing stm32f3xx_ll_usart.o(i.LL_USART_StructInit), (24 bytes).
    Removing stm32f3xx_hal_dma.o(.rev16_text), (4 bytes).
    Removing stm32f3xx_hal_dma.o(.revsh_text), (4 bytes).
    Removing stm32f3xx_hal_dma.o(.rrx_text), (6 bytes).
    Removing stm32f3xx_hal_dma.o(i.DMA_CalcBaseAndBitshift), (32 bytes).
    Removing stm32f3xx_hal_dma.o(i.DMA_SetConfig), (42 bytes).
    Removing stm32f3xx_hal_dma.o(i.HAL_DMA_Abort), (70 bytes).
    Removing stm32f3xx_hal_dma.o(i.HAL_DMA_Abort_IT), (74 bytes).
    Removing stm32f3xx_hal_dma.o(i.HAL_DMA_DeInit), (78 bytes).
    Removing stm32f3xx_hal_dma.o(i.HAL_DMA_GetError), (4 bytes).
    Removing stm32f3xx_hal_dma.o(i.HAL_DMA_GetState), (6 bytes).
    Removing stm32f3xx_hal_dma.o(i.HAL_DMA_IRQHandler), (170 bytes).
    Removing stm32f3xx_hal_dma.o(i.HAL_DMA_Init), (78 bytes).
    Removing stm32f3xx_hal_dma.o(i.HAL_DMA_PollForTransfer), (196 bytes).
    Removing stm32f3xx_hal_dma.o(i.HAL_DMA_RegisterCallback), (74 bytes).
    Removing stm32f3xx_hal_dma.o(i.HAL_DMA_Start), (80 bytes).
    Removing stm32f3xx_hal_dma.o(i.HAL_DMA_Start_IT), (112 bytes).
    Removing stm32f3xx_hal_dma.o(i.HAL_DMA_UnRegisterCallback), (82 bytes).
    Removing stm32f3xx_hal_uart_ex.o(.rev16_text), (4 bytes).
    Removing stm32f3xx_hal_uart_ex.o(.revsh_text), (4 bytes).
    Removing stm32f3xx_hal_uart_ex.o(.rrx_text), (6 bytes).
    Removing stm32f3xx_hal_uart_ex.o(i.HAL_MultiProcessorEx_AddressLength_Set), (46 bytes).
    Removing stm32f3xx_hal_uart_ex.o(i.HAL_RS485Ex_Init), (136 bytes).
    Removing stm32f3xx_hal_uart_ex.o(i.HAL_UARTEx_DisableStopMode), (38 bytes).
    Removing stm32f3xx_hal_uart_ex.o(i.HAL_UARTEx_EnableStopMode), (38 bytes).
    Removing stm32f3xx_hal_uart_ex.o(i.HAL_UARTEx_StopModeWakeUpSourceConfig), (134 bytes).
    Removing stm32f3xx_hal_uart_ex.o(i.HAL_UARTEx_WakeupCallback), (2 bytes).
    Removing stm32f3xx_hal_rcc_ex.o(.rev16_text), (4 bytes).
    Removing stm32f3xx_hal_rcc_ex.o(.revsh_text), (4 bytes).
    Removing stm32f3xx_hal_rcc_ex.o(.rrx_text), (6 bytes).
    Removing stm32f3xx_hal_rcc_ex.o(i.HAL_RCCEx_GetPeriphCLKConfig), (148 bytes).
    Removing stm32f3xx_hal_rcc_ex.o(i.HAL_RCCEx_GetPeriphCLKFreq), (416 bytes).
    Removing stm32f3xx_hal_rcc_ex.o(i.RCC_GetPLLCLKFreq), (60 bytes).
    Removing stm32f3xx_hal_rcc_ex.o(.constdata), (32 bytes).
    Removing stm32f3xx_ll_rcc.o(.rev16_text), (4 bytes).
    Removing stm32f3xx_ll_rcc.o(.revsh_text), (4 bytes).
    Removing stm32f3xx_ll_rcc.o(.rrx_text), (6 bytes).
    Removing stm32f3xx_ll_rcc.o(i.LL_RCC_DeInit), (120 bytes).
    Removing stm32f3xx_ll_rcc.o(i.LL_RCC_GetADCClockFreq), (76 bytes).
    Removing stm32f3xx_ll_rcc.o(i.LL_RCC_GetI2CClockFreq), (108 bytes).
    Removing stm32f3xx_ll_rcc.o(i.LL_RCC_GetI2SClockFreq), (24 bytes).
    Removing stm32f3xx_ll_rcc.o(i.LL_RCC_GetSystemClocksFreq), (32 bytes).
    Removing stm32f3xx_ll_rcc.o(i.LL_RCC_GetTIMClockFreq), (98 bytes).
    Removing stm32f3xx_ll_rcc.o(i.LL_RCC_GetTIMClockSource), (24 bytes).
    Removing stm32f3xx_ll_rcc.o(i.LL_RCC_GetUSARTClockFreq), (84 bytes).
    Removing stm32f3xx_ll_rcc.o(i.LL_RCC_HSI_IsReady), (16 bytes).
    Removing stm32f3xx_ll_rcc.o(i.RCC_GetHCLKClockFreq), (28 bytes).
    Removing stm32f3xx_ll_rcc.o(i.RCC_GetPCLK1ClockFreq), (28 bytes).
    Removing stm32f3xx_ll_rcc.o(i.RCC_GetPCLK2ClockFreq), (28 bytes).
    Removing stm32f3xx_ll_rcc.o(i.RCC_GetSystemClockFreq), (36 bytes).
    Removing stm32f3xx_ll_rcc.o(i.RCC_PLL_GetFreqDomain_SYS), (68 bytes).
    Removing stm32f3xx_ll_rcc.o(.constdata), (32 bytes).
    Removing button.o(.rev16_text), (4 bytes).
    Removing button.o(.revsh_text), (4 bytes).
    Removing button.o(.rrx_text), (6 bytes).
    Removing iap.o(.rev16_text), (4 bytes).
    Removing iap.o(.revsh_text), (4 bytes).
    Removing iap.o(.rrx_text), (6 bytes).
    Removing iap.o(i.iap_load_app), (44 bytes).
    Removing iap.o(i.iap_write_appbin), (96 bytes).
    Removing iap.o(.bss), (2048 bytes).
    Removing iap.o(.data), (4 bytes).
    Removing led.o(.rev16_text), (4 bytes).
    Removing led.o(.revsh_text), (4 bytes).
    Removing led.o(.rrx_text), (6 bytes).
    Removing stmflash.o(.rev16_text), (4 bytes).
    Removing stmflash.o(.revsh_text), (4 bytes).
    Removing stmflash.o(.rrx_text), (6 bytes).
    Removing stmflash.o(i.STMFLASH_Read), (24 bytes).
    Removing stmflash.o(i.STMFLASH_ReadHalfWord), (4 bytes).
    Removing stmflash.o(i.STMFLASH_Write), (224 bytes).
    Removing stmflash.o(i.STMFLASH_Write_NoCheck), (42 bytes).
    Removing stmflash.o(i.Test_Write), (12 bytes).
    Removing stmflash.o(.bss), (2048 bytes).
    Removing usart.o(.rev16_text), (4 bytes).
    Removing usart.o(.revsh_text), (4 bytes).
    Removing usart.o(.rrx_text), (6 bytes).
    Removing usart.o(.data), (2 bytes).
    Removing sys.o(.rev16_text), (4 bytes).
    Removing sys.o(.revsh_text), (4 bytes).
    Removing sys.o(.rrx_text), (6 bytes).
    Removing sys.o(.emb_text), (16 bytes).
    Removing delay.o(.rev16_text), (4 bytes).
    Removing delay.o(.revsh_text), (4 bytes).
    Removing delay.o(.rrx_text), (6 bytes).

268 unused section(s) (total 15706 bytes) removed from the image.

==============================================================================

Image Symbol Table

    Local Symbols

    Symbol Name                              Value     Ov Type        Size  Object(Section)

    ../clib/angel/boardlib.s                 0x00000000   Number         0  boardinit1.o ABSOLUTE
    ../clib/angel/boardlib.s                 0x00000000   Number         0  boardshut.o ABSOLUTE
    ../clib/angel/boardlib.s                 0x00000000   Number         0  boardinit2.o ABSOLUTE
    ../clib/angel/boardlib.s                 0x00000000   Number         0  boardinit3.o ABSOLUTE
    ../clib/angel/handlers.s                 0x00000000   Number         0  __scatter_copy.o ABSOLUTE
    ../clib/angel/handlers.s                 0x00000000   Number         0  __scatter_zi.o ABSOLUTE
    ../clib/angel/kernel.s                   0x00000000   Number         0  __rtentry.o ABSOLUTE
    ../clib/angel/kernel.s                   0x00000000   Number         0  __rtentry4.o ABSOLUTE
    ../clib/angel/kernel.s                   0x00000000   Number         0  rtexit2.o ABSOLUTE
    ../clib/angel/kernel.s                   0x00000000   Number         0  __rtentry2.o ABSOLUTE
    ../clib/angel/kernel.s                   0x00000000   Number         0  rtexit.o ABSOLUTE
    ../clib/angel/rt.s                       0x00000000   Number         0  aeabi_ldiv0.o ABSOLUTE
    ../clib/angel/rt.s                       0x00000000   Number         0  aeabi_ldiv0_sigfpe.o ABSOLUTE
    ../clib/angel/rt.s                       0x00000000   Number         0  rt_raise.o ABSOLUTE
    ../clib/angel/rt.s                       0x00000000   Number         0  rt_div0.o ABSOLUTE
    ../clib/angel/scatter.s                  0x00000000   Number         0  __scatter.o ABSOLUTE
    ../clib/angel/startup.s                  0x00000000   Number         0  __main.o ABSOLUTE
    ../clib/angel/sys.s                      0x00000000   Number         0  libspace.o ABSOLUTE
    ../clib/angel/sys.s                      0x00000000   Number         0  indicate_semi.o ABSOLUTE
    ../clib/angel/sys.s                      0x00000000   Number         0  sys_stackheap_outer.o ABSOLUTE
    ../clib/angel/sys.s                      0x00000000   Number         0  use_no_semi.o ABSOLUTE
    ../clib/angel/sys.s                      0x00000000   Number         0  use_no_semi_2.o ABSOLUTE
    ../clib/angel/sysapp.c                   0x00000000   Number         0  sys_wrch.o ABSOLUTE
    ../clib/angel/sysapp.c                   0x00000000   Number         0  sys_command.o ABSOLUTE
    ../clib/armsys.c                         0x00000000   Number         0  argv_veneer.o ABSOLUTE
    ../clib/armsys.c                         0x00000000   Number         0  _get_argv_nomalloc.o ABSOLUTE
    ../clib/armsys.c                         0x00000000   Number         0  argv_veneer.o ABSOLUTE
    ../clib/armsys.c                         0x00000000   Number         0  no_argv.o ABSOLUTE
    ../clib/heapalloc.c                      0x00000000   Number         0  hrguard.o ABSOLUTE
    ../clib/heapaux.c                        0x00000000   Number         0  heapauxi.o ABSOLUTE
    ../clib/libinit.s                        0x00000000   Number         0  libinit2.o ABSOLUTE
    ../clib/libinit.s                        0x00000000   Number         0  libshutdown2.o ABSOLUTE
    ../clib/libinit.s                        0x00000000   Number         0  libshutdown.o ABSOLUTE
    ../clib/libinit.s                        0x00000000   Number         0  libinit.o ABSOLUTE
    ../clib/longlong.s                       0x00000000   Number         0  llushr.o ABSOLUTE
    ../clib/longlong.s                       0x00000000   Number         0  lludivv7m.o ABSOLUTE
    ../clib/memcpset.s                       0x00000000   Number         0  rt_memcpy_w.o ABSOLUTE
    ../clib/memcpset.s                       0x00000000   Number         0  rt_memclr_w.o ABSOLUTE
    ../clib/printf.c                         0x00000000   Number         0  __printf_nopercent.o ABSOLUTE
    ../clib/printf.c                         0x00000000   Number         0  noretval__2printf.o ABSOLUTE
    ../clib/printf.c                         0x00000000   Number         0  _printf_char_file.o ABSOLUTE
    ../clib/printf.c                         0x00000000   Number         0  __2printf.o ABSOLUTE
    ../clib/printf.c                         0x00000000   Number         0  _printf_char_common.o ABSOLUTE
    ../clib/signal.c                         0x00000000   Number         0  defsig_rtmem_inner.o ABSOLUTE
    ../clib/signal.c                         0x00000000   Number         0  defsig_fpe_inner.o ABSOLUTE
    ../clib/signal.c                         0x00000000   Number         0  defsig_exit.o ABSOLUTE
    ../clib/signal.c                         0x00000000   Number         0  defsig_fpe_formal.o ABSOLUTE
    ../clib/signal.c                         0x00000000   Number         0  defsig_fpe_outer.o ABSOLUTE
    ../clib/signal.c                         0x00000000   Number         0  defsig_other.o ABSOLUTE
    ../clib/signal.c                         0x00000000   Number         0  defsig_segv_inner.o ABSOLUTE
    ../clib/signal.c                         0x00000000   Number         0  defsig_cppl_inner.o ABSOLUTE
    ../clib/signal.c                         0x00000000   Number         0  defsig_pvfn_inner.o ABSOLUTE
    ../clib/signal.c                         0x00000000   Number         0  defsig_stak_inner.o ABSOLUTE
    ../clib/signal.c                         0x00000000   Number         0  defsig_rtmem_formal.o ABSOLUTE
    ../clib/signal.c                         0x00000000   Number         0  defsig_rtmem_outer.o ABSOLUTE
    ../clib/signal.c                         0x00000000   Number         0  defsig_rtred_inner.o ABSOLUTE
    ../clib/signal.c                         0x00000000   Number         0  defsig_abrt_inner.o ABSOLUTE
    ../clib/signal.c                         0x00000000   Number         0  defsig_general.o ABSOLUTE
    ../clib/signal.c                         0x00000000   Number         0  __raise.o ABSOLUTE
    ../clib/signal.s                         0x00000000   Number         0  defsig.o ABSOLUTE
    ../clib/stdio.c                          0x00000000   Number         0  ferror.o ABSOLUTE
    ../clib/stdio.c                          0x00000000   Number         0  ferror_locked.o ABSOLUTE
    ../clib/stdlib.c                         0x00000000   Number         0  exit.o ABSOLUTE
    ../fplib/fpinit.s                        0x00000000   Number         0  fpinit.o ABSOLUTE
    ..\SYSTEM\delay\delay.c                  0x00000000   Number         0  delay.o ABSOLUTE
    ..\SYSTEM\sys\sys.c                      0x00000000   Number         0  sys.o ABSOLUTE
    ..\SYSTEM\usart\usart.c                  0x00000000   Number         0  usart.o ABSOLUTE
    ..\\SYSTEM\\delay\\delay.c               0x00000000   Number         0  delay.o ABSOLUTE
    ..\\SYSTEM\\sys\\sys.c                   0x00000000   Number         0  sys.o ABSOLUTE
    ..\\SYSTEM\\usart\\usart.c               0x00000000   Number         0  usart.o ABSOLUTE
    ..\\app\\main.c                          0x00000000   Number         0  main.o ABSOLUTE
    ..\\app\\stm32f3xx_hal_msp.c             0x00000000   Number         0  stm32f3xx_hal_msp.o ABSOLUTE
    ..\\app\\stm32f3xx_it.c                  0x00000000   Number         0  stm32f3xx_it.o ABSOLUTE
    ..\\core\\system_stm32f3xx.c             0x00000000   Number         0  system_stm32f3xx.o ABSOLUTE
    ..\\hallib\\Src\\stm32f3xx_hal.c         0x00000000   Number         0  stm32f3xx_hal.o ABSOLUTE
    ..\\hallib\\Src\\stm32f3xx_hal_cortex.c  0x00000000   Number         0  stm32f3xx_hal_cortex.o ABSOLUTE
    ..\\hallib\\Src\\stm32f3xx_hal_dma.c     0x00000000   Number         0  stm32f3xx_hal_dma.o ABSOLUTE
    ..\\hallib\\Src\\stm32f3xx_hal_flash.c   0x00000000   Number         0  stm32f3xx_hal_flash.o ABSOLUTE
    ..\\hallib\\Src\\stm32f3xx_hal_flash_ex.c 0x00000000   Number         0  stm32f3xx_hal_flash_ex.o ABSOLUTE
    ..\\hallib\\Src\\stm32f3xx_hal_gpio.c    0x00000000   Number         0  stm32f3xx_hal_gpio.o ABSOLUTE
    ..\\hallib\\Src\\stm32f3xx_hal_pwr.c     0x00000000   Number         0  stm32f3xx_hal_pwr.o ABSOLUTE
    ..\\hallib\\Src\\stm32f3xx_hal_rcc.c     0x00000000   Number         0  stm32f3xx_hal_rcc.o ABSOLUTE
    ..\\hallib\\Src\\stm32f3xx_hal_rcc_ex.c  0x00000000   Number         0  stm32f3xx_hal_rcc_ex.o ABSOLUTE
    ..\\hallib\\Src\\stm32f3xx_hal_uart.c    0x00000000   Number         0  stm32f3xx_hal_uart.o ABSOLUTE
    ..\\hallib\\Src\\stm32f3xx_hal_uart_ex.c 0x00000000   Number         0  stm32f3xx_hal_uart_ex.o ABSOLUTE
    ..\\hallib\\Src\\stm32f3xx_ll_rcc.c      0x00000000   Number         0  stm32f3xx_ll_rcc.o ABSOLUTE
    ..\\hallib\\Src\\stm32f3xx_ll_usart.c    0x00000000   Number         0  stm32f3xx_ll_usart.o ABSOLUTE
    ..\\hardware\\button\\button.c           0x00000000   Number         0  button.o ABSOLUTE
    ..\\hardware\\iap\\iap.c                 0x00000000   Number         0  iap.o ABSOLUTE
    ..\\hardware\\led\\led.c                 0x00000000   Number         0  led.o ABSOLUTE
    ..\\hardware\\stmflash\\stmflash.c       0x00000000   Number         0  stmflash.o ABSOLUTE
    ..\app\main.c                            0x00000000   Number         0  main.o ABSOLUTE
    ..\app\stm32f3xx_hal_msp.c               0x00000000   Number         0  stm32f3xx_hal_msp.o ABSOLUTE
    ..\app\stm32f3xx_it.c                    0x00000000   Number         0  stm32f3xx_it.o ABSOLUTE
    ..\core\arm\startup_stm32f301x8.s        0x00000000   Number         0  startup_stm32f301x8.o ABSOLUTE
    ..\core\system_stm32f3xx.c               0x00000000   Number         0  system_stm32f3xx.o ABSOLUTE
    ..\hallib\Src\stm32f3xx_hal.c            0x00000000   Number         0  stm32f3xx_hal.o ABSOLUTE
    ..\hallib\Src\stm32f3xx_hal_cortex.c     0x00000000   Number         0  stm32f3xx_hal_cortex.o ABSOLUTE
    ..\hallib\Src\stm32f3xx_hal_dma.c        0x00000000   Number         0  stm32f3xx_hal_dma.o ABSOLUTE
    ..\hallib\Src\stm32f3xx_hal_flash.c      0x00000000   Number         0  stm32f3xx_hal_flash.o ABSOLUTE
    ..\hallib\Src\stm32f3xx_hal_flash_ex.c   0x00000000   Number         0  stm32f3xx_hal_flash_ex.o ABSOLUTE
    ..\hallib\Src\stm32f3xx_hal_gpio.c       0x00000000   Number         0  stm32f3xx_hal_gpio.o ABSOLUTE
    ..\hallib\Src\stm32f3xx_hal_pwr.c        0x00000000   Number         0  stm32f3xx_hal_pwr.o ABSOLUTE
    ..\hallib\Src\stm32f3xx_hal_rcc.c        0x00000000   Number         0  stm32f3xx_hal_rcc.o ABSOLUTE
    ..\hallib\Src\stm32f3xx_hal_rcc_ex.c     0x00000000   Number         0  stm32f3xx_hal_rcc_ex.o ABSOLUTE
    ..\hallib\Src\stm32f3xx_hal_uart.c       0x00000000   Number         0  stm32f3xx_hal_uart.o ABSOLUTE
    ..\hallib\Src\stm32f3xx_hal_uart_ex.c    0x00000000   Number         0  stm32f3xx_hal_uart_ex.o ABSOLUTE
    ..\hallib\Src\stm32f3xx_ll_rcc.c         0x00000000   Number         0  stm32f3xx_ll_rcc.o ABSOLUTE
    ..\hallib\Src\stm32f3xx_ll_usart.c       0x00000000   Number         0  stm32f3xx_ll_usart.o ABSOLUTE
    ..\hardware\button\button.c              0x00000000   Number         0  button.o ABSOLUTE
    ..\hardware\iap\iap.c                    0x00000000   Number         0  iap.o ABSOLUTE
    ..\hardware\led\led.c                    0x00000000   Number         0  led.o ABSOLUTE
    ..\hardware\stmflash\stmflash.c          0x00000000   Number         0  stmflash.o ABSOLUTE
    dc.s                                     0x00000000   Number         0  dc.o ABSOLUTE
    RESET                                    0x08003000   Section      392  startup_stm32f301x8.o(RESET)
    !!!main                                  0x08003188   Section        8  __main.o(!!!main)
    !!!scatter                               0x08003190   Section       52  __scatter.o(!!!scatter)
    !!handler_copy                           0x080031c4   Section       26  __scatter_copy.o(!!handler_copy)
    !!handler_zi                             0x080031e0   Section       28  __scatter_zi.o(!!handler_zi)
    .ARM.Collect$$libinit$$00000000          0x080031fc   Section        2  libinit.o(.ARM.Collect$$libinit$$00000000)
    .ARM.Collect$$libinit$$00000001          0x080031fe   Section        4  libinit2.o(.ARM.Collect$$libinit$$00000001)
    .ARM.Collect$$libinit$$00000004          0x08003202   Section        0  libinit2.o(.ARM.Collect$$libinit$$00000004)
    .ARM.Collect$$libinit$$0000000A          0x08003202   Section        0  libinit2.o(.ARM.Collect$$libinit$$0000000A)
    .ARM.Collect$$libinit$$0000000C          0x08003202   Section        0  libinit2.o(.ARM.Collect$$libinit$$0000000C)
    .ARM.Collect$$libinit$$0000000E          0x08003202   Section        0  libinit2.o(.ARM.Collect$$libinit$$0000000E)
    .ARM.Collect$$libinit$$00000011          0x08003202   Section        0  libinit2.o(.ARM.Collect$$libinit$$00000011)
    .ARM.Collect$$libinit$$00000013          0x08003202   Section        0  libinit2.o(.ARM.Collect$$libinit$$00000013)
    .ARM.Collect$$libinit$$00000015          0x08003202   Section        0  libinit2.o(.ARM.Collect$$libinit$$00000015)
    .ARM.Collect$$libinit$$00000017          0x08003202   Section        0  libinit2.o(.ARM.Collect$$libinit$$00000017)
    .ARM.Collect$$libinit$$00000019          0x08003202   Section        0  libinit2.o(.ARM.Collect$$libinit$$00000019)
    .ARM.Collect$$libinit$$0000001B          0x08003202   Section        0  libinit2.o(.ARM.Collect$$libinit$$0000001B)
    .ARM.Collect$$libinit$$0000001D          0x08003202   Section        0  libinit2.o(.ARM.Collect$$libinit$$0000001D)
    .ARM.Collect$$libinit$$0000001F          0x08003202   Section        0  libinit2.o(.ARM.Collect$$libinit$$0000001F)
    .ARM.Collect$$libinit$$00000021          0x08003202   Section        0  libinit2.o(.ARM.Collect$$libinit$$00000021)
    .ARM.Collect$$libinit$$00000023          0x08003202   Section        0  libinit2.o(.ARM.Collect$$libinit$$00000023)
    .ARM.Collect$$libinit$$00000025          0x08003202   Section        0  libinit2.o(.ARM.Collect$$libinit$$00000025)
    .ARM.Collect$$libinit$$0000002C          0x08003202   Section        0  libinit2.o(.ARM.Collect$$libinit$$0000002C)
    .ARM.Collect$$libinit$$0000002E          0x08003202   Section        0  libinit2.o(.ARM.Collect$$libinit$$0000002E)
    .ARM.Collect$$libinit$$00000030          0x08003202   Section        0  libinit2.o(.ARM.Collect$$libinit$$00000030)
    .ARM.Collect$$libinit$$00000032          0x08003202   Section        0  libinit2.o(.ARM.Collect$$libinit$$00000032)
    .ARM.Collect$$libinit$$00000033          0x08003202   Section        2  libinit2.o(.ARM.Collect$$libinit$$00000033)
    .ARM.Collect$$libshutdown$$00000000      0x08003204   Section        2  libshutdown.o(.ARM.Collect$$libshutdown$$00000000)
    .ARM.Collect$$libshutdown$$00000002      0x08003206   Section        0  libshutdown2.o(.ARM.Collect$$libshutdown$$00000002)
    .ARM.Collect$$libshutdown$$00000004      0x08003206   Section        0  libshutdown2.o(.ARM.Collect$$libshutdown$$00000004)
    .ARM.Collect$$libshutdown$$00000007      0x08003206   Section        0  libshutdown2.o(.ARM.Collect$$libshutdown$$00000007)
    .ARM.Collect$$libshutdown$$0000000A      0x08003206   Section        0  libshutdown2.o(.ARM.Collect$$libshutdown$$0000000A)
    .ARM.Collect$$libshutdown$$0000000C      0x08003206   Section        0  libshutdown2.o(.ARM.Collect$$libshutdown$$0000000C)
    .ARM.Collect$$libshutdown$$0000000F      0x08003206   Section        0  libshutdown2.o(.ARM.Collect$$libshutdown$$0000000F)
    .ARM.Collect$$libshutdown$$00000010      0x08003206   Section        2  libshutdown2.o(.ARM.Collect$$libshutdown$$00000010)
    .ARM.Collect$$rtentry$$00000000          0x08003208   Section        0  __rtentry.o(.ARM.Collect$$rtentry$$00000000)
    .ARM.Collect$$rtentry$$00000002          0x08003208   Section        0  __rtentry2.o(.ARM.Collect$$rtentry$$00000002)
    .ARM.Collect$$rtentry$$00000004          0x08003208   Section        6  __rtentry4.o(.ARM.Collect$$rtentry$$00000004)
    .ARM.Collect$$rtentry$$00000009          0x0800320e   Section        0  __rtentry2.o(.ARM.Collect$$rtentry$$00000009)
    .ARM.Collect$$rtentry$$0000000A          0x0800320e   Section        4  __rtentry2.o(.ARM.Collect$$rtentry$$0000000A)
    .ARM.Collect$$rtentry$$0000000C          0x08003212   Section        0  __rtentry2.o(.ARM.Collect$$rtentry$$0000000C)
    .ARM.Collect$$rtentry$$0000000D          0x08003212   Section        8  __rtentry2.o(.ARM.Collect$$rtentry$$0000000D)
    .ARM.Collect$$rtexit$$00000000           0x0800321a   Section        2  rtexit.o(.ARM.Collect$$rtexit$$00000000)
    .ARM.Collect$$rtexit$$00000002           0x0800321c   Section        0  rtexit2.o(.ARM.Collect$$rtexit$$00000002)
    .ARM.Collect$$rtexit$$00000003           0x0800321c   Section        4  rtexit2.o(.ARM.Collect$$rtexit$$00000003)
    .ARM.Collect$$rtexit$$00000004           0x08003220   Section        6  rtexit2.o(.ARM.Collect$$rtexit$$00000004)
    .text                                    0x08003228   Section       64  startup_stm32f301x8.o(.text)
    $v0                                      0x08003228   Number         0  startup_stm32f301x8.o(.text)
    .text                                    0x08003268   Section        2  use_no_semi_2.o(.text)
    .text                                    0x0800326a   Section      238  lludivv7m.o(.text)
    .text                                    0x08003358   Section        0  noretval__2printf.o(.text)
    .text                                    0x08003370   Section       78  rt_memclr_w.o(.text)
    .text                                    0x080033be   Section        0  heapauxi.o(.text)
    .text                                    0x080033c4   Section        2  use_no_semi.o(.text)
    .text                                    0x080033c8   Section        0  _printf_char_file.o(.text)
    .text                                    0x080033ec   Section        0  _printf_char_common.o(.text)
    _printf_input_char                       0x080033ed   Thumb Code    10  _printf_char_common.o(.text)
    .text                                    0x0800341c   Section        0  ferror.o(.text)
    .text                                    0x08003424   Section       74  sys_stackheap_outer.o(.text)
    .text                                    0x0800346e   Section        0  __printf_nopercent.o(.text)
    .text                                    0x08003496   Section        0  exit.o(.text)
    .text                                    0x080034a8   Section        8  libspace.o(.text)
    i.BusFault_Handler                       0x080034b0   Section        0  stm32f3xx_it.o(i.BusFault_Handler)
    i.DebugMon_Handler                       0x080034b2   Section        0  stm32f3xx_it.o(i.DebugMon_Handler)
    i.HAL_GPIO_Init                          0x080034b4   Section        0  stm32f3xx_hal_gpio.o(i.HAL_GPIO_Init)
    i.HAL_GPIO_WritePin                      0x08003634   Section        0  stm32f3xx_hal_gpio.o(i.HAL_GPIO_WritePin)
    i.HAL_GetTick                            0x08003640   Section        0  stm32f3xx_hal.o(i.HAL_GetTick)
    i.HAL_IncTick                            0x0800364c   Section        0  stm32f3xx_hal.o(i.HAL_IncTick)
    i.HAL_Init                               0x0800365c   Section        0  stm32f3xx_hal.o(i.HAL_Init)
    i.HAL_InitTick                           0x08003680   Section        0  stm32f3xx_hal.o(i.HAL_InitTick)
    i.HAL_MspInit                            0x080036c0   Section        0  stm32f3xx_hal_msp.o(i.HAL_MspInit)
    i.HAL_NVIC_EnableIRQ                     0x080036ec   Section        0  stm32f3xx_hal_cortex.o(i.HAL_NVIC_EnableIRQ)
    i.HAL_NVIC_SetPriority                   0x08003708   Section        0  stm32f3xx_hal_cortex.o(i.HAL_NVIC_SetPriority)
    i.HAL_NVIC_SetPriorityGrouping           0x08003748   Section        0  stm32f3xx_hal_cortex.o(i.HAL_NVIC_SetPriorityGrouping)
    i.HAL_RCCEx_PeriphCLKConfig              0x0800376c   Section        0  stm32f3xx_hal_rcc_ex.o(i.HAL_RCCEx_PeriphCLKConfig)
    i.HAL_RCC_ClockConfig                    0x0800394c   Section        0  stm32f3xx_hal_rcc.o(i.HAL_RCC_ClockConfig)
    i.HAL_RCC_GetPCLK1Freq                   0x08003a9c   Section        0  stm32f3xx_hal_rcc.o(i.HAL_RCC_GetPCLK1Freq)
    i.HAL_RCC_GetPCLK2Freq                   0x08003acc   Section        0  stm32f3xx_hal_rcc.o(i.HAL_RCC_GetPCLK2Freq)
    i.HAL_RCC_GetSysClockFreq                0x08003afc   Section        0  stm32f3xx_hal_rcc.o(i.HAL_RCC_GetSysClockFreq)
    i.HAL_RCC_OscConfig                      0x08003b68   Section        0  stm32f3xx_hal_rcc.o(i.HAL_RCC_OscConfig)
    i.HAL_SYSTICK_CLKSourceConfig            0x08004112   Section        0  stm32f3xx_hal_cortex.o(i.HAL_SYSTICK_CLKSourceConfig)
    i.HAL_SYSTICK_Config                     0x0800412a   Section        0  stm32f3xx_hal_cortex.o(i.HAL_SYSTICK_Config)
    i.HAL_UART_Init                          0x08004152   Section        0  stm32f3xx_hal_uart.o(i.HAL_UART_Init)
    i.HAL_UART_MspInit                       0x080041b8   Section        0  usart.o(i.HAL_UART_MspInit)
    i.HAL_UART_Receive_IT                    0x08004224   Section        0  stm32f3xx_hal_uart.o(i.HAL_UART_Receive_IT)
    i.HAL_UART_RxCpltCallback                0x080042d0   Section        0  stm32f3xx_hal_uart.o(i.HAL_UART_RxCpltCallback)
    i.HardFault_Handler                      0x080042d2   Section        0  stm32f3xx_it.o(i.HardFault_Handler)
    i.MemManage_Handler                      0x080042d4   Section        0  stm32f3xx_it.o(i.MemManage_Handler)
    i.NMI_Handler                            0x080042d6   Section        0  stm32f3xx_it.o(i.NMI_Handler)
    i.PendSV_Handler                         0x080042d8   Section        0  stm32f3xx_it.o(i.PendSV_Handler)
    i.SVC_Handler                            0x080042da   Section        0  stm32f3xx_it.o(i.SVC_Handler)
    i.Stm32_Clock_Init                       0x080042dc   Section        0  sys.o(i.Stm32_Clock_Init)
    i.SysTick_Handler                        0x0800433c   Section        0  stm32f3xx_it.o(i.SysTick_Handler)
    i.SystemInit                             0x08004340   Section        0  system_stm32f3xx.o(i.SystemInit)
    i.UART_AdvFeatureConfig                  0x0800435c   Section        0  stm32f3xx_hal_uart.o(i.UART_AdvFeatureConfig)
    i.UART_CheckIdleState                    0x08004424   Section        0  stm32f3xx_hal_uart.o(i.UART_CheckIdleState)
    i.UART_RxISR_16BIT                       0x0800447c   Section        0  stm32f3xx_hal_uart.o(i.UART_RxISR_16BIT)
    UART_RxISR_16BIT                         0x0800447d   Thumb Code    90  stm32f3xx_hal_uart.o(i.UART_RxISR_16BIT)
    i.UART_RxISR_8BIT                        0x080044d6   Section        0  stm32f3xx_hal_uart.o(i.UART_RxISR_8BIT)
    UART_RxISR_8BIT                          0x080044d7   Thumb Code    90  stm32f3xx_hal_uart.o(i.UART_RxISR_8BIT)
    i.UART_SetConfig                         0x08004530   Section        0  stm32f3xx_hal_uart.o(i.UART_SetConfig)
    i.UART_WaitOnFlagUntilTimeout            0x08004690   Section        0  stm32f3xx_hal_uart.o(i.UART_WaitOnFlagUntilTimeout)
    i.USART1_IRQHandler                      0x08004730   Section        0  usart.o(i.USART1_IRQHandler)
    i.UsageFault_Handler                     0x08004760   Section        0  stm32f3xx_it.o(i.UsageFault_Handler)
    i.__NVIC_SetPriority                     0x08004762   Section        0  stm32f3xx_hal_cortex.o(i.__NVIC_SetPriority)
    __NVIC_SetPriority                       0x08004763   Thumb Code    32  stm32f3xx_hal_cortex.o(i.__NVIC_SetPriority)
    i._sys_exit                              0x08004782   Section        0  usart.o(i._sys_exit)
    i.button_init                            0x08004784   Section        0  button.o(i.button_init)
    i.delay_init                             0x080047cc   Section        0  delay.o(i.delay_init)
    i.delay_ms                               0x080047e0   Section        0  delay.o(i.delay_ms)
    i.delay_us                               0x080047fc   Section        0  delay.o(i.delay_us)
    i.fputc                                  0x08004830   Section        0  usart.o(i.fputc)
    i.led_init                               0x08004848   Section        0  led.o(i.led_init)
    i.main                                   0x08004890   Section        0  main.o(i.main)
    i.uart_init                              0x080048e8   Section        0  usart.o(i.uart_init)
    x$fpl$fpinit                             0x08004920   Section       10  fpinit.o(x$fpl$fpinit)
    $v0                                      0x08004920   Number         0  fpinit.o(x$fpl$fpinit)
    .constdata                               0x0800492a   Section       16  system_stm32f3xx.o(.constdata)
    .constdata                               0x0800493a   Section        8  system_stm32f3xx.o(.constdata)
    .constdata                               0x08004942   Section       32  stm32f3xx_hal_rcc.o(.constdata)
    .data                                    0x20000000   Section        4  system_stm32f3xx.o(.data)
    .data                                    0x20000004   Section       12  stm32f3xx_hal.o(.data)
    .data                                    0x20000010   Section        8  usart.o(.data)
    .data                                    0x20000018   Section        4  usart.o(.data)
    .data                                    0x2000001c   Section        4  delay.o(.data)
    fac_us                                   0x2000001c   Data           4  delay.o(.data)
    .bss                                     0x20000020   Section      128  usart.o(.bss)
    .bss                                     0x200000a0   Section       96  libspace.o(.bss)
    HEAP                                     0x20000100   Section      512  startup_stm32f301x8.o(HEAP)
    Heap_Mem                                 0x20000100   Data         512  startup_stm32f301x8.o(HEAP)
    STACK                                    0x20000300   Section     1024  startup_stm32f301x8.o(STACK)
    Stack_Mem                                0x20000300   Data        1024  startup_stm32f301x8.o(STACK)
    __initial_sp                             0x20000700   Data           0  startup_stm32f301x8.o(STACK)
    .ARM.__AT_0x20001000                     0x20001000   Section     8192  usart.o(.ARM.__AT_0x20001000)

    Global Symbols

    Symbol Name                              Value     Ov Type        Size  Object(Section)

    BuildAttributes$$THM_ISAv4$E$P$D$K$B$S$7EM$VFPi3$EXTD16$VFPS$VFMA$PE$A:L22UL41UL21$X:L11$S22US41US21$IEEE1$IW$USESV6$~STKCKD$USESV7$~SHL$OSPACE$ROPI$EBA8$UX$STANDARDLIB$REQ8$PRES8$EABIv2 0x00000000   Number         0  anon$$obj.o ABSOLUTE
    __ARM_use_no_argv                        0x00000000   Number         0  main.o ABSOLUTE
    __ARM_exceptions_init                     - Undefined Weak Reference
    __alloca_initialize                       - Undefined Weak Reference
    __arm_preinit_                            - Undefined Weak Reference
    __cpp_initialize__aeabi_                  - Undefined Weak Reference
    __cxa_finalize                            - Undefined Weak Reference
    __rt_locale                               - Undefined Weak Reference
    __sigvec_lookup                           - Undefined Weak Reference
    _atexit_init                              - Undefined Weak Reference
    _call_atexit_fns                          - Undefined Weak Reference
    _clock_init                               - Undefined Weak Reference
    _fp_trap_init                             - Undefined Weak Reference
    _fp_trap_shutdown                         - Undefined Weak Reference
    _get_lc_collate                           - Undefined Weak Reference
    _get_lc_ctype                             - Undefined Weak Reference
    _get_lc_monetary                          - Undefined Weak Reference
    _get_lc_numeric                           - Undefined Weak Reference
    _get_lc_time                              - Undefined Weak Reference
    _getenv_init                              - Undefined Weak Reference
    _handle_redirection                       - Undefined Weak Reference
    _init_alloc                               - Undefined Weak Reference
    _init_user_alloc                          - Undefined Weak Reference
    _initio                                   - Undefined Weak Reference
    _mutex_acquire                            - Undefined Weak Reference
    _mutex_release                            - Undefined Weak Reference
    _rand_init                                - Undefined Weak Reference
    _signal_finish                            - Undefined Weak Reference
    _signal_init                              - Undefined Weak Reference
    _terminate_alloc                          - Undefined Weak Reference
    _terminate_user_alloc                     - Undefined Weak Reference
    _terminateio                              - Undefined Weak Reference
    __Vectors_Size                           0x00000188   Number         0  startup_stm32f301x8.o ABSOLUTE
    __Vectors                                0x08003000   Data           4  startup_stm32f301x8.o(RESET)
    __Vectors_End                            0x08003188   Data           0  startup_stm32f301x8.o(RESET)
    __main                                   0x08003189   Thumb Code     8  __main.o(!!!main)
    __scatterload                            0x08003191   Thumb Code     0  __scatter.o(!!!scatter)
    __scatterload_rt2                        0x08003191   Thumb Code    44  __scatter.o(!!!scatter)
    __scatterload_rt2_thumb_only             0x08003191   Thumb Code     0  __scatter.o(!!!scatter)
    __scatterload_null                       0x0800319f   Thumb Code     0  __scatter.o(!!!scatter)
    __scatterload_copy                       0x080031c5   Thumb Code    26  __scatter_copy.o(!!handler_copy)
    __scatterload_zeroinit                   0x080031e1   Thumb Code    28  __scatter_zi.o(!!handler_zi)
    __rt_lib_init                            0x080031fd   Thumb Code     0  libinit.o(.ARM.Collect$$libinit$$00000000)
    __rt_lib_init_fp_1                       0x080031ff   Thumb Code     0  libinit2.o(.ARM.Collect$$libinit$$00000001)
    __rt_lib_init_alloca_1                   0x08003203   Thumb Code     0  libinit2.o(.ARM.Collect$$libinit$$0000002E)
    __rt_lib_init_argv_1                     0x08003203   Thumb Code     0  libinit2.o(.ARM.Collect$$libinit$$0000002C)
    __rt_lib_init_atexit_1                   0x08003203   Thumb Code     0  libinit2.o(.ARM.Collect$$libinit$$0000001B)
    __rt_lib_init_clock_1                    0x08003203   Thumb Code     0  libinit2.o(.ARM.Collect$$libinit$$00000021)
    __rt_lib_init_cpp_1                      0x08003203   Thumb Code     0  libinit2.o(.ARM.Collect$$libinit$$00000032)
    __rt_lib_init_exceptions_1               0x08003203   Thumb Code     0  libinit2.o(.ARM.Collect$$libinit$$00000030)
    __rt_lib_init_fp_trap_1                  0x08003203   Thumb Code     0  libinit2.o(.ARM.Collect$$libinit$$0000001F)
    __rt_lib_init_getenv_1                   0x08003203   Thumb Code     0  libinit2.o(.ARM.Collect$$libinit$$00000023)
    __rt_lib_init_heap_1                     0x08003203   Thumb Code     0  libinit2.o(.ARM.Collect$$libinit$$0000000A)
    __rt_lib_init_lc_collate_1               0x08003203   Thumb Code     0  libinit2.o(.ARM.Collect$$libinit$$00000011)
    __rt_lib_init_lc_ctype_1                 0x08003203   Thumb Code     0  libinit2.o(.ARM.Collect$$libinit$$00000013)
    __rt_lib_init_lc_monetary_1              0x08003203   Thumb Code     0  libinit2.o(.ARM.Collect$$libinit$$00000015)
    __rt_lib_init_lc_numeric_1               0x08003203   Thumb Code     0  libinit2.o(.ARM.Collect$$libinit$$00000017)
    __rt_lib_init_lc_time_1                  0x08003203   Thumb Code     0  libinit2.o(.ARM.Collect$$libinit$$00000019)
    __rt_lib_init_preinit_1                  0x08003203   Thumb Code     0  libinit2.o(.ARM.Collect$$libinit$$00000004)
    __rt_lib_init_rand_1                     0x08003203   Thumb Code     0  libinit2.o(.ARM.Collect$$libinit$$0000000E)
    __rt_lib_init_return                     0x08003203   Thumb Code     0  libinit2.o(.ARM.Collect$$libinit$$00000033)
    __rt_lib_init_signal_1                   0x08003203   Thumb Code     0  libinit2.o(.ARM.Collect$$libinit$$0000001D)
    __rt_lib_init_stdio_1                    0x08003203   Thumb Code     0  libinit2.o(.ARM.Collect$$libinit$$00000025)
    __rt_lib_init_user_alloc_1               0x08003203   Thumb Code     0  libinit2.o(.ARM.Collect$$libinit$$0000000C)
    __rt_lib_shutdown                        0x08003205   Thumb Code     0  libshutdown.o(.ARM.Collect$$libshutdown$$00000000)
    __rt_lib_shutdown_cpp_1                  0x08003207   Thumb Code     0  libshutdown2.o(.ARM.Collect$$libshutdown$$00000002)
    __rt_lib_shutdown_fp_trap_1              0x08003207   Thumb Code     0  libshutdown2.o(.ARM.Collect$$libshutdown$$00000007)
    __rt_lib_shutdown_heap_1                 0x08003207   Thumb Code     0  libshutdown2.o(.ARM.Collect$$libshutdown$$0000000F)
    __rt_lib_shutdown_return                 0x08003207   Thumb Code     0  libshutdown2.o(.ARM.Collect$$libshutdown$$00000010)
    __rt_lib_shutdown_signal_1               0x08003207   Thumb Code     0  libshutdown2.o(.ARM.Collect$$libshutdown$$0000000A)
    __rt_lib_shutdown_stdio_1                0x08003207   Thumb Code     0  libshutdown2.o(.ARM.Collect$$libshutdown$$00000004)
    __rt_lib_shutdown_user_alloc_1           0x08003207   Thumb Code     0  libshutdown2.o(.ARM.Collect$$libshutdown$$0000000C)
    __rt_entry                               0x08003209   Thumb Code     0  __rtentry.o(.ARM.Collect$$rtentry$$00000000)
    __rt_entry_presh_1                       0x08003209   Thumb Code     0  __rtentry2.o(.ARM.Collect$$rtentry$$00000002)
    __rt_entry_sh                            0x08003209   Thumb Code     0  __rtentry4.o(.ARM.Collect$$rtentry$$00000004)
    __rt_entry_li                            0x0800320f   Thumb Code     0  __rtentry2.o(.ARM.Collect$$rtentry$$0000000A)
    __rt_entry_postsh_1                      0x0800320f   Thumb Code     0  __rtentry2.o(.ARM.Collect$$rtentry$$00000009)
    __rt_entry_main                          0x08003213   Thumb Code     0  __rtentry2.o(.ARM.Collect$$rtentry$$0000000D)
    __rt_entry_postli_1                      0x08003213   Thumb Code     0  __rtentry2.o(.ARM.Collect$$rtentry$$0000000C)
    __rt_exit                                0x0800321b   Thumb Code     0  rtexit.o(.ARM.Collect$$rtexit$$00000000)
    __rt_exit_ls                             0x0800321d   Thumb Code     0  rtexit2.o(.ARM.Collect$$rtexit$$00000003)
    __rt_exit_prels_1                        0x0800321d   Thumb Code     0  rtexit2.o(.ARM.Collect$$rtexit$$00000002)
    __rt_exit_exit                           0x08003221   Thumb Code     0  rtexit2.o(.ARM.Collect$$rtexit$$00000004)
    Reset_Handler                            0x08003229   Thumb Code     8  startup_stm32f301x8.o(.text)
    ADC1_IRQHandler                          0x08003243   Thumb Code     0  startup_stm32f301x8.o(.text)
    COMP2_IRQHandler                         0x08003243   Thumb Code     0  startup_stm32f301x8.o(.text)
    COMP4_6_IRQHandler                       0x08003243   Thumb Code     0  startup_stm32f301x8.o(.text)
    DMA1_Channel1_IRQHandler                 0x08003243   Thumb Code     0  startup_stm32f301x8.o(.text)
    DMA1_Channel2_IRQHandler                 0x08003243   Thumb Code     0  startup_stm32f301x8.o(.text)
    DMA1_Channel3_IRQHandler                 0x08003243   Thumb Code     0  startup_stm32f301x8.o(.text)
    DMA1_Channel4_IRQHandler                 0x08003243   Thumb Code     0  startup_stm32f301x8.o(.text)
    DMA1_Channel5_IRQHandler                 0x08003243   Thumb Code     0  startup_stm32f301x8.o(.text)
    DMA1_Channel6_IRQHandler                 0x08003243   Thumb Code     0  startup_stm32f301x8.o(.text)
    DMA1_Channel7_IRQHandler                 0x08003243   Thumb Code     0  startup_stm32f301x8.o(.text)
    EXTI0_IRQHandler                         0x08003243   Thumb Code     0  startup_stm32f301x8.o(.text)
    EXTI15_10_IRQHandler                     0x08003243   Thumb Code     0  startup_stm32f301x8.o(.text)
    EXTI1_IRQHandler                         0x08003243   Thumb Code     0  startup_stm32f301x8.o(.text)
    EXTI2_TSC_IRQHandler                     0x08003243   Thumb Code     0  startup_stm32f301x8.o(.text)
    EXTI3_IRQHandler                         0x08003243   Thumb Code     0  startup_stm32f301x8.o(.text)
    EXTI4_IRQHandler                         0x08003243   Thumb Code     0  startup_stm32f301x8.o(.text)
    EXTI9_5_IRQHandler                       0x08003243   Thumb Code     0  startup_stm32f301x8.o(.text)
    FLASH_IRQHandler                         0x08003243   Thumb Code     0  startup_stm32f301x8.o(.text)
    FPU_IRQHandler                           0x08003243   Thumb Code     0  startup_stm32f301x8.o(.text)
    I2C1_ER_IRQHandler                       0x08003243   Thumb Code     0  startup_stm32f301x8.o(.text)
    I2C1_EV_IRQHandler                       0x08003243   Thumb Code     0  startup_stm32f301x8.o(.text)
    I2C2_ER_IRQHandler                       0x08003243   Thumb Code     0  startup_stm32f301x8.o(.text)
    I2C2_EV_IRQHandler                       0x08003243   Thumb Code     0  startup_stm32f301x8.o(.text)
    I2C3_ER_IRQHandler                       0x08003243   Thumb Code     0  startup_stm32f301x8.o(.text)
    I2C3_EV_IRQHandler                       0x08003243   Thumb Code     0  startup_stm32f301x8.o(.text)
    PVD_IRQHandler                           0x08003243   Thumb Code     0  startup_stm32f301x8.o(.text)
    RCC_IRQHandler                           0x08003243   Thumb Code     0  startup_stm32f301x8.o(.text)
    RTC_Alarm_IRQHandler                     0x08003243   Thumb Code     0  startup_stm32f301x8.o(.text)
    RTC_WKUP_IRQHandler                      0x08003243   Thumb Code     0  startup_stm32f301x8.o(.text)
    SPI2_IRQHandler                          0x08003243   Thumb Code     0  startup_stm32f301x8.o(.text)
    SPI3_IRQHandler                          0x08003243   Thumb Code     0  startup_stm32f301x8.o(.text)
    TAMP_STAMP_IRQHandler                    0x08003243   Thumb Code     0  startup_stm32f301x8.o(.text)
    TIM1_BRK_TIM15_IRQHandler                0x08003243   Thumb Code     0  startup_stm32f301x8.o(.text)
    TIM1_CC_IRQHandler                       0x08003243   Thumb Code     0  startup_stm32f301x8.o(.text)
    TIM1_TRG_COM_TIM17_IRQHandler            0x08003243   Thumb Code     0  startup_stm32f301x8.o(.text)
    TIM1_UP_TIM16_IRQHandler                 0x08003243   Thumb Code     0  startup_stm32f301x8.o(.text)
    TIM2_IRQHandler                          0x08003243   Thumb Code     0  startup_stm32f301x8.o(.text)
    TIM6_DAC_IRQHandler                      0x08003243   Thumb Code     0  startup_stm32f301x8.o(.text)
    USART2_IRQHandler                        0x08003243   Thumb Code     0  startup_stm32f301x8.o(.text)
    USART3_IRQHandler                        0x08003243   Thumb Code     0  startup_stm32f301x8.o(.text)
    WWDG_IRQHandler                          0x08003243   Thumb Code     0  startup_stm32f301x8.o(.text)
    __user_initial_stackheap                 0x08003245   Thumb Code     0  startup_stm32f301x8.o(.text)
    __use_no_semihosting                     0x08003269   Thumb Code     2  use_no_semi_2.o(.text)
    __aeabi_uldivmod                         0x0800326b   Thumb Code     0  lludivv7m.o(.text)
    _ll_udiv                                 0x0800326b   Thumb Code   238  lludivv7m.o(.text)
    __2printf                                0x08003359   Thumb Code    20  noretval__2printf.o(.text)
    __aeabi_memclr4                          0x08003371   Thumb Code     0  rt_memclr_w.o(.text)
    __aeabi_memclr8                          0x08003371   Thumb Code     0  rt_memclr_w.o(.text)
    __rt_memclr_w                            0x08003371   Thumb Code    78  rt_memclr_w.o(.text)
    _memset_w                                0x08003375   Thumb Code     0  rt_memclr_w.o(.text)
    __use_two_region_memory                  0x080033bf   Thumb Code     2  heapauxi.o(.text)
    __rt_heap_escrow$2region                 0x080033c1   Thumb Code     2  heapauxi.o(.text)
    __rt_heap_expand$2region                 0x080033c3   Thumb Code     2  heapauxi.o(.text)
    __I$use$semihosting                      0x080033c5   Thumb Code     0  use_no_semi.o(.text)
    __use_no_semihosting_swi                 0x080033c5   Thumb Code     2  use_no_semi.o(.text)
    _printf_char_file                        0x080033c9   Thumb Code    32  _printf_char_file.o(.text)
    _printf_char_common                      0x080033f7   Thumb Code    32  _printf_char_common.o(.text)
    ferror                                   0x0800341d   Thumb Code     8  ferror.o(.text)
    __user_setup_stackheap                   0x08003425   Thumb Code    74  sys_stackheap_outer.o(.text)
    __printf                                 0x0800346f   Thumb Code    40  __printf_nopercent.o(.text)
    exit                                     0x08003497   Thumb Code    18  exit.o(.text)
    __user_libspace                          0x080034a9   Thumb Code     8  libspace.o(.text)
    __user_perproc_libspace                  0x080034a9   Thumb Code     0  libspace.o(.text)
    __user_perthread_libspace                0x080034a9   Thumb Code     0  libspace.o(.text)
    BusFault_Handler                         0x080034b1   Thumb Code     2  stm32f3xx_it.o(i.BusFault_Handler)
    DebugMon_Handler                         0x080034b3   Thumb Code     2  stm32f3xx_it.o(i.DebugMon_Handler)
    HAL_GPIO_Init                            0x080034b5   Thumb Code   360  stm32f3xx_hal_gpio.o(i.HAL_GPIO_Init)
    HAL_GPIO_WritePin                        0x08003635   Thumb Code    10  stm32f3xx_hal_gpio.o(i.HAL_GPIO_WritePin)
    HAL_GetTick                              0x08003641   Thumb Code     6  stm32f3xx_hal.o(i.HAL_GetTick)
    HAL_IncTick                              0x0800364d   Thumb Code    12  stm32f3xx_hal.o(i.HAL_IncTick)
    HAL_Init                                 0x0800365d   Thumb Code    32  stm32f3xx_hal.o(i.HAL_Init)
    HAL_InitTick                             0x08003681   Thumb Code    54  stm32f3xx_hal.o(i.HAL_InitTick)
    HAL_MspInit                              0x080036c1   Thumb Code    38  stm32f3xx_hal_msp.o(i.HAL_MspInit)
    HAL_NVIC_EnableIRQ                       0x080036ed   Thumb Code    26  stm32f3xx_hal_cortex.o(i.HAL_NVIC_EnableIRQ)
    HAL_NVIC_SetPriority                     0x08003709   Thumb Code    60  stm32f3xx_hal_cortex.o(i.HAL_NVIC_SetPriority)
    HAL_NVIC_SetPriorityGrouping             0x08003749   Thumb Code    26  stm32f3xx_hal_cortex.o(i.HAL_NVIC_SetPriorityGrouping)
    HAL_RCCEx_PeriphCLKConfig                0x0800376d   Thumb Code   468  stm32f3xx_hal_rcc_ex.o(i.HAL_RCCEx_PeriphCLKConfig)
    HAL_RCC_ClockConfig                      0x0800394d   Thumb Code   316  stm32f3xx_hal_rcc.o(i.HAL_RCC_ClockConfig)
    HAL_RCC_GetPCLK1Freq                     0x08003a9d   Thumb Code    34  stm32f3xx_hal_rcc.o(i.HAL_RCC_GetPCLK1Freq)
    HAL_RCC_GetPCLK2Freq                     0x08003acd   Thumb Code    34  stm32f3xx_hal_rcc.o(i.HAL_RCC_GetPCLK2Freq)
    HAL_RCC_GetSysClockFreq                  0x08003afd   Thumb Code    92  stm32f3xx_hal_rcc.o(i.HAL_RCC_GetSysClockFreq)
    HAL_RCC_OscConfig                        0x08003b69   Thumb Code  1450  stm32f3xx_hal_rcc.o(i.HAL_RCC_OscConfig)
    HAL_SYSTICK_CLKSourceConfig              0x08004113   Thumb Code    24  stm32f3xx_hal_cortex.o(i.HAL_SYSTICK_CLKSourceConfig)
    HAL_SYSTICK_Config                       0x0800412b   Thumb Code    40  stm32f3xx_hal_cortex.o(i.HAL_SYSTICK_Config)
    HAL_UART_Init                            0x08004153   Thumb Code   102  stm32f3xx_hal_uart.o(i.HAL_UART_Init)
    HAL_UART_MspInit                         0x080041b9   Thumb Code    98  usart.o(i.HAL_UART_MspInit)
    HAL_UART_Receive_IT                      0x08004225   Thumb Code   164  stm32f3xx_hal_uart.o(i.HAL_UART_Receive_IT)
    HAL_UART_RxCpltCallback                  0x080042d1   Thumb Code     2  stm32f3xx_hal_uart.o(i.HAL_UART_RxCpltCallback)
    HardFault_Handler                        0x080042d3   Thumb Code     2  stm32f3xx_it.o(i.HardFault_Handler)
    MemManage_Handler                        0x080042d5   Thumb Code     2  stm32f3xx_it.o(i.MemManage_Handler)
    NMI_Handler                              0x080042d7   Thumb Code     2  stm32f3xx_it.o(i.NMI_Handler)
    PendSV_Handler                           0x080042d9   Thumb Code     2  stm32f3xx_it.o(i.PendSV_Handler)
    SVC_Handler                              0x080042db   Thumb Code     2  stm32f3xx_it.o(i.SVC_Handler)
    Stm32_Clock_Init                         0x080042dd   Thumb Code    96  sys.o(i.Stm32_Clock_Init)
    SysTick_Handler                          0x0800433d   Thumb Code     4  stm32f3xx_it.o(i.SysTick_Handler)
    SystemInit                               0x08004341   Thumb Code    22  system_stm32f3xx.o(i.SystemInit)
    UART_AdvFeatureConfig                    0x0800435d   Thumb Code   200  stm32f3xx_hal_uart.o(i.UART_AdvFeatureConfig)
    UART_CheckIdleState                      0x08004425   Thumb Code    88  stm32f3xx_hal_uart.o(i.UART_CheckIdleState)
    UART_SetConfig                           0x08004531   Thumb Code   324  stm32f3xx_hal_uart.o(i.UART_SetConfig)
    UART_WaitOnFlagUntilTimeout              0x08004691   Thumb Code   160  stm32f3xx_hal_uart.o(i.UART_WaitOnFlagUntilTimeout)
    USART1_IRQHandler                        0x08004731   Thumb Code    34  usart.o(i.USART1_IRQHandler)
    UsageFault_Handler                       0x08004761   Thumb Code     2  stm32f3xx_it.o(i.UsageFault_Handler)
    _sys_exit                                0x08004783   Thumb Code     2  usart.o(i._sys_exit)
    button_init                              0x08004785   Thumb Code    66  button.o(i.button_init)
    delay_init                               0x080047cd   Thumb Code    16  delay.o(i.delay_init)
    delay_ms                                 0x080047e1   Thumb Code    26  delay.o(i.delay_ms)
    delay_us                                 0x080047fd   Thumb Code    48  delay.o(i.delay_us)
    fputc                                    0x08004831   Thumb Code    18  usart.o(i.fputc)
    led_init                                 0x08004849   Thumb Code    62  led.o(i.led_init)
    main                                     0x08004891   Thumb Code    58  main.o(i.main)
    uart_init                                0x080048e9   Thumb Code    44  usart.o(i.uart_init)
    _fp_init                                 0x08004921   Thumb Code    10  fpinit.o(x$fpl$fpinit)
    __fplib_config_fpu_vfp                   0x08004929   Thumb Code     0  fpinit.o(x$fpl$fpinit)
    __fplib_config_pureend_doubles           0x08004929   Thumb Code     0  fpinit.o(x$fpl$fpinit)
    AHBPrescTable                            0x0800492a   Data          16  system_stm32f3xx.o(.constdata)
    APBPrescTable                            0x0800493a   Data           8  system_stm32f3xx.o(.constdata)
    aPLLMULFactorTable                       0x08004942   Data          16  stm32f3xx_hal_rcc.o(.constdata)
    aPredivFactorTable                       0x08004952   Data          16  stm32f3xx_hal_rcc.o(.constdata)
    Region$$Table$$Base                      0x08004964   Number         0  anon$$obj.o(Region$$Table)
    Region$$Table$$Limit                     0x08004984   Number         0  anon$$obj.o(Region$$Table)
    SystemCoreClock                          0x20000000   Data           4  system_stm32f3xx.o(.data)
    uwTickFreq                               0x20000004   Data           1  stm32f3xx_hal.o(.data)
    uwTickPrio                               0x20000008   Data           4  stm32f3xx_hal.o(.data)
    uwTick                                   0x2000000c   Data           4  stm32f3xx_hal.o(.data)
    aRxBuffer                                0x20000010   Data           1  usart.o(.data)
    USART_RX_CNT                             0x20000014   Data           4  usart.o(.data)
    __stdout                                 0x20000018   Data           4  usart.o(.data)
    UART1_Handler                            0x20000020   Data         128  usart.o(.bss)
    __libspace_start                         0x200000a0   Data          96  libspace.o(.bss)
    __temporary_stack_top$libspace           0x20000100   Data           0  libspace.o(.bss)
    USART_RX_BUF                             0x20001000   Data        8192  usart.o(.ARM.__AT_0x20001000)



==============================================================================

Memory Map of the image

  Image Entry point : 0x08003189

  Load Region LR_IROM1 (Base: 0x08003000, Size: 0x000019a4, Max: 0x00007000, ABSOLUTE)

    Execution Region ER_IROM1 (Exec base: 0x08003000, Load base: 0x08003000, Size: 0x00001984, Max: 0x00007000, ABSOLUTE)

    Exec Addr    Load Addr    Size         Type   Attr      Idx    E Section Name        Object

    0x08003000   0x08003000   0x00000188   Data   RO          286    RESET               startup_stm32f301x8.o
    0x08003188   0x08003188   0x00000008   Code   RO         2044  * !!!main             c_w.l(__main.o)
    0x08003190   0x08003190   0x00000034   Code   RO         2219    !!!scatter          c_w.l(__scatter.o)
    0x080031c4   0x080031c4   0x0000001a   Code   RO         2221    !!handler_copy      c_w.l(__scatter_copy.o)
    0x080031de   0x080031de   0x00000002   PAD
    0x080031e0   0x080031e0   0x0000001c   Code   RO         2223    !!handler_zi        c_w.l(__scatter_zi.o)
    0x080031fc   0x080031fc   0x00000002   Code   RO         2093    .ARM.Collect$$libinit$$00000000  c_w.l(libinit.o)
    0x080031fe   0x080031fe   0x00000004   Code   RO         2105    .ARM.Collect$$libinit$$00000001  c_w.l(libinit2.o)
    0x08003202   0x08003202   0x00000000   Code   RO         2108    .ARM.Collect$$libinit$$00000004  c_w.l(libinit2.o)
    0x08003202   0x08003202   0x00000000   Code   RO         2111    .ARM.Collect$$libinit$$0000000A  c_w.l(libinit2.o)
    0x08003202   0x08003202   0x00000000   Code   RO         2113    .ARM.Collect$$libinit$$0000000C  c_w.l(libinit2.o)
    0x08003202   0x08003202   0x00000000   Code   RO         2115    .ARM.Collect$$libinit$$0000000E  c_w.l(libinit2.o)
    0x08003202   0x08003202   0x00000000   Code   RO         2118    .ARM.Collect$$libinit$$00000011  c_w.l(libinit2.o)
    0x08003202   0x08003202   0x00000000   Code   RO         2120    .ARM.Collect$$libinit$$00000013  c_w.l(libinit2.o)
    0x08003202   0x08003202   0x00000000   Code   RO         2122    .ARM.Collect$$libinit$$00000015  c_w.l(libinit2.o)
    0x08003202   0x08003202   0x00000000   Code   RO         2124    .ARM.Collect$$libinit$$00000017  c_w.l(libinit2.o)
    0x08003202   0x08003202   0x00000000   Code   RO         2126    .ARM.Collect$$libinit$$00000019  c_w.l(libinit2.o)
    0x08003202   0x08003202   0x00000000   Code   RO         2128    .ARM.Collect$$libinit$$0000001B  c_w.l(libinit2.o)
    0x08003202   0x08003202   0x00000000   Code   RO         2130    .ARM.Collect$$libinit$$0000001D  c_w.l(libinit2.o)
    0x08003202   0x08003202   0x00000000   Code   RO         2132    .ARM.Collect$$libinit$$0000001F  c_w.l(libinit2.o)
    0x08003202   0x08003202   0x00000000   Code   RO         2134    .ARM.Collect$$libinit$$00000021  c_w.l(libinit2.o)
    0x08003202   0x08003202   0x00000000   Code   RO         2136    .ARM.Collect$$libinit$$00000023  c_w.l(libinit2.o)
    0x08003202   0x08003202   0x00000000   Code   RO         2138    .ARM.Collect$$libinit$$00000025  c_w.l(libinit2.o)
    0x08003202   0x08003202   0x00000000   Code   RO         2142    .ARM.Collect$$libinit$$0000002C  c_w.l(libinit2.o)
    0x08003202   0x08003202   0x00000000   Code   RO         2144    .ARM.Collect$$libinit$$0000002E  c_w.l(libinit2.o)
    0x08003202   0x08003202   0x00000000   Code   RO         2146    .ARM.Collect$$libinit$$00000030  c_w.l(libinit2.o)
    0x08003202   0x08003202   0x00000000   Code   RO         2148    .ARM.Collect$$libinit$$00000032  c_w.l(libinit2.o)
    0x08003202   0x08003202   0x00000002   Code   RO         2149    .ARM.Collect$$libinit$$00000033  c_w.l(libinit2.o)
    0x08003204   0x08003204   0x00000002   Code   RO         2175    .ARM.Collect$$libshutdown$$00000000  c_w.l(libshutdown.o)
    0x08003206   0x08003206   0x00000000   Code   RO         2202    .ARM.Collect$$libshutdown$$00000002  c_w.l(libshutdown2.o)
    0x08003206   0x08003206   0x00000000   Code   RO         2204    .ARM.Collect$$libshutdown$$00000004  c_w.l(libshutdown2.o)
    0x08003206   0x08003206   0x00000000   Code   RO         2207    .ARM.Collect$$libshutdown$$00000007  c_w.l(libshutdown2.o)
    0x08003206   0x08003206   0x00000000   Code   RO         2210    .ARM.Collect$$libshutdown$$0000000A  c_w.l(libshutdown2.o)
    0x08003206   0x08003206   0x00000000   Code   RO         2212    .ARM.Collect$$libshutdown$$0000000C  c_w.l(libshutdown2.o)
    0x08003206   0x08003206   0x00000000   Code   RO         2215    .ARM.Collect$$libshutdown$$0000000F  c_w.l(libshutdown2.o)
    0x08003206   0x08003206   0x00000002   Code   RO         2216    .ARM.Collect$$libshutdown$$00000010  c_w.l(libshutdown2.o)
    0x08003208   0x08003208   0x00000000   Code   RO         2048    .ARM.Collect$$rtentry$$00000000  c_w.l(__rtentry.o)
    0x08003208   0x08003208   0x00000000   Code   RO         2056    .ARM.Collect$$rtentry$$00000002  c_w.l(__rtentry2.o)
    0x08003208   0x08003208   0x00000006   Code   RO         2068    .ARM.Collect$$rtentry$$00000004  c_w.l(__rtentry4.o)
    0x0800320e   0x0800320e   0x00000000   Code   RO         2058    .ARM.Collect$$rtentry$$00000009  c_w.l(__rtentry2.o)
    0x0800320e   0x0800320e   0x00000004   Code   RO         2059    .ARM.Collect$$rtentry$$0000000A  c_w.l(__rtentry2.o)
    0x08003212   0x08003212   0x00000000   Code   RO         2061    .ARM.Collect$$rtentry$$0000000C  c_w.l(__rtentry2.o)
    0x08003212   0x08003212   0x00000008   Code   RO         2062    .ARM.Collect$$rtentry$$0000000D  c_w.l(__rtentry2.o)
    0x0800321a   0x0800321a   0x00000002   Code   RO         2097    .ARM.Collect$$rtexit$$00000000  c_w.l(rtexit.o)
    0x0800321c   0x0800321c   0x00000000   Code   RO         2151    .ARM.Collect$$rtexit$$00000002  c_w.l(rtexit2.o)
    0x0800321c   0x0800321c   0x00000004   Code   RO         2152    .ARM.Collect$$rtexit$$00000003  c_w.l(rtexit2.o)
    0x08003220   0x08003220   0x00000006   Code   RO         2153    .ARM.Collect$$rtexit$$00000004  c_w.l(rtexit2.o)
    0x08003226   0x08003226   0x00000002   PAD
    0x08003228   0x08003228   0x00000040   Code   RO          287    .text               startup_stm32f301x8.o
    0x08003268   0x08003268   0x00000002   Code   RO         2028    .text               c_w.l(use_no_semi_2.o)
    0x0800326a   0x0800326a   0x000000ee   Code   RO         2030    .text               c_w.l(lludivv7m.o)
    0x08003358   0x08003358   0x00000018   Code   RO         2036    .text               c_w.l(noretval__2printf.o)
    0x08003370   0x08003370   0x0000004e   Code   RO         2040    .text               c_w.l(rt_memclr_w.o)
    0x080033be   0x080033be   0x00000006   Code   RO         2042    .text               c_w.l(heapauxi.o)
    0x080033c4   0x080033c4   0x00000002   Code   RO         2046    .text               c_w.l(use_no_semi.o)
    0x080033c6   0x080033c6   0x00000002   PAD
    0x080033c8   0x080033c8   0x00000024   Code   RO         2053    .text               c_w.l(_printf_char_file.o)
    0x080033ec   0x080033ec   0x00000030   Code   RO         2072    .text               c_w.l(_printf_char_common.o)
    0x0800341c   0x0800341c   0x00000008   Code   RO         2074    .text               c_w.l(ferror.o)
    0x08003424   0x08003424   0x0000004a   Code   RO         2078    .text               c_w.l(sys_stackheap_outer.o)
    0x0800346e   0x0800346e   0x00000028   Code   RO         2080    .text               c_w.l(__printf_nopercent.o)
    0x08003496   0x08003496   0x00000012   Code   RO         2082    .text               c_w.l(exit.o)
    0x080034a8   0x080034a8   0x00000008   Code   RO         2094    .text               c_w.l(libspace.o)
    0x080034b0   0x080034b0   0x00000002   Code   RO          174    i.BusFault_Handler  stm32f3xx_it.o
    0x080034b2   0x080034b2   0x00000002   Code   RO          175    i.DebugMon_Handler  stm32f3xx_it.o
    0x080034b4   0x080034b4   0x00000180   Code   RO          776    i.HAL_GPIO_Init     stm32f3xx_hal_gpio.o
    0x08003634   0x08003634   0x0000000a   Code   RO          780    i.HAL_GPIO_WritePin  stm32f3xx_hal_gpio.o
    0x0800363e   0x0800363e   0x00000002   PAD
    0x08003640   0x08003640   0x0000000c   Code   RO          305    i.HAL_GetTick       stm32f3xx_hal.o
    0x0800364c   0x0800364c   0x00000010   Code   RO          311    i.HAL_IncTick       stm32f3xx_hal.o
    0x0800365c   0x0800365c   0x00000024   Code   RO          312    i.HAL_Init          stm32f3xx_hal.o
    0x08003680   0x08003680   0x00000040   Code   RO          313    i.HAL_InitTick      stm32f3xx_hal.o
    0x080036c0   0x080036c0   0x0000002c   Code   RO          144    i.HAL_MspInit       stm32f3xx_hal_msp.o
    0x080036ec   0x080036ec   0x0000001a   Code   RO          470    i.HAL_NVIC_EnableIRQ  stm32f3xx_hal_cortex.o
    0x08003706   0x08003706   0x00000002   PAD
    0x08003708   0x08003708   0x00000040   Code   RO          476    i.HAL_NVIC_SetPriority  stm32f3xx_hal_cortex.o
    0x08003748   0x08003748   0x00000024   Code   RO          477    i.HAL_NVIC_SetPriorityGrouping  stm32f3xx_hal_cortex.o
    0x0800376c   0x0800376c   0x000001e0   Code   RO         1621    i.HAL_RCCEx_PeriphCLKConfig  stm32f3xx_hal_rcc_ex.o
    0x0800394c   0x0800394c   0x00000150   Code   RO          930    i.HAL_RCC_ClockConfig  stm32f3xx_hal_rcc.o
    0x08003a9c   0x08003a9c   0x00000030   Code   RO          937    i.HAL_RCC_GetPCLK1Freq  stm32f3xx_hal_rcc.o
    0x08003acc   0x08003acc   0x00000030   Code   RO          938    i.HAL_RCC_GetPCLK2Freq  stm32f3xx_hal_rcc.o
    0x08003afc   0x08003afc   0x0000006c   Code   RO          939    i.HAL_RCC_GetSysClockFreq  stm32f3xx_hal_rcc.o
    0x08003b68   0x08003b68   0x000005aa   Code   RO          942    i.HAL_RCC_OscConfig  stm32f3xx_hal_rcc.o
    0x08004112   0x08004112   0x00000018   Code   RO          479    i.HAL_SYSTICK_CLKSourceConfig  stm32f3xx_hal_cortex.o
    0x0800412a   0x0800412a   0x00000028   Code   RO          481    i.HAL_SYSTICK_Config  stm32f3xx_hal_cortex.o
    0x08004152   0x08004152   0x00000066   Code   RO         1062    i.HAL_UART_Init     stm32f3xx_hal_uart.o
    0x080041b8   0x080041b8   0x0000006c   Code   RO         1898    i.HAL_UART_MspInit  usart.o
    0x08004224   0x08004224   0x000000ac   Code   RO         1067    i.HAL_UART_Receive_IT  stm32f3xx_hal_uart.o
    0x080042d0   0x080042d0   0x00000002   Code   RO         1069    i.HAL_UART_RxCpltCallback  stm32f3xx_hal_uart.o
    0x080042d2   0x080042d2   0x00000002   Code   RO          176    i.HardFault_Handler  stm32f3xx_it.o
    0x080042d4   0x080042d4   0x00000002   Code   RO          177    i.MemManage_Handler  stm32f3xx_it.o
    0x080042d6   0x080042d6   0x00000002   Code   RO          178    i.NMI_Handler       stm32f3xx_it.o
    0x080042d8   0x080042d8   0x00000002   Code   RO          179    i.PendSV_Handler    stm32f3xx_it.o
    0x080042da   0x080042da   0x00000002   Code   RO          180    i.SVC_Handler       stm32f3xx_it.o
    0x080042dc   0x080042dc   0x00000060   Code   RO         1964    i.Stm32_Clock_Init  sys.o
    0x0800433c   0x0800433c   0x00000004   Code   RO          181    i.SysTick_Handler   stm32f3xx_it.o
    0x08004340   0x08004340   0x0000001c   Code   RO          250    i.SystemInit        system_stm32f3xx.o
    0x0800435c   0x0800435c   0x000000c8   Code   RO         1076    i.UART_AdvFeatureConfig  stm32f3xx_hal_uart.o
    0x08004424   0x08004424   0x00000058   Code   RO         1077    i.UART_CheckIdleState  stm32f3xx_hal_uart.o
    0x0800447c   0x0800447c   0x0000005a   Code   RO         1090    i.UART_RxISR_16BIT  stm32f3xx_hal_uart.o
    0x080044d6   0x080044d6   0x0000005a   Code   RO         1091    i.UART_RxISR_8BIT   stm32f3xx_hal_uart.o
    0x08004530   0x08004530   0x00000160   Code   RO         1092    i.UART_SetConfig    stm32f3xx_hal_uart.o
    0x08004690   0x08004690   0x000000a0   Code   RO         1095    i.UART_WaitOnFlagUntilTimeout  stm32f3xx_hal_uart.o
    0x08004730   0x08004730   0x00000030   Code   RO         1899    i.USART1_IRQHandler  usart.o
    0x08004760   0x08004760   0x00000002   Code   RO          182    i.UsageFault_Handler  stm32f3xx_it.o
    0x08004762   0x08004762   0x00000020   Code   RO          483    i.__NVIC_SetPriority  stm32f3xx_hal_cortex.o
    0x08004782   0x08004782   0x00000002   Code   RO         1900    i._sys_exit         usart.o
    0x08004784   0x08004784   0x00000048   Code   RO         1764    i.button_init       button.o
    0x080047cc   0x080047cc   0x00000014   Code   RO         1991    i.delay_init        delay.o
    0x080047e0   0x080047e0   0x0000001a   Code   RO         1992    i.delay_ms          delay.o
    0x080047fa   0x080047fa   0x00000002   PAD
    0x080047fc   0x080047fc   0x00000034   Code   RO         1993    i.delay_us          delay.o
    0x08004830   0x08004830   0x00000018   Code   RO         1901    i.fputc             usart.o
    0x08004848   0x08004848   0x00000048   Code   RO         1825    i.led_init          led.o
    0x08004890   0x08004890   0x00000058   Code   RO            4    i.main              main.o
    0x080048e8   0x080048e8   0x00000038   Code   RO         1902    i.uart_init         usart.o
    0x08004920   0x08004920   0x0000000a   Code   RO         2163    x$fpl$fpinit        fz_wm.l(fpinit.o)
    0x0800492a   0x0800492a   0x00000010   Data   RO          251    .constdata          system_stm32f3xx.o
    0x0800493a   0x0800493a   0x00000008   Data   RO          252    .constdata          system_stm32f3xx.o
    0x08004942   0x08004942   0x00000020   Data   RO          943    .constdata          stm32f3xx_hal_rcc.o
    0x08004962   0x08004962   0x00000002   PAD
    0x08004964   0x08004964   0x00000020   Data   RO         2217    Region$$Table       anon$$obj.o


    Execution Region RW_IRAM1 (Exec base: 0x20000000, Load base: 0x08004984, Size: 0x00003000, Max: 0x00004000, ABSOLUTE)

    Exec Addr    Load Addr    Size         Type   Attr      Idx    E Section Name        Object

    0x20000000   0x08004984   0x00000004   Data   RW          253    .data               system_stm32f3xx.o
    0x20000004   0x08004988   0x0000000c   Data   RW          319    .data               stm32f3xx_hal.o
    0x20000010   0x08004994   0x00000008   Data   RW         1906    .data               usart.o
    0x20000018   0x0800499c   0x00000004   Data   RW         1907    .data               usart.o
    0x2000001c   0x080049a0   0x00000004   Data   RW         1994    .data               delay.o
    0x20000020        -       0x00000080   Zero   RW         1904    .bss                usart.o
    0x200000a0        -       0x00000060   Zero   RW         2095    .bss                c_w.l(libspace.o)
    0x20000100        -       0x00000200   Zero   RW          285    HEAP                startup_stm32f301x8.o
    0x20000300        -       0x00000400   Zero   RW          284    STACK               startup_stm32f301x8.o
    0x20000700   0x080049a4   0x00000900   PAD
    0x20001000        -       0x00002000   Zero   RW         1903    .ARM.__AT_0x20001000  usart.o


==============================================================================

Image component sizes


      Code (inc. data)   RO Data    RW Data    ZI Data      Debug   Object Name

        72          6          0          0          0       1058   button.o
        98          8          0          4          0       1879   delay.o
        72         10          0          0          0        975   led.o
        88         30          0          0          0     354983   main.o
        64         26        392          0       1536        824   startup_stm32f301x8.o
       128         24          0         12          0      10901   stm32f3xx_hal.o
       222         14          0          0          0      32397   stm32f3xx_hal_cortex.o
       394         24          0          0          0       2404   stm32f3xx_hal_gpio.o
        44          6          0          0          0        930   stm32f3xx_hal_msp.o
      1990         76         32          0          0       5736   stm32f3xx_hal_rcc.o
       480         12          0          0          0       1592   stm32f3xx_hal_rcc_ex.o
      1256         56          0          0          0       7469   stm32f3xx_hal_uart.o
        20          0          0          0          0       3974   stm32f3xx_it.o
        96          0          0          0          0        671   sys.o
        28          6         24          4          0       1183   system_stm32f3xx.o
       238         42          0         12       8320      22320   usart.o

    ----------------------------------------------------------------------
      5296        340        482         32      12160     449296   Object Totals
         0          0         32          0          0          0   (incl. Generated)
         6          0          2          0       2304          0   (incl. Padding)

    ----------------------------------------------------------------------

      Code (inc. data)   RO Data    RW Data    ZI Data      Debug   Library Member Name

         8          0          0          0          0         68   __main.o
        40          0          0          0          0         84   __printf_nopercent.o
         0          0          0          0          0          0   __rtentry.o
        12          0          0          0          0          0   __rtentry2.o
         6          0          0          0          0          0   __rtentry4.o
        52          8          0          0          0          0   __scatter.o
        26          0          0          0          0          0   __scatter_copy.o
        28          0          0          0          0          0   __scatter_zi.o
        48          6          0          0          0         96   _printf_char_common.o
        36          4          0          0          0         80   _printf_char_file.o
        18          0          0          0          0         80   exit.o
         8          0          0          0          0         68   ferror.o
         6          0          0          0          0        152   heapauxi.o
         2          0          0          0          0          0   libinit.o
         6          0          0          0          0          0   libinit2.o
         2          0          0          0          0          0   libshutdown.o
         2          0          0          0          0          0   libshutdown2.o
         8          4          0          0         96         68   libspace.o
       238          0          0          0          0        100   lludivv7m.o
        24          4          0          0          0         84   noretval__2printf.o
        78          0          0          0          0         80   rt_memclr_w.o
         2          0          0          0          0          0   rtexit.o
        10          0          0          0          0          0   rtexit2.o
        74          0          0          0          0         80   sys_stackheap_outer.o
         2          0          0          0          0         68   use_no_semi.o
         2          0          0          0          0         68   use_no_semi_2.o
        10          0          0          0          0        116   fpinit.o

    ----------------------------------------------------------------------
       754         26          0          0         96       1292   Library Totals
         6          0          0          0          0          0   (incl. Padding)

    ----------------------------------------------------------------------

      Code (inc. data)   RO Data    RW Data    ZI Data      Debug   Library Name

       738         26          0          0         96       1176   c_w.l
        10          0          0          0          0        116   fz_wm.l

    ----------------------------------------------------------------------
       754         26          0          0         96       1292   Library Totals

    ----------------------------------------------------------------------

==============================================================================


      Code (inc. data)   RO Data    RW Data    ZI Data      Debug   

      6050        366        482         32      12256     445868   Grand Totals
      6050        366        482         32      12256     445868   ELF Image Totals
      6050        366        482         32          0          0   ROM Totals

==============================================================================

    Total RO  Size (Code + RO Data)                 6532 (   6.38kB)
    Total RW  Size (RW Data + ZI Data)             12288 (  12.00kB)
    Total ROM Size (Code + RO Data + RW Data)       6564 (   6.41kB)

==============================================================================

