Component: ARM Compiler 5.06 update 6 (build 750) Tool: armlink [4d35ed]

==============================================================================

Section Cross References

    main.o(i.SystemClock_Config) refers to memseta.o(.text) for __aeabi_memclr4
    main.o(i.SystemClock_Config) refers to stm32f1xx_hal_rcc.o(i.HAL_RCC_OscConfig) for HAL_RCC_OscConfig
    main.o(i.SystemClock_Config) refers to stm32f1xx_hal_rcc.o(i.HAL_RCC_ClockConfig) for HAL_RCC_ClockConfig
    main.o(i.SystemClock_Config) refers to stm32f1xx_hal_rcc_ex.o(i.HAL_RCCEx_PeriphCLKConfig) for HAL_RCCEx_PeriphCLKConfig
    main.o(i.main) refers to stm32f1xx_hal.o(i.HAL_Init) for HAL_Init
    main.o(i.main) refers to main.o(i.SystemClock_Config) for SystemClock_Config
    main.o(i.main) refers to gpio.o(i.MX_GPIO_Init) for MX_GPIO_Init
    main.o(i.main) refers to usbd_core.o(i.USBD_Init) for USBD_Init
    main.o(i.main) refers to usbd_core.o(i.USBD_RegisterClass) for USBD_RegisterClass
    main.o(i.main) refers to usbd_core.o(i.USBD_Start) for USBD_Start
    main.o(i.main) refers to stm32f1xx_hal.o(i.HAL_Delay) for HAL_Delay
    main.o(i.main) refers to usbd_hid.o(i.USBD_HID_SendReport) for USBD_HID_SendReport
    main.o(i.main) refers to usbd_desc.o(.data) for FS_Desc
    main.o(i.main) refers to main.o(.bss) for .bss
    main.o(i.main) refers to usbd_hid.o(.data) for USBD_HID
    main.o(i.main) refers to main.o(.data) for .data
    stm32f1xx_it.o(i.SysTick_Handler) refers to stm32f1xx_hal.o(i.HAL_IncTick) for HAL_IncTick
    stm32f1xx_it.o(i.USB_LP_CAN1_RX0_IRQHandler) refers to stm32f1xx_hal_pcd.o(i.HAL_PCD_IRQHandler) for HAL_PCD_IRQHandler
    stm32f1xx_it.o(i.USB_LP_CAN1_RX0_IRQHandler) refers to usbd_conf.o(.bss) for hpcd_USB_FS
    system_stm32f1xx_1.o(i.SystemCoreClockUpdate) refers to system_stm32f1xx_1.o(.data) for .data
    system_stm32f1xx_1.o(i.SystemCoreClockUpdate) refers to system_stm32f1xx_1.o(.constdata) for .constdata
    startup_stm32f103xb.o(RESET) refers to startup_stm32f103xb.o(STACK) for __initial_sp
    startup_stm32f103xb.o(RESET) refers to startup_stm32f103xb.o(.text) for Reset_Handler
    startup_stm32f103xb.o(RESET) refers to stm32f1xx_it.o(i.NMI_Handler) for NMI_Handler
    startup_stm32f103xb.o(RESET) refers to stm32f1xx_it.o(i.HardFault_Handler) for HardFault_Handler
    startup_stm32f103xb.o(RESET) refers to stm32f1xx_it.o(i.MemManage_Handler) for MemManage_Handler
    startup_stm32f103xb.o(RESET) refers to stm32f1xx_it.o(i.BusFault_Handler) for BusFault_Handler
    startup_stm32f103xb.o(RESET) refers to stm32f1xx_it.o(i.UsageFault_Handler) for UsageFault_Handler
    startup_stm32f103xb.o(RESET) refers to stm32f1xx_it.o(i.SVC_Handler) for SVC_Handler
    startup_stm32f103xb.o(RESET) refers to stm32f1xx_it.o(i.DebugMon_Handler) for DebugMon_Handler
    startup_stm32f103xb.o(RESET) refers to stm32f1xx_it.o(i.PendSV_Handler) for PendSV_Handler
    startup_stm32f103xb.o(RESET) refers to stm32f1xx_it.o(i.SysTick_Handler) for SysTick_Handler
    startup_stm32f103xb.o(RESET) refers to stm32f1xx_it.o(i.USB_LP_CAN1_RX0_IRQHandler) for USB_LP_CAN1_RX0_IRQHandler
    startup_stm32f103xb.o(.text) refers to system_stm32f1xx_1.o(i.SystemInit) for SystemInit
    startup_stm32f103xb.o(.text) refers to entry.o(.ARM.Collect$$$$00000000) for __main
    usbd_core.o(i.USBD_DeInit) refers to usbd_conf.o(i.USBD_LL_Stop) for USBD_LL_Stop
    usbd_core.o(i.USBD_DeInit) refers to usbd_conf.o(i.USBD_LL_DeInit) for USBD_LL_DeInit
    usbd_core.o(i.USBD_Init) refers to usbd_conf.o(i.USBD_LL_Init) for USBD_LL_Init
    usbd_core.o(i.USBD_Init) refers to printfb.o(i.__0printf$bare) for __2printf
    usbd_core.o(i.USBD_LL_DataInStage) refers to usbd_ioreq.o(i.USBD_CtlContinueSendData) for USBD_CtlContinueSendData
    usbd_core.o(i.USBD_LL_DataInStage) refers to usbd_conf.o(i.USBD_LL_PrepareReceive) for USBD_LL_PrepareReceive
    usbd_core.o(i.USBD_LL_DataInStage) refers to usbd_conf.o(i.USBD_LL_StallEP) for USBD_LL_StallEP
    usbd_core.o(i.USBD_LL_DataInStage) refers to usbd_ioreq.o(i.USBD_CtlReceiveStatus) for USBD_CtlReceiveStatus
    usbd_core.o(i.USBD_LL_DataOutStage) refers to usbd_ioreq.o(i.USBD_CtlContinueRx) for USBD_CtlContinueRx
    usbd_core.o(i.USBD_LL_DataOutStage) refers to usbd_ioreq.o(i.USBD_CtlSendStatus) for USBD_CtlSendStatus
    usbd_core.o(i.USBD_LL_DataOutStage) refers to usbd_conf.o(i.USBD_LL_StallEP) for USBD_LL_StallEP
    usbd_core.o(i.USBD_LL_Reset) refers to usbd_conf.o(i.USBD_LL_OpenEP) for USBD_LL_OpenEP
    usbd_core.o(i.USBD_LL_SetupStage) refers to usbd_ctlreq.o(i.USBD_ParseSetupRequest) for USBD_ParseSetupRequest
    usbd_core.o(i.USBD_LL_SetupStage) refers to usbd_conf.o(i.USBD_LL_StallEP) for USBD_LL_StallEP
    usbd_core.o(i.USBD_LL_SetupStage) refers to usbd_ctlreq.o(i.USBD_StdDevReq) for USBD_StdDevReq
    usbd_core.o(i.USBD_LL_SetupStage) refers to usbd_ctlreq.o(i.USBD_StdItfReq) for USBD_StdItfReq
[...]
    dmul.o(.text) refers to depilogue.o(.text) for _double_epilogue
    ddiv.o(.text) refers to depilogue.o(.text) for _double_round
    dfixul.o(.text) refers to llushr.o(.text) for __aeabi_llsr
    dfixul.o(.text) refers to llshl.o(.text) for __aeabi_llsl
    init.o(.text) refers to entry5.o(.ARM.Collect$$$$00000004) for __main_after_scatterload
    depilogue.o(.text) refers to llshl.o(.text) for __aeabi_llsl
    depilogue.o(.text) refers to llushr.o(.text) for __aeabi_llsr


==============================================================================

Removing Unused input sections from the image.

    Removing gpio.o(.rev16_text), (4 bytes).
    Removing gpio.o(.revsh_text), (4 bytes).
    Removing gpio.o(.rrx_text), (6 bytes).
    Removing main.o(.rev16_text), (4 bytes).
    Removing main.o(.revsh_text), (4 bytes).
    Removing main.o(.rrx_text), (6 bytes).
    Removing stm32f1xx_hal_msp.o(.rev16_text), (4 bytes).
    Removing stm32f1xx_hal_msp.o(.revsh_text), (4 bytes).
    Removing stm32f1xx_hal_msp.o(.rrx_text), (6 bytes).
    Removing stm32f1xx_it.o(.rev16_text), (4 bytes).
    Removing stm32f1xx_it.o(.revsh_text), (4 bytes).
    Removing stm32f1xx_it.o(.rrx_text), (6 bytes).
    Removing system_stm32f1xx_1.o(.rev16_text), (4 bytes).
    Removing system_stm32f1xx_1.o(.revsh_text), (4 bytes).
    Removing system_stm32f1xx_1.o(.rrx_text), (6 bytes).
    Removing system_stm32f1xx_1.o(i.SystemCoreClockUpdate), (104 bytes).
    Removing system_stm32f1xx_1.o(.constdata), (8 bytes).
    Removing startup_stm32f103xb.o(HEAP), (512 bytes).
    Removing usbd_core.o(.rev16_text), (4 bytes).
    Removing usbd_core.o(.revsh_text), (4 bytes).
    Removing usbd_core.o(.rrx_text), (6 bytes).
    Removing usbd_core.o(i.USBD_DeInit), (38 bytes).
    Removing usbd_core.o(i.USBD_LL_DevConnected), (4 bytes).
    Removing usbd_core.o(i.USBD_LL_DevDisconnected), (22 bytes).
    Removing usbd_core.o(i.USBD_LL_IsoINIncomplete), (4 bytes).
    Removing usbd_core.o(i.USBD_LL_IsoOUTIncomplete), (4 bytes).
    Removing usbd_core.o(i.USBD_RunTestMode), (4 bytes).
    Removing usbd_core.o(i.USBD_Stop), (26 bytes).
    Removing usbd_ctlreq.o(.rev16_text), (4 bytes).
    Removing usbd_ctlreq.o(.revsh_text), (4 bytes).
    Removing usbd_ctlreq.o(.rrx_text), (6 bytes).
    Removing usbd_ioreq.o(.rev16_text), (4 bytes).
    Removing usbd_ioreq.o(.revsh_text), (4 bytes).
    Removing usbd_ioreq.o(.rrx_text), (6 bytes).
    Removing usbd_ioreq.o(i.USBD_CtlPrepareRx), (30 bytes).
    Removing usbd_ioreq.o(i.USBD_GetRxCount), (4 bytes).
    Removing usbd_hid.o(.rev16_text), (4 bytes).
    Removing usbd_hid.o(.revsh_text), (4 bytes).
    Removing usbd_hid.o(.rrx_text), (6 bytes).
    Removing usbd_hid.o(i.USBD_HID_GetPollingInterval), (12 bytes).
    Removing usb_device.o(.rev16_text), (4 bytes).
    Removing usb_device.o(.revsh_text), (4 bytes).
    Removing usb_device.o(.rrx_text), (6 bytes).
    Removing usb_device.o(i.MX_USB_DEVICE_Init), (64 bytes).
    Removing usb_device.o(.bss), (708 bytes).
    Removing usbd_conf.o(.rev16_text), (4 bytes).
    Removing usbd_conf.o(.revsh_text), (4 bytes).
    Removing usbd_conf.o(.rrx_text), (6 bytes).
    Removing usbd_conf.o(i.HAL_PCD_ConnectCallback), (8 bytes).
    Removing usbd_conf.o(i.HAL_PCD_DisconnectCallback), (8 bytes).
    Removing usbd_conf.o(i.HAL_PCD_ISOINIncompleteCallback), (8 bytes).
    Removing usbd_conf.o(i.HAL_PCD_ISOOUTIncompleteCallback), (8 bytes).
    Removing usbd_conf.o(i.HAL_PCD_MspDeInit), (36 bytes).
    Removing usbd_conf.o(i.USBD_LL_DeInit), (18 bytes).
    Removing usbd_conf.o(i.USBD_LL_Delay), (4 bytes).
    Removing usbd_conf.o(i.USBD_LL_FlushEP), (18 bytes).
    Removing usbd_conf.o(i.USBD_LL_GetRxDataSize), (8 bytes).
    Removing usbd_conf.o(i.USBD_LL_Stop), (18 bytes).
    Removing usbd_desc.o(.rev16_text), (4 bytes).
    Removing usbd_desc.o(.revsh_text), (4 bytes).
    Removing usbd_desc.o(.rrx_text), (6 bytes).
    Removing stm32f1xx_hal.o(.rev16_text), (4 bytes).
    Removing stm32f1xx_hal.o(.revsh_text), (4 bytes).
    Removing stm32f1xx_hal.o(.rrx_text), (6 bytes).
    Removing stm32f1xx_hal.o(i.HAL_DBGMCU_DisableDBGSleepMode), (16 bytes).
    Removing stm32f1xx_hal.o(i.HAL_DBGMCU_DisableDBGStandbyMode), (16 bytes).
    Removing stm32f1xx_hal.o(i.HAL_DBGMCU_DisableDBGStopMode), (16 bytes).
    Removing stm32f1xx_hal.o(i.HAL_DBGMCU_EnableDBGSleepMode), (16 bytes).
    Removing stm32f1xx_hal.o(i.HAL_DBGMCU_EnableDBGStandbyMode), (16 bytes).
    Removing stm32f1xx_hal.o(i.HAL_DBGMCU_EnableDBGStopMode), (16 bytes).
    Removing stm32f1xx_hal.o(i.HAL_DeInit), (32 bytes).
    Removing stm32f1xx_hal.o(i.HAL_GetDEVID), (16 bytes).
    Removing stm32f1xx_hal.o(i.HAL_GetHalVersion), (8 bytes).
    Removing stm32f1xx_hal.o(i.HAL_GetREVID), (12 bytes).
    Removing stm32f1xx_hal.o(i.HAL_GetTickFreq), (12 bytes).
    Removing stm32f1xx_hal.o(i.HAL_GetTickPrio), (12 bytes).
    Removing stm32f1xx_hal.o(i.HAL_GetUIDw0), (12 bytes).
    Removing stm32f1xx_hal.o(i.HAL_GetUIDw1), (12 bytes).
    Removing stm32f1xx_hal.o(i.HAL_GetUIDw2), (12 bytes).
    Removing stm32f1xx_hal.o(i.HAL_MspDeInit), (2 bytes).
    Removing stm32f1xx_hal.o(i.HAL_MspInit), (2 bytes).
    Removing stm32f1xx_hal.o(i.HAL_ResumeTick), (14 bytes).
    Removing stm32f1xx_hal.o(i.HAL_SetTickFreq), (32 bytes).
    Removing stm32f1xx_hal.o(i.HAL_SuspendTick), (14 bytes).
    Removing stm32f1xx_hal_cortex.o(.rev16_text), (4 bytes).
    Removing stm32f1xx_hal_cortex.o(.revsh_text), (4 bytes).
    Removing stm32f1xx_hal_cortex.o(.rrx_text), (6 bytes).
    Removing stm32f1xx_hal_cortex.o(i.HAL_NVIC_ClearPendingIRQ), (26 bytes).
    Removing stm32f1xx_hal_cortex.o(i.HAL_NVIC_DisableIRQ), (34 bytes).
    Removing stm32f1xx_hal_cortex.o(i.HAL_NVIC_GetActive), (36 bytes).
    Removing stm32f1xx_hal_cortex.o(i.HAL_NVIC_GetPendingIRQ), (36 bytes).
    Removing stm32f1xx_hal_cortex.o(i.HAL_NVIC_GetPriority), (82 bytes).
    Removing stm32f1xx_hal_cortex.o(i.HAL_NVIC_GetPriorityGrouping), (16 bytes).
    Removing stm32f1xx_hal_cortex.o(i.HAL_NVIC_SetPendingIRQ), (26 bytes).
    Removing stm32f1xx_hal_cortex.o(i.HAL_NVIC_SystemReset), (36 bytes).
    Removing stm32f1xx_hal_cortex.o(i.HAL_SYSTICK_CLKSourceConfig), (24 bytes).
    Removing stm32f1xx_hal_cortex.o(i.HAL_SYSTICK_Callback), (2 bytes).
    Removing stm32f1xx_hal_cortex.o(i.HAL_SYSTICK_IRQHandler), (8 bytes).
    Removing stm32f1xx_hal_flash.o(.rev16_text), (4 bytes).
    Removing stm32f1xx_hal_flash.o(.revsh_text), (4 bytes).
    Removing stm32f1xx_hal_flash.o(.rrx_text), (6 bytes).
    Removing stm32f1xx_hal_flash.o(i.FLASH_Program_HalfWord), (28 bytes).
    Removing stm32f1xx_hal_flash.o(i.FLASH_SetErrorCode), (92 bytes).
    Removing stm32f1xx_hal_flash.o(i.FLASH_WaitForLastOperation), (84 bytes).
    Removing stm32f1xx_hal_flash.o(i.HAL_FLASH_EndOfOperationCallback), (2 bytes).
    Removing stm32f1xx_hal_flash.o(i.HAL_FLASH_GetError), (12 bytes).
    Removing stm32f1xx_hal_flash.o(i.HAL_FLASH_IRQHandler), (264 bytes).
    Removing stm32f1xx_hal_flash.o(i.HAL_FLASH_Lock), (20 bytes).
    Removing stm32f1xx_hal_flash.o(i.HAL_FLASH_OB_Launch), (4 bytes).
    Removing stm32f1xx_hal_flash.o(i.HAL_FLASH_OB_Lock), (20 bytes).
    Removing stm32f1xx_hal_flash.o(i.HAL_FLASH_OB_Unlock), (36 bytes).
    Removing stm32f1xx_hal_flash.o(i.HAL_FLASH_OperationErrorCallback), (2 bytes).
    Removing stm32f1xx_hal_flash.o(i.HAL_FLASH_Program), (128 bytes).
    Removing stm32f1xx_hal_flash.o(i.HAL_FLASH_Program_IT), (100 bytes).
    Removing stm32f1xx_hal_flash.o(i.HAL_FLASH_Unlock), (40 bytes).
    Removing stm32f1xx_hal_flash.o(.bss), (32 bytes).
    Removing stm32f1xx_hal_flash_ex.o(.rev16_text), (4 bytes).
    Removing stm32f1xx_hal_flash_ex.o(.revsh_text), (4 bytes).
    Removing stm32f1xx_hal_flash_ex.o(.rrx_text), (6 bytes).
    Removing stm32f1xx_hal_flash_ex.o(i.FLASH_MassErase), (36 bytes).
    Removing stm32f1xx_hal_flash_ex.o(i.FLASH_OB_DisableWRP), (176 bytes).
    Removing stm32f1xx_hal_flash_ex.o(i.FLASH_OB_EnableWRP), (176 bytes).
    Removing stm32f1xx_hal_flash_ex.o(i.FLASH_OB_GetRDP), (24 bytes).
    Removing stm32f1xx_hal_flash_ex.o(i.FLASH_OB_RDP_LevelConfig), (100 bytes).
    Removing stm32f1xx_hal_flash_ex.o(i.FLASH_PageErase), (36 bytes).
    Removing stm32f1xx_hal_flash_ex.o(i.HAL_FLASHEx_Erase), (168 bytes).
    Removing stm32f1xx_hal_flash_ex.o(i.HAL_FLASHEx_Erase_IT), (84 bytes).
    Removing stm32f1xx_hal_flash_ex.o(i.HAL_FLASHEx_OBErase), (84 bytes).
    Removing stm32f1xx_hal_flash_ex.o(i.HAL_FLASHEx_OBGetConfig), (36 bytes).
    Removing stm32f1xx_hal_flash_ex.o(i.HAL_FLASHEx_OBGetUserData), (32 bytes).
    Removing stm32f1xx_hal_flash_ex.o(i.HAL_FLASHEx_OBProgram), (200 bytes).
    Removing stm32f1xx_hal_gpio.o(.rev16_text), (4 bytes).
    Removing stm32f1xx_hal_gpio.o(.revsh_text), (4 bytes).
    Removing stm32f1xx_hal_gpio.o(.rrx_text), (6 bytes).
    Removing stm32f1xx_hal_gpio.o(i.HAL_GPIO_DeInit), (252 bytes).
    Removing stm32f1xx_hal_gpio.o(i.HAL_GPIO_EXTI_Callback), (2 bytes).
    Removing stm32f1xx_hal_gpio.o(i.HAL_GPIO_EXTI_IRQHandler), (24 bytes).
    Removing stm32f1xx_hal_gpio.o(i.HAL_GPIO_Init), (480 bytes).
    Removing stm32f1xx_hal_gpio.o(i.HAL_GPIO_LockPin), (34 bytes).
    Removing stm32f1xx_hal_gpio.o(i.HAL_GPIO_ReadPin), (10 bytes).
    Removing stm32f1xx_hal_gpio.o(i.HAL_GPIO_TogglePin), (14 bytes).
    Removing stm32f1xx_hal_gpio.o(i.HAL_GPIO_WritePin), (10 bytes).
    Removing stm32f1xx_hal_gpio_ex.o(.rev16_text), (4 bytes).
    Removing stm32f1xx_hal_gpio_ex.o(.revsh_text), (4 bytes).
    Removing stm32f1xx_hal_gpio_ex.o(.rrx_text), (6 bytes).
    Removing stm32f1xx_hal_gpio_ex.o(i.HAL_GPIOEx_ConfigEventout), (20 bytes).
    Removing stm32f1xx_hal_gpio_ex.o(i.HAL_GPIOEx_DisableEventout), (16 bytes).
    Removing stm32f1xx_hal_gpio_ex.o(i.HAL_GPIOEx_EnableEventout), (16 bytes).
    Removing stm32f1xx_hal_pcd.o(.rev16_text), (4 bytes).
    Removing stm32f1xx_hal_pcd.o(.revsh_text), (4 bytes).
    Removing stm32f1xx_hal_pcd.o(.rrx_text), (6 bytes).
    Removing stm32f1xx_hal_pcd.o(i.HAL_PCD_ActivateRemoteWakeup), (6 bytes).
    Removing stm32f1xx_hal_pcd.o(i.HAL_PCD_ConnectCallback), (2 bytes).
    Removing stm32f1xx_hal_pcd.o(i.HAL_PCD_DataInStageCallback), (2 bytes).
    Removing stm32f1xx_hal_pcd.o(i.HAL_PCD_DataOutStageCallback), (2 bytes).
    Removing stm32f1xx_hal_pcd.o(i.HAL_PCD_DeActivateRemoteWakeup), (6 bytes).
    Removing stm32f1xx_hal_pcd.o(i.HAL_PCD_DeInit), (36 bytes).
    Removing stm32f1xx_hal_pcd.o(i.HAL_PCD_DevConnect), (44 bytes).
    Removing stm32f1xx_hal_pcd.o(i.HAL_PCD_DevDisconnect), (44 bytes).
    Removing stm32f1xx_hal_pcd.o(i.HAL_PCD_DisconnectCallback), (2 bytes).
    Removing stm32f1xx_hal_pcd.o(i.HAL_PCD_EP_Flush), (52 bytes).
    Removing stm32f1xx_hal_pcd.o(i.HAL_PCD_EP_GetRxCount), (14 bytes).
    Removing stm32f1xx_hal_pcd.o(i.HAL_PCD_GetState), (6 bytes).
    Removing stm32f1xx_hal_pcd.o(i.HAL_PCD_ISOINIncompleteCallback), (2 bytes).
    Removing stm32f1xx_hal_pcd.o(i.HAL_PCD_ISOOUTIncompleteCallback), (2 bytes).
    Removing stm32f1xx_hal_pcd.o(i.HAL_PCD_MspDeInit), (2 bytes).
    Removing stm32f1xx_hal_pcd.o(i.HAL_PCD_MspInit), (2 bytes).
    Removing stm32f1xx_hal_pcd.o(i.HAL_PCD_ResetCallback), (2 bytes).
    Removing stm32f1xx_hal_pcd.o(i.HAL_PCD_ResumeCallback), (2 bytes).
    Removing stm32f1xx_hal_pcd.o(i.HAL_PCD_SOFCallback), (2 bytes).
    Removing stm32f1xx_hal_pcd.o(i.HAL_PCD_SetupStageCallback), (2 bytes).
    Removing stm32f1xx_hal_pcd.o(i.HAL_PCD_Stop), (60 bytes).
    Removing stm32f1xx_hal_pcd.o(i.HAL_PCD_SuspendCallback), (2 bytes).
    Removing stm32f1xx_hal_pcd_ex.o(.rev16_text), (4 bytes).
    Removing stm32f1xx_hal_pcd_ex.o(.revsh_text), (4 bytes).
    Removing stm32f1xx_hal_pcd_ex.o(.rrx_text), (6 bytes).
    Removing stm32f1xx_hal_pcd_ex.o(i.HAL_PCDEx_BCD_Callback), (2 bytes).
    Removing stm32f1xx_hal_pcd_ex.o(i.HAL_PCDEx_LPM_Callback), (2 bytes).
    Removing stm32f1xx_hal_pcd_ex.o(i.HAL_PCDEx_SetConnectionState), (2 bytes).
    Removing stm32f1xx_hal_pwr.o(.rev16_text), (4 bytes).
    Removing stm32f1xx_hal_pwr.o(.revsh_text), (4 bytes).
    Removing stm32f1xx_hal_pwr.o(.rrx_text), (6 bytes).
    Removing stm32f1xx_hal_pwr.o(i.HAL_PWR_ConfigPVD), (124 bytes).
    Removing stm32f1xx_hal_pwr.o(i.HAL_PWR_DeInit), (24 bytes).
    Removing stm32f1xx_hal_pwr.o(i.HAL_PWR_DisableBkUpAccess), (12 bytes).
    Removing stm32f1xx_hal_pwr.o(i.HAL_PWR_DisablePVD), (12 bytes).
    Removing stm32f1xx_hal_pwr.o(i.HAL_PWR_DisableSEVOnPend), (16 bytes).
    Removing stm32f1xx_hal_pwr.o(i.HAL_PWR_DisableSleepOnExit), (16 bytes).
    Removing stm32f1xx_hal_pwr.o(i.HAL_PWR_DisableWakeUpPin), (28 bytes).
    Removing stm32f1xx_hal_pwr.o(i.HAL_PWR_EnableBkUpAccess), (12 bytes).
    Removing stm32f1xx_hal_pwr.o(i.HAL_PWR_EnablePVD), (12 bytes).
    Removing stm32f1xx_hal_pwr.o(i.HAL_PWR_EnableSEVOnPend), (16 bytes).
    Removing stm32f1xx_hal_pwr.o(i.HAL_PWR_EnableSleepOnExit), (16 bytes).
    Removing stm32f1xx_hal_pwr.o(i.HAL_PWR_EnableWakeUpPin), (28 bytes).
    Removing stm32f1xx_hal_pwr.o(i.HAL_PWR_EnterSLEEPMode), (32 bytes).
    Removing stm32f1xx_hal_pwr.o(i.HAL_PWR_EnterSTANDBYMode), (32 bytes).
    Removing stm32f1xx_hal_pwr.o(i.HAL_PWR_EnterSTOPMode), (68 bytes).
    Removing stm32f1xx_hal_pwr.o(i.HAL_PWR_PVDCallback), (2 bytes).
    Removing stm32f1xx_hal_pwr.o(i.HAL_PWR_PVD_IRQHandler), (28 bytes).
    Removing stm32f1xx_hal_pwr.o(i.PWR_OverloadWfe), (6 bytes).
    Removing stm32f1xx_hal_rcc.o(.rev16_text), (4 bytes).
    Removing stm32f1xx_hal_rcc.o(.revsh_text), (4 bytes).
    Removing stm32f1xx_hal_rcc.o(.rrx_text), (6 bytes).
    Removing stm32f1xx_hal_rcc.o(i.HAL_RCC_CSSCallback), (2 bytes).
    Removing stm32f1xx_hal_rcc.o(i.HAL_RCC_DeInit), (220 bytes).
    Removing stm32f1xx_hal_rcc.o(i.HAL_RCC_DisableCSS), (12 bytes).
    Removing stm32f1xx_hal_rcc.o(i.HAL_RCC_EnableCSS), (12 bytes).
    Removing stm32f1xx_hal_rcc.o(i.HAL_RCC_GetClockConfig), (64 bytes).
    Removing stm32f1xx_hal_rcc.o(i.HAL_RCC_GetHCLKFreq), (12 bytes).
    Removing stm32f1xx_hal_rcc.o(i.HAL_RCC_GetOscConfig), (144 bytes).
    Removing stm32f1xx_hal_rcc.o(i.HAL_RCC_GetPCLK1Freq), (32 bytes).
    Removing stm32f1xx_hal_rcc.o(i.HAL_RCC_GetPCLK2Freq), (32 bytes).
    Removing stm32f1xx_hal_rcc.o(i.HAL_RCC_MCOConfig), (72 bytes).
    Removing stm32f1xx_hal_rcc.o(i.HAL_RCC_NMI_IRQHandler), (24 bytes).
    Removing stm32f1xx_hal_rcc_ex.o(.rev16_text), (4 bytes).
    Removing stm32f1xx_hal_rcc_ex.o(.revsh_text), (4 bytes).
    Removing stm32f1xx_hal_rcc_ex.o(.rrx_text), (6 bytes).
    Removing stm32f1xx_hal_rcc_ex.o(i.HAL_RCCEx_GetPeriphCLKConfig), (44 bytes).
    Removing stm32f1xx_hal_rcc_ex.o(i.HAL_RCCEx_GetPeriphCLKFreq), (200 bytes).
    Removing stm32f1xx_ll_usb.o(.rev16_text), (4 bytes).
    Removing stm32f1xx_ll_usb.o(.revsh_text), (4 bytes).
    Removing stm32f1xx_ll_usb.o(.rrx_text), (6 bytes).
    Removing stm32f1xx_ll_usb.o(i.USB_ActivateRemoteWakeup), (14 bytes).
    Removing stm32f1xx_ll_usb.o(i.USB_ClearInterrupts), (2 bytes).
    Removing stm32f1xx_ll_usb.o(i.USB_DeActivateRemoteWakeup), (14 bytes).
    Removing stm32f1xx_ll_usb.o(i.USB_FlushRxFifo), (4 bytes).
    Removing stm32f1xx_ll_usb.o(i.USB_FlushTxFifo), (4 bytes).
    Removing stm32f1xx_ll_usb.o(i.USB_ReadDevAllInEpInterrupt), (4 bytes).
    Removing stm32f1xx_ll_usb.o(i.USB_ReadDevAllOutEpInterrupt), (4 bytes).
    Removing stm32f1xx_ll_usb.o(i.USB_ReadDevInEPInterrupt), (4 bytes).
    Removing stm32f1xx_ll_usb.o(i.USB_ReadDevOutEPInterrupt), (4 bytes).
    Removing stm32f1xx_ll_usb.o(i.USB_ReadPacket), (4 bytes).
    Removing stm32f1xx_ll_usb.o(i.USB_SetDevSpeed), (4 bytes).
    Removing stm32f1xx_ll_usb.o(i.USB_StopDevice), (18 bytes).
    Removing stm32f1xx_ll_usb.o(i.USB_WritePacket), (4 bytes).
    Removing stm32f1xx_hal_dma.o(.rev16_text), (4 bytes).
    Removing stm32f1xx_hal_dma.o(.revsh_text), (4 bytes).
    Removing stm32f1xx_hal_dma.o(.rrx_text), (6 bytes).
    Removing stm32f1xx_hal_dma.o(i.DMA_SetConfig), (42 bytes).
    Removing stm32f1xx_hal_dma.o(i.HAL_DMA_Abort), (70 bytes).
    Removing stm32f1xx_hal_dma.o(i.HAL_DMA_Abort_IT), (152 bytes).
    Removing stm32f1xx_hal_dma.o(i.HAL_DMA_DeInit), (92 bytes).
    Removing stm32f1xx_hal_dma.o(i.HAL_DMA_GetError), (4 bytes).
    Removing stm32f1xx_hal_dma.o(i.HAL_DMA_GetState), (6 bytes).
    Removing stm32f1xx_hal_dma.o(i.HAL_DMA_IRQHandler), (340 bytes).
    Removing stm32f1xx_hal_dma.o(i.HAL_DMA_Init), (92 bytes).
    Removing stm32f1xx_hal_dma.o(i.HAL_DMA_PollForTransfer), (532 bytes).
    Removing stm32f1xx_hal_dma.o(i.HAL_DMA_RegisterCallback), (74 bytes).
    Removing stm32f1xx_hal_dma.o(i.HAL_DMA_Start), (80 bytes).
    Removing stm32f1xx_hal_dma.o(i.HAL_DMA_Start_IT), (112 bytes).
    Removing stm32f1xx_hal_dma.o(i.HAL_DMA_UnRegisterCallback), (82 bytes).
    Removing stm32f1xx_hal_tim.o(.rev16_text), (4 bytes).
    Removing stm32f1xx_hal_tim.o(.revsh_text), (4 bytes).
    Removing stm32f1xx_hal_tim.o(.rrx_text), (6 bytes).
    Removing stm32f1xx_hal_tim_ex.o(.rev16_text), (4 bytes).
    Removing stm32f1xx_hal_tim_ex.o(.revsh_text), (4 bytes).
    Removing stm32f1xx_hal_tim_ex.o(.rrx_text), (6 bytes).
    Removing dadd.o(.text), (334 bytes).
    Removing dmul.o(.text), (228 bytes).
    Removing ddiv.o(.text), (222 bytes).
    Removing dfixul.o(.text), (48 bytes).
    Removing cdrcmple.o(.text), (48 bytes).
    Removing depilogue.o(.text), (186 bytes).

263 unused section(s) (total 10046 bytes) removed from the image.

==============================================================================

Image Symbol Table

    Local Symbols

    Symbol Name                              Value     Ov Type        Size  Object(Section)

    ../clib/../cmprslib/zerorunl2.c          0x00000000   Number         0  __dczerorl2.o ABSOLUTE
    ../clib/microlib/division.c              0x00000000   Number         0  uidiv.o ABSOLUTE
    ../clib/microlib/division.c              0x00000000   Number         0  uldiv.o ABSOLUTE
    ../clib/microlib/init/entry.s            0x00000000   Number         0  entry8a.o ABSOLUTE
    ../clib/microlib/init/entry.s            0x00000000   Number         0  entry7b.o ABSOLUTE
    ../clib/microlib/init/entry.s            0x00000000   Number         0  entry7a.o ABSOLUTE
    ../clib/microlib/init/entry.s            0x00000000   Number         0  entry10b.o ABSOLUTE
    ../clib/microlib/init/entry.s            0x00000000   Number         0  entry5.o ABSOLUTE
    ../clib/microlib/init/entry.s            0x00000000   Number         0  entry11b.o ABSOLUTE
    ../clib/microlib/init/entry.s            0x00000000   Number         0  entry.o ABSOLUTE
    ../clib/microlib/init/entry.s            0x00000000   Number         0  entry11a.o ABSOLUTE
    ../clib/microlib/init/entry.s            0x00000000   Number         0  entry2.o ABSOLUTE
    ../clib/microlib/init/entry.s            0x00000000   Number         0  entry10a.o ABSOLUTE
    ../clib/microlib/init/entry.s            0x00000000   Number         0  entry9b.o ABSOLUTE
    ../clib/microlib/init/entry.s            0x00000000   Number         0  entry9a.o ABSOLUTE
    ../clib/microlib/init/entry.s            0x00000000   Number         0  entry8b.o ABSOLUTE
    ../clib/microlib/longlong.c              0x00000000   Number         0  llushr.o ABSOLUTE
    ../clib/microlib/longlong.c              0x00000000   Number         0  llsshr.o ABSOLUTE
    ../clib/microlib/longlong.c              0x00000000   Number         0  llshl.o ABSOLUTE
    ../clib/microlib/printf/printf.c         0x00000000   Number         0  printf4.o ABSOLUTE
    ../clib/microlib/printf/printf.c         0x00000000   Number         0  printf5.o ABSOLUTE
    ../clib/microlib/printf/printf.c         0x00000000   Number         0  printf7.o ABSOLUTE
    ../clib/microlib/printf/printf.c         0x00000000   Number         0  printf8.o ABSOLUTE
    ../clib/microlib/printf/printf.c         0x00000000   Number         0  printf2.o ABSOLUTE
    ../clib/microlib/printf/printf.c         0x00000000   Number         0  printf1.o ABSOLUTE
    ../clib/microlib/printf/printf.c         0x00000000   Number         0  printf0.o ABSOLUTE
    ../clib/microlib/printf/printf.c         0x00000000   Number         0  printfb.o ABSOLUTE
    ../clib/microlib/printf/printf.c         0x00000000   Number         0  printf3.o ABSOLUTE
    ../clib/microlib/printf/printf.c         0x00000000   Number         0  printf6.o ABSOLUTE
    ../clib/microlib/printf/printf.c         0x00000000   Number         0  printfa.o ABSOLUTE
    ../clib/microlib/stdio/fputc.c           0x00000000   Number         0  fputc.o ABSOLUTE
    ../clib/microlib/stdio/semi.s            0x00000000   Number         0  semi.o ABSOLUTE
    ../clib/microlib/stdio/streams.c         0x00000000   Number         0  stdout.o ABSOLUTE
    ../clib/microlib/string/memcpy.c         0x00000000   Number         0  memcpya.o ABSOLUTE
    ../clib/microlib/string/memcpy.c         0x00000000   Number         0  memcpyb.o ABSOLUTE
    ../clib/microlib/string/memset.c         0x00000000   Number         0  memseta.o ABSOLUTE
    ../clib/microlib/stubs.s                 0x00000000   Number         0  iusefp.o ABSOLUTE
    ../clib/microlib/stubs.s                 0x00000000   Number         0  iusesemip.o ABSOLUTE
    ../fplib/microlib/fpadd.c                0x00000000   Number         0  dadd.o ABSOLUTE
    ../fplib/microlib/fpdiv.c                0x00000000   Number         0  ddiv.o ABSOLUTE
    ../fplib/microlib/fpepilogue.c           0x00000000   Number         0  depilogue.o ABSOLUTE
    ../fplib/microlib/fpfix.c                0x00000000   Number         0  dfixul.o ABSOLUTE
    ../fplib/microlib/fpmul.c                0x00000000   Number         0  dmul.o ABSOLUTE
    ..\\app\\gpio.c                          0x00000000   Number         0  gpio.o ABSOLUTE
    ..\\app\\main.c                          0x00000000   Number         0  main.o ABSOLUTE
    ..\\app\\stm32f1xx_hal_msp.c             0x00000000   Number         0  stm32f1xx_hal_msp.o ABSOLUTE
    ..\\app\\stm32f1xx_it.c                  0x00000000   Number         0  stm32f1xx_it.o ABSOLUTE
    ..\\core\\system_stm32f1xx.c             0x00000000   Number         0  system_stm32f1xx_1.o ABSOLUTE
    ..\\hallib\\Src\\stm32f1xx_hal.c         0x00000000   Number         0  stm32f1xx_hal.o ABSOLUTE
    ..\\hallib\\Src\\stm32f1xx_hal_cortex.c  0x00000000   Number         0  stm32f1xx_hal_cortex.o ABSOLUTE
    ..\\hallib\\Src\\stm32f1xx_hal_dma.c     0x00000000   Number         0  stm32f1xx_hal_dma.o ABSOLUTE
    ..\\hallib\\Src\\stm32f1xx_hal_flash.c   0x00000000   Number         0  stm32f1xx_hal_flash.o ABSOLUTE
    ..\\hallib\\Src\\stm32f1xx_hal_flash_ex.c 0x00000000   Number         0  stm32f1xx_hal_flash_ex.o ABSOLUTE
    ..\\hallib\\Src\\stm32f1xx_hal_gpio.c    0x00000000   Number         0  stm32f1xx_hal_gpio.o ABSOLUTE
    ..\\hallib\\Src\\stm32f1xx_hal_gpio_ex.c 0x00000000   Number         0  stm32f1xx_hal_gpio_ex.o ABSOLUTE
    ..\\hallib\\Src\\stm32f1xx_hal_pcd.c     0x00000000   Number         0  stm32f1xx_hal_pcd.o ABSOLUTE
    ..\\hallib\\Src\\stm32f1xx_hal_pcd_ex.c  0x00000000   Number         0  stm32f1xx_hal_pcd_ex.o ABSOLUTE
    ..\\hallib\\Src\\stm32f1xx_hal_pwr.c     0x00000000   Number         0  stm32f1xx_hal_pwr.o ABSOLUTE
    ..\\hallib\\Src\\stm32f1xx_hal_rcc.c     0x00000000   Number         0  stm32f1xx_hal_rcc.o ABSOLUTE
    ..\\hallib\\Src\\stm32f1xx_hal_rcc_ex.c  0x00000000   Number         0  stm32f1xx_hal_rcc_ex.o ABSOLUTE
    ..\\hallib\\Src\\stm32f1xx_hal_tim.c     0x00000000   Number         0  stm32f1xx_hal_tim.o ABSOLUTE
    ..\\hallib\\Src\\stm32f1xx_hal_tim_ex.c  0x00000000   Number         0  stm32f1xx_hal_tim_ex.o ABSOLUTE
    ..\\hallib\\Src\\stm32f1xx_ll_usb.c      0x00000000   Number         0  stm32f1xx_ll_usb.o ABSOLUTE
    ..\\usb\\Class\\HID\\Src\\usbd_hid.c     0x00000000   Number         0  usbd_hid.o ABSOLUTE
    ..\\usb\\Core\\Src\\usbd_core.c          0x00000000   Number         0  usbd_core.o ABSOLUTE
    ..\\usb\\Core\\Src\\usbd_ctlreq.c        0x00000000   Number         0  usbd_ctlreq.o ABSOLUTE
    ..\\usb\\Core\\Src\\usbd_ioreq.c         0x00000000   Number         0  usbd_ioreq.o ABSOLUTE
    ..\\usbconfig\\usb_device.c              0x00000000   Number         0  usb_device.o ABSOLUTE
    ..\\usbconfig\\usbd_conf.c               0x00000000   Number         0  usbd_conf.o ABSOLUTE
    ..\\usbconfig\\usbd_desc.c               0x00000000   Number         0  usbd_desc.o ABSOLUTE
    ..\app\gpio.c                            0x00000000   Number         0  gpio.o ABSOLUTE
    ..\app\main.c                            0x00000000   Number         0  main.o ABSOLUTE
    ..\app\stm32f1xx_hal_msp.c               0x00000000   Number         0  stm32f1xx_hal_msp.o ABSOLUTE
    ..\app\stm32f1xx_it.c                    0x00000000   Number         0  stm32f1xx_it.o ABSOLUTE
    ..\core\arm\startup_stm32f103xb.s        0x00000000   Number         0  startup_stm32f103xb.o ABSOLUTE
    ..\core\system_stm32f1xx.c               0x00000000   Number         0  system_stm32f1xx_1.o ABSOLUTE
    ..\hallib\Src\stm32f1xx_hal.c            0x00000000   Number         0  stm32f1xx_hal.o ABSOLUTE
    ..\hallib\Src\stm32f1xx_hal_cortex.c     0x00000000   Number         0  stm32f1xx_hal_cortex.o ABSOLUTE
    ..\hallib\Src\stm32f1xx_hal_dma.c        0x00000000   Number         0  stm32f1xx_hal_dma.o ABSOLUTE
    ..\hallib\Src\stm32f1xx_hal_flash.c      0x00000000   Number         0  stm32f1xx_hal_flash.o ABSOLUTE
    ..\hallib\Src\stm32f1xx_hal_flash_ex.c   0x00000000   Number         0  stm32f1xx_hal_flash_ex.o ABSOLUTE
    ..\hallib\Src\stm32f1xx_hal_gpio.c       0x00000000   Number         0  stm32f1xx_hal_gpio.o ABSOLUTE
    ..\hallib\Src\stm32f1xx_hal_gpio_ex.c    0x00000000   Number         0  stm32f1xx_hal_gpio_ex.o ABSOLUTE
    ..\hallib\Src\stm32f1xx_hal_pcd.c        0x00000000   Number         0  stm32f1xx_hal_pcd.o ABSOLUTE
    ..\hallib\Src\stm32f1xx_hal_pcd_ex.c     0x00000000   Number         0  stm32f1xx_hal_pcd_ex.o ABSOLUTE
    ..\hallib\Src\stm32f1xx_hal_pwr.c        0x00000000   Number         0  stm32f1xx_hal_pwr.o ABSOLUTE
    ..\hallib\Src\stm32f1xx_hal_rcc.c        0x00000000   Number         0  stm32f1xx_hal_rcc.o ABSOLUTE
    ..\hallib\Src\stm32f1xx_hal_rcc_ex.c     0x00000000   Number         0  stm32f1xx_hal_rcc_ex.o ABSOLUTE
    ..\hallib\Src\stm32f1xx_hal_tim.c        0x00000000   Number         0  stm32f1xx_hal_tim.o ABSOLUTE
    ..\hallib\Src\stm32f1xx_hal_tim_ex.c     0x00000000   Number         0  stm32f1xx_hal_tim_ex.o ABSOLUTE
    ..\hallib\Src\stm32f1xx_ll_usb.c         0x00000000   Number         0  stm32f1xx_ll_usb.o ABSOLUTE
    ..\usb\Class\HID\Src\usbd_hid.c          0x00000000   Number         0  usbd_hid.o ABSOLUTE
    ..\usb\Core\Src\usbd_core.c              0x00000000   Number         0  usbd_core.o ABSOLUTE
    ..\usb\Core\Src\usbd_ctlreq.c            0x00000000   Number         0  usbd_ctlreq.o ABSOLUTE
    ..\usb\Core\Src\usbd_ioreq.c             0x00000000   Number         0  usbd_ioreq.o ABSOLUTE
    ..\usbconfig\usb_device.c                0x00000000   Number         0  usb_device.o ABSOLUTE
    ..\usbconfig\usbd_conf.c                 0x00000000   Number         0  usbd_conf.o ABSOLUTE
    ..\usbconfig\usbd_desc.c                 0x00000000   Number         0  usbd_desc.o ABSOLUTE
    cdrcmple.s                               0x00000000   Number         0  cdrcmple.o ABSOLUTE
    dc.s                                     0x00000000   Number         0  dc.o ABSOLUTE
    handlers.s                               0x00000000   Number         0  handlers.o ABSOLUTE
    init.s                                   0x00000000   Number         0  init.o ABSOLUTE
    RESET                                    0x08000000   Section      236  startup_stm32f103xb.o(RESET)
    .ARM.Collect$$$$00000000                 0x080000ec   Section        0  entry.o(.ARM.Collect$$$$00000000)
    .ARM.Collect$$$$00000001                 0x080000ec   Section        4  entry2.o(.ARM.Collect$$$$00000001)
    .ARM.Collect$$$$00000004                 0x080000f0   Section        4  entry5.o(.ARM.Collect$$$$00000004)
    .ARM.Collect$$$$00000008                 0x080000f4   Section        0  entry7b.o(.ARM.Collect$$$$00000008)
    .ARM.Collect$$$$0000000A                 0x080000f4   Section        0  entry8b.o(.ARM.Collect$$$$0000000A)
    .ARM.Collect$$$$0000000B                 0x080000f4   Section        8  entry9a.o(.ARM.Collect$$$$0000000B)
    .ARM.Collect$$$$0000000D                 0x080000fc   Section        0  entry10a.o(.ARM.Collect$$$$0000000D)
    .ARM.Collect$$$$0000000F                 0x080000fc   Section        0  entry11a.o(.ARM.Collect$$$$0000000F)
    .ARM.Collect$$$$00002712                 0x080000fc   Section        4  entry2.o(.ARM.Collect$$$$00002712)
    __lit__00000000                          0x080000fc   Data           4  entry2.o(.ARM.Collect$$$$00002712)
    .text                                    0x08000100   Section       36  startup_stm32f103xb.o(.text)
    .text                                    0x08000124   Section        0  memcpya.o(.text)
    .text                                    0x08000148   Section        0  memseta.o(.text)
    .text                                    0x0800016c   Section       36  init.o(.text)
    .text                                    0x08000190   Section        0  __dczerorl2.o(.text)
    .text                                    0x08000190   Section        0  iusesemip.o(.text)
    .text                                    0x08000190   Section        0  semi.o(.text)
    i.BusFault_Handler                       0x080001e6   Section        0  stm32f1xx_it.o(i.BusFault_Handler)
    i.DebugMon_Handler                       0x080001e8   Section        0  stm32f1xx_it.o(i.DebugMon_Handler)
    i.Error_Handler                          0x080001ea   Section        0  main.o(i.Error_Handler)
    i.HAL_Delay                              0x080001ec   Section        0  stm32f1xx_hal.o(i.HAL_Delay)
    i.HAL_GetTick                            0x08000210   Section        0  stm32f1xx_hal.o(i.HAL_GetTick)
    i.HAL_IncTick                            0x0800021c   Section        0  stm32f1xx_hal.o(i.HAL_IncTick)
    i.HAL_Init                               0x0800022c   Section        0  stm32f1xx_hal.o(i.HAL_Init)
    i.HAL_InitTick                           0x08000250   Section        0  stm32f1xx_hal.o(i.HAL_InitTick)
    i.HAL_MspInit                            0x08000290   Section        0  stm32f1xx_hal_msp.o(i.HAL_MspInit)
    i.HAL_NVIC_EnableIRQ                     0x080002cc   Section        0  stm32f1xx_hal_cortex.o(i.HAL_NVIC_EnableIRQ)
    i.HAL_NVIC_SetPriority                   0x080002e8   Section        0  stm32f1xx_hal_cortex.o(i.HAL_NVIC_SetPriority)
    i.HAL_NVIC_SetPriorityGrouping           0x08000328   Section        0  stm32f1xx_hal_cortex.o(i.HAL_NVIC_SetPriorityGrouping)
    i.HAL_PCDEx_PMAConfig                    0x0800034c   Section        0  stm32f1xx_hal_pcd_ex.o(i.HAL_PCDEx_PMAConfig)
    i.HAL_PCDEx_SetConnectionState           0x08000380   Section        0  usbd_conf.o(i.HAL_PCDEx_SetConnectionState)
    i.HAL_PCD_DataInStageCallback            0x08000382   Section        0  usbd_conf.o(i.HAL_PCD_DataInStageCallback)
    i.HAL_PCD_DataOutStageCallback           0x08000390   Section        0  usbd_conf.o(i.HAL_PCD_DataOutStageCallback)
    i.HAL_PCD_EP_Close                       0x080003a0   Section        0  stm32f1xx_hal_pcd.o(i.HAL_PCD_EP_Close)
    i.HAL_PCD_EP_ClrStall                    0x080003e8   Section        0  stm32f1xx_hal_pcd.o(i.HAL_PCD_EP_ClrStall)
    i.HAL_PCD_EP_Open                        0x08000440   Section        0  stm32f1xx_hal_pcd.o(i.HAL_PCD_EP_Open)
    i.HAL_PCD_EP_Receive                     0x0800049c   Section        0  stm32f1xx_hal_pcd.o(i.HAL_PCD_EP_Receive)
    i.HAL_PCD_EP_SetStall                    0x080004ca   Section        0  stm32f1xx_hal_pcd.o(i.HAL_PCD_EP_SetStall)
    i.HAL_PCD_EP_Transmit                    0x08000534   Section        0  stm32f1xx_hal_pcd.o(i.HAL_PCD_EP_Transmit)
    i.HAL_PCD_IRQHandler                     0x0800055e   Section        0  stm32f1xx_hal_pcd.o(i.HAL_PCD_IRQHandler)
    i.HAL_PCD_Init                           0x08000674   Section        0  stm32f1xx_hal_pcd.o(i.HAL_PCD_Init)
    i.HAL_PCD_MspInit                        0x08000748   Section        0  usbd_conf.o(i.HAL_PCD_MspInit)
    i.HAL_PCD_ResetCallback                  0x08000784   Section        0  usbd_conf.o(i.HAL_PCD_ResetCallback)
    i.HAL_PCD_ResumeCallback                 0x080007aa   Section        0  usbd_conf.o(i.HAL_PCD_ResumeCallback)
    i.HAL_PCD_SOFCallback                    0x080007b2   Section        0  usbd_conf.o(i.HAL_PCD_SOFCallback)
    i.HAL_PCD_SetAddress                     0x080007ba   Section        0  stm32f1xx_hal_pcd.o(i.HAL_PCD_SetAddress)
    i.HAL_PCD_SetupStageCallback             0x080007e2   Section        0  usbd_conf.o(i.HAL_PCD_SetupStageCallback)
    i.HAL_PCD_Start                          0x080007f0   Section        0  stm32f1xx_hal_pcd.o(i.HAL_PCD_Start)
    i.HAL_PCD_SuspendCallback                0x08000824   Section        0  usbd_conf.o(i.HAL_PCD_SuspendCallback)
    i.HAL_RCCEx_PeriphCLKConfig              0x08000848   Section        0  stm32f1xx_hal_rcc_ex.o(i.HAL_RCCEx_PeriphCLKConfig)
    i.HAL_RCC_ClockConfig                    0x08000934   Section        0  stm32f1xx_hal_rcc.o(i.HAL_RCC_ClockConfig)
    i.HAL_RCC_GetSysClockFreq                0x08000a60   Section        0  stm32f1xx_hal_rcc.o(i.HAL_RCC_GetSysClockFreq)
    i.HAL_RCC_OscConfig                      0x08000acc   Section        0  stm32f1xx_hal_rcc.o(i.HAL_RCC_OscConfig)
    i.HAL_SYSTICK_Config                     0x08000dec   Section        0  stm32f1xx_hal_cortex.o(i.HAL_SYSTICK_Config)
    i.HardFault_Handler                      0x08000e14   Section        0  stm32f1xx_it.o(i.HardFault_Handler)
    i.IntToUnicode                           0x08000e18   Section        0  usbd_desc.o(i.IntToUnicode)
    IntToUnicode                             0x08000e19   Thumb Code    56  usbd_desc.o(i.IntToUnicode)
    i.MX_GPIO_Init                           0x08000e50   Section        0  gpio.o(i.MX_GPIO_Init)
    i.MemManage_Handler                      0x08000e7c   Section        0  stm32f1xx_it.o(i.MemManage_Handler)
    i.NMI_Handler                            0x08000e7e   Section        0  stm32f1xx_it.o(i.NMI_Handler)
    i.PCD_EP_ISR_Handler                     0x08000e80   Section        0  stm32f1xx_hal_pcd.o(i.PCD_EP_ISR_Handler)
    PCD_EP_ISR_Handler                       0x08000e81   Thumb Code   706  stm32f1xx_hal_pcd.o(i.PCD_EP_ISR_Handler)
    i.PendSV_Handler                         0x08001142   Section        0  stm32f1xx_it.o(i.PendSV_Handler)
    i.SVC_Handler                            0x08001144   Section        0  stm32f1xx_it.o(i.SVC_Handler)
    i.SysTick_Handler                        0x08001146   Section        0  stm32f1xx_it.o(i.SysTick_Handler)
    i.SystemClock_Config                     0x0800114a   Section        0  main.o(i.SystemClock_Config)
    i.SystemInit                             0x080011ac   Section        0  system_stm32f1xx_1.o(i.SystemInit)
    i.USBD_ClrClassConfig                    0x080011f4   Section        0  usbd_core.o(i.USBD_ClrClassConfig)
    i.USBD_CtlContinueRx                     0x08001202   Section        0  usbd_ioreq.o(i.USBD_CtlContinueRx)
    i.USBD_CtlContinueSendData               0x08001212   Section        0  usbd_ioreq.o(i.USBD_CtlContinueSendData)
    i.USBD_CtlError                          0x08001222   Section        0  usbd_ctlreq.o(i.USBD_CtlError)
    i.USBD_CtlReceiveStatus                  0x08001238   Section        0  usbd_ioreq.o(i.USBD_CtlReceiveStatus)
    i.USBD_CtlSendData                       0x0800124e   Section        0  usbd_ioreq.o(i.USBD_CtlSendData)
    i.USBD_CtlSendStatus                     0x08001268   Section        0  usbd_ioreq.o(i.USBD_CtlSendStatus)
    i.USBD_FS_ConfigStrDescriptor            0x08001280   Section        0  usbd_desc.o(i.USBD_FS_ConfigStrDescriptor)
    i.USBD_FS_DeviceDescriptor               0x080012a0   Section        0  usbd_desc.o(i.USBD_FS_DeviceDescriptor)
    i.USBD_FS_InterfaceStrDescriptor         0x080012ac   Section        0  usbd_desc.o(i.USBD_FS_InterfaceStrDescriptor)
    i.USBD_FS_LangIDStrDescriptor            0x080012d0   Section        0  usbd_desc.o(i.USBD_FS_LangIDStrDescriptor)
    i.USBD_FS_ManufacturerStrDescriptor      0x080012dc   Section        0  usbd_desc.o(i.USBD_FS_ManufacturerStrDescriptor)
    i.USBD_FS_ProductStrDescriptor           0x08001304   Section        0  usbd_desc.o(i.USBD_FS_ProductStrDescriptor)
    i.USBD_FS_SerialStrDescriptor            0x08001330   Section        0  usbd_desc.o(i.USBD_FS_SerialStrDescriptor)
    i.USBD_GetDescriptor                     0x08001368   Section        0  usbd_ctlreq.o(i.USBD_GetDescriptor)
    USBD_GetDescriptor                       0x08001369   Thumb Code   232  usbd_ctlreq.o(i.USBD_GetDescriptor)
    i.USBD_GetString                         0x08001450   Section        0  usbd_ctlreq.o(i.USBD_GetString)
    i.USBD_Get_USB_Status                    0x08001498   Section        0  usbd_conf.o(i.USBD_Get_USB_Status)
    USBD_Get_USB_Status                      0x08001499   Thumb Code    24  usbd_conf.o(i.USBD_Get_USB_Status)
    i.USBD_HID_DataIn                        0x080014b0   Section        0  usbd_hid.o(i.USBD_HID_DataIn)
    USBD_HID_DataIn                          0x080014b1   Thumb Code    12  usbd_hid.o(i.USBD_HID_DataIn)
    i.USBD_HID_DeInit                        0x080014bc   Section        0  usbd_hid.o(i.USBD_HID_DeInit)
    USBD_HID_DeInit                          0x080014bd   Thumb Code    32  usbd_hid.o(i.USBD_HID_DeInit)
    i.USBD_HID_GetDeviceQualifierDesc        0x080014dc   Section        0  usbd_hid.o(i.USBD_HID_GetDeviceQualifierDesc)
    USBD_HID_GetDeviceQualifierDesc          0x080014dd   Thumb Code     8  usbd_hid.o(i.USBD_HID_GetDeviceQualifierDesc)
    i.USBD_HID_GetFSCfgDesc                  0x080014e8   Section        0  usbd_hid.o(i.USBD_HID_GetFSCfgDesc)
    USBD_HID_GetFSCfgDesc                    0x080014e9   Thumb Code     8  usbd_hid.o(i.USBD_HID_GetFSCfgDesc)
    i.USBD_HID_GetHSCfgDesc                  0x080014f4   Section        0  usbd_hid.o(i.USBD_HID_GetHSCfgDesc)
    USBD_HID_GetHSCfgDesc                    0x080014f5   Thumb Code     8  usbd_hid.o(i.USBD_HID_GetHSCfgDesc)
    i.USBD_HID_GetOtherSpeedCfgDesc          0x08001500   Section        0  usbd_hid.o(i.USBD_HID_GetOtherSpeedCfgDesc)
    USBD_HID_GetOtherSpeedCfgDesc            0x08001501   Thumb Code     8  usbd_hid.o(i.USBD_HID_GetOtherSpeedCfgDesc)
    i.USBD_HID_Init                          0x0800150c   Section        0  usbd_hid.o(i.USBD_HID_Init)
    USBD_HID_Init                            0x0800150d   Thumb Code    42  usbd_hid.o(i.USBD_HID_Init)
    i.USBD_HID_SendReport                    0x08001536   Section        0  usbd_hid.o(i.USBD_HID_SendReport)
    i.USBD_HID_Setup                         0x0800155c   Section        0  usbd_hid.o(i.USBD_HID_Setup)
    USBD_HID_Setup                           0x0800155d   Thumb Code   196  usbd_hid.o(i.USBD_HID_Setup)
    i.USBD_Init                              0x08001624   Section        0  usbd_core.o(i.USBD_Init)
    i.USBD_LL_ClearStallEP                   0x08001684   Section        0  usbd_conf.o(i.USBD_LL_ClearStallEP)
    i.USBD_LL_CloseEP                        0x08001696   Section        0  usbd_conf.o(i.USBD_LL_CloseEP)
    i.USBD_LL_DataInStage                    0x080016a8   Section        0  usbd_core.o(i.USBD_LL_DataInStage)
    i.USBD_LL_DataOutStage                   0x0800176e   Section        0  usbd_core.o(i.USBD_LL_DataOutStage)
    i.USBD_LL_Init                           0x080017f0   Section        0  usbd_conf.o(i.USBD_LL_Init)
    i.USBD_LL_IsStallEP                      0x08001858   Section        0  usbd_conf.o(i.USBD_LL_IsStallEP)
    i.USBD_LL_OpenEP                         0x08001874   Section        0  usbd_conf.o(i.USBD_LL_OpenEP)
    i.USBD_LL_PrepareReceive                 0x0800188c   Section        0  usbd_conf.o(i.USBD_LL_PrepareReceive)
    i.USBD_LL_Reset                          0x0800189e   Section        0  usbd_core.o(i.USBD_LL_Reset)
    i.USBD_LL_Resume                         0x080018ee   Section        0  usbd_core.o(i.USBD_LL_Resume)
    i.USBD_LL_SOF                            0x08001902   Section        0  usbd_core.o(i.USBD_LL_SOF)
    i.USBD_LL_SetSpeed                       0x0800191a   Section        0  usbd_core.o(i.USBD_LL_SetSpeed)
    i.USBD_LL_SetUSBAddress                  0x08001920   Section        0  usbd_conf.o(i.USBD_LL_SetUSBAddress)
    i.USBD_LL_SetupStage                     0x08001932   Section        0  usbd_core.o(i.USBD_LL_SetupStage)
    i.USBD_LL_StallEP                        0x0800198c   Section        0  usbd_conf.o(i.USBD_LL_StallEP)
    i.USBD_LL_Start                          0x0800199e   Section        0  usbd_conf.o(i.USBD_LL_Start)
    i.USBD_LL_Suspend                        0x080019b0   Section        0  usbd_core.o(i.USBD_LL_Suspend)
    i.USBD_LL_Transmit                       0x080019c2   Section        0  usbd_conf.o(i.USBD_LL_Transmit)
    i.USBD_ParseSetupRequest                 0x080019d4   Section        0  usbd_ctlreq.o(i.USBD_ParseSetupRequest)
    i.USBD_RegisterClass                     0x080019fc   Section        0  usbd_core.o(i.USBD_RegisterClass)
    i.USBD_SetClassConfig                    0x08001a44   Section        0  usbd_core.o(i.USBD_SetClassConfig)
    i.USBD_SetConfig                         0x08001a5c   Section        0  usbd_ctlreq.o(i.USBD_SetConfig)
    USBD_SetConfig                           0x08001a5d   Thumb Code   128  usbd_ctlreq.o(i.USBD_SetConfig)
    i.USBD_Start                             0x08001ae0   Section        0  usbd_core.o(i.USBD_Start)
    i.USBD_StdDevReq                         0x08001aea   Section        0  usbd_ctlreq.o(i.USBD_StdDevReq)
    i.USBD_StdEPReq                          0x08001bfc   Section        0  usbd_ctlreq.o(i.USBD_StdEPReq)
    i.USBD_StdItfReq                         0x08001d4c   Section        0  usbd_ctlreq.o(i.USBD_StdItfReq)
    i.USBD_static_free                       0x08001d9a   Section        0  usbd_conf.o(i.USBD_static_free)
    i.USBD_static_malloc                     0x08001d9c   Section        0  usbd_conf.o(i.USBD_static_malloc)
    i.USB_ActivateEndpoint                   0x08001da4   Section        0  stm32f1xx_ll_usb.o(i.USB_ActivateEndpoint)
    i.USB_CoreInit                           0x0800200a   Section        0  stm32f1xx_ll_usb.o(i.USB_CoreInit)
    i.USB_DeactivateEndpoint                 0x0800200e   Section        0  stm32f1xx_ll_usb.o(i.USB_DeactivateEndpoint)
    i.USB_DevConnect                         0x0800211c   Section        0  stm32f1xx_ll_usb.o(i.USB_DevConnect)
    i.USB_DevDisconnect                      0x08002120   Section        0  stm32f1xx_ll_usb.o(i.USB_DevDisconnect)
    i.USB_DevInit                            0x08002124   Section        0  stm32f1xx_ll_usb.o(i.USB_DevInit)
    i.USB_DisableGlobalInt                   0x08002142   Section        0  stm32f1xx_ll_usb.o(i.USB_DisableGlobalInt)
    i.USB_EP0_OutStart                       0x08002150   Section        0  stm32f1xx_ll_usb.o(i.USB_EP0_OutStart)
    i.USB_EPClearStall                       0x08002154   Section        0  stm32f1xx_ll_usb.o(i.USB_EPClearStall)
    i.USB_EPSetStall                         0x080021cc   Section        0  stm32f1xx_ll_usb.o(i.USB_EPSetStall)
    i.USB_EPStartXfer                        0x080021fe   Section        0  stm32f1xx_ll_usb.o(i.USB_EPStartXfer)
    i.USB_EnableGlobalInt                    0x0800239a   Section        0  stm32f1xx_ll_usb.o(i.USB_EnableGlobalInt)
    i.USB_LP_CAN1_RX0_IRQHandler             0x080023a8   Section        0  stm32f1xx_it.o(i.USB_LP_CAN1_RX0_IRQHandler)
    i.USB_ReadInterrupts                     0x080023b4   Section        0  stm32f1xx_ll_usb.o(i.USB_ReadInterrupts)
    i.USB_ReadPMA                            0x080023bc   Section        0  stm32f1xx_ll_usb.o(i.USB_ReadPMA)
    i.USB_SetCurrentMode                     0x080023e8   Section        0  stm32f1xx_ll_usb.o(i.USB_SetCurrentMode)
    i.USB_SetDevAddress                      0x080023ec   Section        0  stm32f1xx_ll_usb.o(i.USB_SetDevAddress)
    i.USB_WritePMA                           0x080023f8   Section        0  stm32f1xx_ll_usb.o(i.USB_WritePMA)
    i.UsageFault_Handler                     0x0800241e   Section        0  stm32f1xx_it.o(i.UsageFault_Handler)
    i.__0printf$bare                         0x08002420   Section        0  printfb.o(i.__0printf$bare)
    i.__NVIC_SetPriority                     0x08002430   Section        0  stm32f1xx_hal_cortex.o(i.__NVIC_SetPriority)
    __NVIC_SetPriority                       0x08002431   Thumb Code    32  stm32f1xx_hal_cortex.o(i.__NVIC_SetPriority)
    i.__scatterload_copy                     0x08002450   Section       14  handlers.o(i.__scatterload_copy)
    i.__scatterload_null                     0x0800245e   Section        2  handlers.o(i.__scatterload_null)
    i.__scatterload_zeroinit                 0x08002460   Section       14  handlers.o(i.__scatterload_zeroinit)
    i._printf_core                           0x0800246e   Section        0  printfb.o(i._printf_core)
    _printf_core                             0x0800246f   Thumb Code    34  printfb.o(i._printf_core)
    i.fputc                                  0x08002490   Section        0  fputc.o(i.fputc)
    i.main                                   0x080024a4   Section        0  main.o(i.main)
    .constdata                               0x08002530   Section       16  system_stm32f1xx_1.o(.constdata)
    .data                                    0x20000000   Section        5  main.o(.data)
    temp                                     0x20000000   Data           1  main.o(.data)
    .data                                    0x20000008   Section        4  system_stm32f1xx_1.o(.data)
    .data                                    0x2000000c   Section        1  usbd_ctlreq.o(.data)
    cfgidx                                   0x2000000c   Data           1  usbd_ctlreq.o(.data)
    .data                                    0x20000010   Section       56  usbd_hid.o(.data)
    .data                                    0x20000048   Section      206  usbd_hid.o(.data)
    USBD_HID_CfgFSDesc                       0x20000048   Data          34  usbd_hid.o(.data)
    USBD_HID_CfgHSDesc                       0x2000006c   Data          34  usbd_hid.o(.data)
    USBD_HID_OtherSpeedCfgDesc               0x20000090   Data          34  usbd_hid.o(.data)
    USBD_HID_Desc                            0x200000b4   Data           9  usbd_hid.o(.data)
    USBD_HID_DeviceQualifierDesc             0x200000c0   Data          10  usbd_hid.o(.data)
    HID_MOUSE_ReportDesc                     0x200000cc   Data          74  usbd_hid.o(.data)
    .data                                    0x20000118   Section       28  usbd_desc.o(.data)
    .data                                    0x20000134   Section       50  usbd_desc.o(.data)
    .data                                    0x20000168   Section       12  stm32f1xx_hal.o(.data)
    .data                                    0x20000174   Section        4  stdout.o(.data)
    .bss                                     0x20000178   Section      708  main.o(.bss)
    .bss                                     0x2000043c   Section      640  usbd_conf.o(.bss)
    mem                                      0x2000043c   Data          20  usbd_conf.o(.bss)
    .bss                                     0x200006bc   Section      512  usbd_desc.o(.bss)
    STACK                                    0x200008c0   Section     1024  startup_stm32f103xb.o(STACK)

    Global Symbols

    Symbol Name                              Value     Ov Type        Size  Object(Section)

    BuildAttributes$$THM_ISAv4$P$D$K$B$S$PE$A:L22UL41UL21$X:L11$S22US41US21$IEEE1$IW$USESV6$~STKCKD$USESV7$~SHL$OSPACE$ROPI$EBA8$MICROLIB$REQ8$PRES8$EABIv2 0x00000000   Number         0  anon$$obj.o ABSOLUTE
    __ARM_use_no_argv                        0x00000000   Number         0  main.o ABSOLUTE
    __cpp_initialize__aeabi_                  - Undefined Weak Reference
    __cxa_finalize                            - Undefined Weak Reference
    _clock_init                               - Undefined Weak Reference
    _microlib_exit                            - Undefined Weak Reference
    __Vectors_Size                           0x000000ec   Number         0  startup_stm32f103xb.o ABSOLUTE
    __Vectors                                0x08000000   Data           4  startup_stm32f103xb.o(RESET)
    __Vectors_End                            0x080000ec   Data           0  startup_stm32f103xb.o(RESET)
    __main                                   0x080000ed   Thumb Code     0  entry.o(.ARM.Collect$$$$00000000)
    _main_stk                                0x080000ed   Thumb Code     0  entry2.o(.ARM.Collect$$$$00000001)
    _main_scatterload                        0x080000f1   Thumb Code     0  entry5.o(.ARM.Collect$$$$00000004)
    __main_after_scatterload                 0x080000f5   Thumb Code     0  entry5.o(.ARM.Collect$$$$00000004)
    _main_clock                              0x080000f5   Thumb Code     0  entry7b.o(.ARM.Collect$$$$00000008)
    _main_cpp_init                           0x080000f5   Thumb Code     0  entry8b.o(.ARM.Collect$$$$0000000A)
    _main_init                               0x080000f5   Thumb Code     0  entry9a.o(.ARM.Collect$$$$0000000B)
    __rt_final_cpp                           0x080000fd   Thumb Code     0  entry10a.o(.ARM.Collect$$$$0000000D)
    __rt_final_exit                          0x080000fd   Thumb Code     0  entry11a.o(.ARM.Collect$$$$0000000F)
    Reset_Handler                            0x08000101   Thumb Code     8  startup_stm32f103xb.o(.text)
    ADC1_2_IRQHandler                        0x0800011b   Thumb Code     0  startup_stm32f103xb.o(.text)
    CAN1_RX1_IRQHandler                      0x0800011b   Thumb Code     0  startup_stm32f103xb.o(.text)
    CAN1_SCE_IRQHandler                      0x0800011b   Thumb Code     0  startup_stm32f103xb.o(.text)
    DMA1_Channel1_IRQHandler                 0x0800011b   Thumb Code     0  startup_stm32f103xb.o(.text)
    DMA1_Channel2_IRQHandler                 0x0800011b   Thumb Code     0  startup_stm32f103xb.o(.text)
    DMA1_Channel3_IRQHandler                 0x0800011b   Thumb Code     0  startup_stm32f103xb.o(.text)
    DMA1_Channel4_IRQHandler                 0x0800011b   Thumb Code     0  startup_stm32f103xb.o(.text)
    DMA1_Channel5_IRQHandler                 0x0800011b   Thumb Code     0  startup_stm32f103xb.o(.text)
    DMA1_Channel6_IRQHandler                 0x0800011b   Thumb Code     0  startup_stm32f103xb.o(.text)
    DMA1_Channel7_IRQHandler                 0x0800011b   Thumb Code     0  startup_stm32f103xb.o(.text)
    EXTI0_IRQHandler                         0x0800011b   Thumb Code     0  startup_stm32f103xb.o(.text)
    EXTI15_10_IRQHandler                     0x0800011b   Thumb Code     0  startup_stm32f103xb.o(.text)
    EXTI1_IRQHandler                         0x0800011b   Thumb Code     0  startup_stm32f103xb.o(.text)
    EXTI2_IRQHandler                         0x0800011b   Thumb Code     0  startup_stm32f103xb.o(.text)
    EXTI3_IRQHandler                         0x0800011b   Thumb Code     0  startup_stm32f103xb.o(.text)
    EXTI4_IRQHandler                         0x0800011b   Thumb Code     0  startup_stm32f103xb.o(.text)
    EXTI9_5_IRQHandler                       0x0800011b   Thumb Code     0  startup_stm32f103xb.o(.text)
    FLASH_IRQHandler                         0x0800011b   Thumb Code     0  startup_stm32f103xb.o(.text)
    I2C1_ER_IRQHandler                       0x0800011b   Thumb Code     0  startup_stm32f103xb.o(.text)
    I2C1_EV_IRQHandler                       0x0800011b   Thumb Code     0  startup_stm32f103xb.o(.text)
    I2C2_ER_IRQHandler                       0x0800011b   Thumb Code     0  startup_stm32f103xb.o(.text)
    I2C2_EV_IRQHandler                       0x0800011b   Thumb Code     0  startup_stm32f103xb.o(.text)
    PVD_IRQHandler                           0x0800011b   Thumb Code     0  startup_stm32f103xb.o(.text)
    RCC_IRQHandler                           0x0800011b   Thumb Code     0  startup_stm32f103xb.o(.text)
    RTC_Alarm_IRQHandler                     0x0800011b   Thumb Code     0  startup_stm32f103xb.o(.text)
    RTC_IRQHandler                           0x0800011b   Thumb Code     0  startup_stm32f103xb.o(.text)
    SPI1_IRQHandler                          0x0800011b   Thumb Code     0  startup_stm32f103xb.o(.text)
    SPI2_IRQHandler                          0x0800011b   Thumb Code     0  startup_stm32f103xb.o(.text)
    TAMPER_IRQHandler                        0x0800011b   Thumb Code     0  startup_stm32f103xb.o(.text)
    TIM1_BRK_IRQHandler                      0x0800011b   Thumb Code     0  startup_stm32f103xb.o(.text)
    TIM1_CC_IRQHandler                       0x0800011b   Thumb Code     0  startup_stm32f103xb.o(.text)
    TIM1_TRG_COM_IRQHandler                  0x0800011b   Thumb Code     0  startup_stm32f103xb.o(.text)
    TIM1_UP_IRQHandler                       0x0800011b   Thumb Code     0  startup_stm32f103xb.o(.text)
    TIM2_IRQHandler                          0x0800011b   Thumb Code     0  startup_stm32f103xb.o(.text)
    TIM3_IRQHandler                          0x0800011b   Thumb Code     0  startup_stm32f103xb.o(.text)
    TIM4_IRQHandler                          0x0800011b   Thumb Code     0  startup_stm32f103xb.o(.text)
    USART1_IRQHandler                        0x0800011b   Thumb Code     0  startup_stm32f103xb.o(.text)
    USART2_IRQHandler                        0x0800011b   Thumb Code     0  startup_stm32f103xb.o(.text)
    USART3_IRQHandler                        0x0800011b   Thumb Code     0  startup_stm32f103xb.o(.text)
    USBWakeUp_IRQHandler                     0x0800011b   Thumb Code     0  startup_stm32f103xb.o(.text)
    USB_HP_CAN1_TX_IRQHandler                0x0800011b   Thumb Code     0  startup_stm32f103xb.o(.text)
    WWDG_IRQHandler                          0x0800011b   Thumb Code     0  startup_stm32f103xb.o(.text)
    __aeabi_memcpy                           0x08000125   Thumb Code    36  memcpya.o(.text)
    __aeabi_memcpy4                          0x08000125   Thumb Code     0  memcpya.o(.text)
    __aeabi_memcpy8                          0x08000125   Thumb Code     0  memcpya.o(.text)
    __aeabi_memset                           0x08000149   Thumb Code    14  memseta.o(.text)
    __aeabi_memset4                          0x08000149   Thumb Code     0  memseta.o(.text)
    __aeabi_memset8                          0x08000149   Thumb Code     0  memseta.o(.text)
    __aeabi_memclr                           0x08000157   Thumb Code     4  memseta.o(.text)
    __aeabi_memclr4                          0x08000157   Thumb Code     0  memseta.o(.text)
    __aeabi_memclr8                          0x08000157   Thumb Code     0  memseta.o(.text)
    _memset$wrapper                          0x0800015b   Thumb Code    18  memseta.o(.text)
    __scatterload                            0x0800016d   Thumb Code    28  init.o(.text)
    __scatterload_rt2                        0x0800016d   Thumb Code     0  init.o(.text)
    __I$use$semihosting$fputc                0x08000191   Thumb Code     0  iusesemip.o(.text)
    __decompress                             0x08000191   Thumb Code     0  __dczerorl2.o(.text)
    __decompress1                            0x08000191   Thumb Code    86  __dczerorl2.o(.text)
    __semihosting_library_function           0x08000191   Thumb Code     0  semi.o(.text)
    BusFault_Handler                         0x080001e7   Thumb Code     2  stm32f1xx_it.o(i.BusFault_Handler)
    DebugMon_Handler                         0x080001e9   Thumb Code     2  stm32f1xx_it.o(i.DebugMon_Handler)
    Error_Handler                            0x080001eb   Thumb Code     2  main.o(i.Error_Handler)
    HAL_Delay                                0x080001ed   Thumb Code    32  stm32f1xx_hal.o(i.HAL_Delay)
    HAL_GetTick                              0x08000211   Thumb Code     6  stm32f1xx_hal.o(i.HAL_GetTick)
    HAL_IncTick                              0x0800021d   Thumb Code    12  stm32f1xx_hal.o(i.HAL_IncTick)
    HAL_Init                                 0x0800022d   Thumb Code    32  stm32f1xx_hal.o(i.HAL_Init)
    HAL_InitTick                             0x08000251   Thumb Code    54  stm32f1xx_hal.o(i.HAL_InitTick)
    HAL_MspInit                              0x08000291   Thumb Code    52  stm32f1xx_hal_msp.o(i.HAL_MspInit)
    HAL_NVIC_EnableIRQ                       0x080002cd   Thumb Code    26  stm32f1xx_hal_cortex.o(i.HAL_NVIC_EnableIRQ)
    HAL_NVIC_SetPriority                     0x080002e9   Thumb Code    60  stm32f1xx_hal_cortex.o(i.HAL_NVIC_SetPriority)
    HAL_NVIC_SetPriorityGrouping             0x08000329   Thumb Code    26  stm32f1xx_hal_cortex.o(i.HAL_NVIC_SetPriorityGrouping)
    HAL_PCDEx_PMAConfig                      0x0800034d   Thumb Code    52  stm32f1xx_hal_pcd_ex.o(i.HAL_PCDEx_PMAConfig)
    HAL_PCDEx_SetConnectionState             0x08000381   Thumb Code     2  usbd_conf.o(i.HAL_PCDEx_SetConnectionState)
    HAL_PCD_DataInStageCallback              0x08000383   Thumb Code    14  usbd_conf.o(i.HAL_PCD_DataInStageCallback)
    HAL_PCD_DataOutStageCallback             0x08000391   Thumb Code    16  usbd_conf.o(i.HAL_PCD_DataOutStageCallback)
    HAL_PCD_EP_Close                         0x080003a1   Thumb Code    72  stm32f1xx_hal_pcd.o(i.HAL_PCD_EP_Close)
    HAL_PCD_EP_ClrStall                      0x080003e9   Thumb Code    88  stm32f1xx_hal_pcd.o(i.HAL_PCD_EP_ClrStall)
    HAL_PCD_EP_Open                          0x08000441   Thumb Code    92  stm32f1xx_hal_pcd.o(i.HAL_PCD_EP_Open)
    HAL_PCD_EP_Receive                       0x0800049d   Thumb Code    46  stm32f1xx_hal_pcd.o(i.HAL_PCD_EP_Receive)
    HAL_PCD_EP_SetStall                      0x080004cb   Thumb Code   106  stm32f1xx_hal_pcd.o(i.HAL_PCD_EP_SetStall)
    HAL_PCD_EP_Transmit                      0x08000535   Thumb Code    42  stm32f1xx_hal_pcd.o(i.HAL_PCD_EP_Transmit)
    HAL_PCD_IRQHandler                       0x0800055f   Thumb Code   278  stm32f1xx_hal_pcd.o(i.HAL_PCD_IRQHandler)
    HAL_PCD_Init                             0x08000675   Thumb Code   210  stm32f1xx_hal_pcd.o(i.HAL_PCD_Init)
    HAL_PCD_MspInit                          0x08000749   Thumb Code    50  usbd_conf.o(i.HAL_PCD_MspInit)
    HAL_PCD_ResetCallback                    0x08000785   Thumb Code    38  usbd_conf.o(i.HAL_PCD_ResetCallback)
    HAL_PCD_ResumeCallback                   0x080007ab   Thumb Code     8  usbd_conf.o(i.HAL_PCD_ResumeCallback)
    HAL_PCD_SOFCallback                      0x080007b3   Thumb Code     8  usbd_conf.o(i.HAL_PCD_SOFCallback)
    HAL_PCD_SetAddress                       0x080007bb   Thumb Code    40  stm32f1xx_hal_pcd.o(i.HAL_PCD_SetAddress)
    HAL_PCD_SetupStageCallback               0x080007e3   Thumb Code    14  usbd_conf.o(i.HAL_PCD_SetupStageCallback)
    HAL_PCD_Start                            0x080007f1   Thumb Code    50  stm32f1xx_hal_pcd.o(i.HAL_PCD_Start)
    HAL_PCD_SuspendCallback                  0x08000825   Thumb Code    30  usbd_conf.o(i.HAL_PCD_SuspendCallback)
    HAL_RCCEx_PeriphCLKConfig                0x08000849   Thumb Code   224  stm32f1xx_hal_rcc_ex.o(i.HAL_RCCEx_PeriphCLKConfig)
    HAL_RCC_ClockConfig                      0x08000935   Thumb Code   280  stm32f1xx_hal_rcc.o(i.HAL_RCC_ClockConfig)
    HAL_RCC_GetSysClockFreq                  0x08000a61   Thumb Code    74  stm32f1xx_hal_rcc.o(i.HAL_RCC_GetSysClockFreq)
    HAL_RCC_OscConfig                        0x08000acd   Thumb Code   778  stm32f1xx_hal_rcc.o(i.HAL_RCC_OscConfig)
    HAL_SYSTICK_Config                       0x08000ded   Thumb Code    40  stm32f1xx_hal_cortex.o(i.HAL_SYSTICK_Config)
    HardFault_Handler                        0x08000e15   Thumb Code     2  stm32f1xx_it.o(i.HardFault_Handler)
    MX_GPIO_Init                             0x08000e51   Thumb Code    38  gpio.o(i.MX_GPIO_Init)
    MemManage_Handler                        0x08000e7d   Thumb Code     2  stm32f1xx_it.o(i.MemManage_Handler)
    NMI_Handler                              0x08000e7f   Thumb Code     2  stm32f1xx_it.o(i.NMI_Handler)
    PendSV_Handler                           0x08001143   Thumb Code     2  stm32f1xx_it.o(i.PendSV_Handler)
    SVC_Handler                              0x08001145   Thumb Code     2  stm32f1xx_it.o(i.SVC_Handler)
    SysTick_Handler                          0x08001147   Thumb Code     4  stm32f1xx_it.o(i.SysTick_Handler)
    SystemClock_Config                       0x0800114b   Thumb Code    96  main.o(i.SystemClock_Config)
    SystemInit                               0x080011ad   Thumb Code    56  system_stm32f1xx_1.o(i.SystemInit)
    USBD_ClrClassConfig                      0x080011f5   Thumb Code    14  usbd_core.o(i.USBD_ClrClassConfig)
    USBD_CtlContinueRx                       0x08001203   Thumb Code    16  usbd_ioreq.o(i.USBD_CtlContinueRx)
    USBD_CtlContinueSendData                 0x08001213   Thumb Code    16  usbd_ioreq.o(i.USBD_CtlContinueSendData)
    USBD_CtlError                            0x08001223   Thumb Code    22  usbd_ctlreq.o(i.USBD_CtlError)
    USBD_CtlReceiveStatus                    0x08001239   Thumb Code    22  usbd_ioreq.o(i.USBD_CtlReceiveStatus)
    USBD_CtlSendData                         0x0800124f   Thumb Code    26  usbd_ioreq.o(i.USBD_CtlSendData)
    USBD_CtlSendStatus                       0x08001269   Thumb Code    22  usbd_ioreq.o(i.USBD_CtlSendStatus)
    USBD_FS_ConfigStrDescriptor              0x08001281   Thumb Code    16  usbd_desc.o(i.USBD_FS_ConfigStrDescriptor)
    USBD_FS_DeviceDescriptor                 0x080012a1   Thumb Code     8  usbd_desc.o(i.USBD_FS_DeviceDescriptor)
    USBD_FS_InterfaceStrDescriptor           0x080012ad   Thumb Code    16  usbd_desc.o(i.USBD_FS_InterfaceStrDescriptor)
    USBD_FS_LangIDStrDescriptor              0x080012d1   Thumb Code     8  usbd_desc.o(i.USBD_FS_LangIDStrDescriptor)
    USBD_FS_ManufacturerStrDescriptor        0x080012dd   Thumb Code    16  usbd_desc.o(i.USBD_FS_ManufacturerStrDescriptor)
    USBD_FS_ProductStrDescriptor             0x08001305   Thumb Code    16  usbd_desc.o(i.USBD_FS_ProductStrDescriptor)
    USBD_FS_SerialStrDescriptor              0x08001331   Thumb Code    48  usbd_desc.o(i.USBD_FS_SerialStrDescriptor)
    USBD_GetString                           0x08001451   Thumb Code    72  usbd_ctlreq.o(i.USBD_GetString)
    USBD_HID_SendReport                      0x08001537   Thumb Code    36  usbd_hid.o(i.USBD_HID_SendReport)
    USBD_Init                                0x08001625   Thumb Code    60  usbd_core.o(i.USBD_Init)
    USBD_LL_ClearStallEP                     0x08001685   Thumb Code    18  usbd_conf.o(i.USBD_LL_ClearStallEP)
    USBD_LL_CloseEP                          0x08001697   Thumb Code    18  usbd_conf.o(i.USBD_LL_CloseEP)
    USBD_LL_DataInStage                      0x080016a9   Thumb Code   198  usbd_core.o(i.USBD_LL_DataInStage)
    USBD_LL_DataOutStage                     0x0800176f   Thumb Code   130  usbd_core.o(i.USBD_LL_DataOutStage)
    USBD_LL_Init                             0x080017f1   Thumb Code    94  usbd_conf.o(i.USBD_LL_Init)
    USBD_LL_IsStallEP                        0x08001859   Thumb Code    28  usbd_conf.o(i.USBD_LL_IsStallEP)
    USBD_LL_OpenEP                           0x08001875   Thumb Code    24  usbd_conf.o(i.USBD_LL_OpenEP)
    USBD_LL_PrepareReceive                   0x0800188d   Thumb Code    18  usbd_conf.o(i.USBD_LL_PrepareReceive)
    USBD_LL_Reset                            0x0800189f   Thumb Code    80  usbd_core.o(i.USBD_LL_Reset)
    USBD_LL_Resume                           0x080018ef   Thumb Code    20  usbd_core.o(i.USBD_LL_Resume)
    USBD_LL_SOF                              0x08001903   Thumb Code    24  usbd_core.o(i.USBD_LL_SOF)
    USBD_LL_SetSpeed                         0x0800191b   Thumb Code     6  usbd_core.o(i.USBD_LL_SetSpeed)
    USBD_LL_SetUSBAddress                    0x08001921   Thumb Code    18  usbd_conf.o(i.USBD_LL_SetUSBAddress)
    USBD_LL_SetupStage                       0x08001933   Thumb Code    90  usbd_core.o(i.USBD_LL_SetupStage)
    USBD_LL_StallEP                          0x0800198d   Thumb Code    18  usbd_conf.o(i.USBD_LL_StallEP)
    USBD_LL_Start                            0x0800199f   Thumb Code    18  usbd_conf.o(i.USBD_LL_Start)
    USBD_LL_Suspend                          0x080019b1   Thumb Code    18  usbd_core.o(i.USBD_LL_Suspend)
    USBD_LL_Transmit                         0x080019c3   Thumb Code    18  usbd_conf.o(i.USBD_LL_Transmit)
    USBD_ParseSetupRequest                   0x080019d5   Thumb Code    40  usbd_ctlreq.o(i.USBD_ParseSetupRequest)
    USBD_RegisterClass                       0x080019fd   Thumb Code    36  usbd_core.o(i.USBD_RegisterClass)
    USBD_SetClassConfig                      0x08001a45   Thumb Code    22  usbd_core.o(i.USBD_SetClassConfig)
    USBD_Start                               0x08001ae1   Thumb Code    10  usbd_core.o(i.USBD_Start)
    USBD_StdDevReq                           0x08001aeb   Thumb Code   274  usbd_ctlreq.o(i.USBD_StdDevReq)
    USBD_StdEPReq                            0x08001bfd   Thumb Code   336  usbd_ctlreq.o(i.USBD_StdEPReq)
    USBD_StdItfReq                           0x08001d4d   Thumb Code    78  usbd_ctlreq.o(i.USBD_StdItfReq)
    USBD_static_free                         0x08001d9b   Thumb Code     2  usbd_conf.o(i.USBD_static_free)
    USBD_static_malloc                       0x08001d9d   Thumb Code     4  usbd_conf.o(i.USBD_static_malloc)
    USB_ActivateEndpoint                     0x08001da5   Thumb Code   614  stm32f1xx_ll_usb.o(i.USB_ActivateEndpoint)
    USB_CoreInit                             0x0800200b   Thumb Code     4  stm32f1xx_ll_usb.o(i.USB_CoreInit)
    USB_DeactivateEndpoint                   0x0800200f   Thumb Code   270  stm32f1xx_ll_usb.o(i.USB_DeactivateEndpoint)
    USB_DevConnect                           0x0800211d   Thumb Code     4  stm32f1xx_ll_usb.o(i.USB_DevConnect)
    USB_DevDisconnect                        0x08002121   Thumb Code     4  stm32f1xx_ll_usb.o(i.USB_DevDisconnect)
    USB_DevInit                              0x08002125   Thumb Code    30  stm32f1xx_ll_usb.o(i.USB_DevInit)
    USB_DisableGlobalInt                     0x08002143   Thumb Code    14  stm32f1xx_ll_usb.o(i.USB_DisableGlobalInt)
    USB_EP0_OutStart                         0x08002151   Thumb Code     4  stm32f1xx_ll_usb.o(i.USB_EP0_OutStart)
    USB_EPClearStall                         0x08002155   Thumb Code   120  stm32f1xx_ll_usb.o(i.USB_EPClearStall)
    USB_EPSetStall                           0x080021cd   Thumb Code    50  stm32f1xx_ll_usb.o(i.USB_EPSetStall)
    USB_EPStartXfer                          0x080021ff   Thumb Code   412  stm32f1xx_ll_usb.o(i.USB_EPStartXfer)
    USB_EnableGlobalInt                      0x0800239b   Thumb Code    14  stm32f1xx_ll_usb.o(i.USB_EnableGlobalInt)
    USB_LP_CAN1_RX0_IRQHandler               0x080023a9   Thumb Code     6  stm32f1xx_it.o(i.USB_LP_CAN1_RX0_IRQHandler)
    USB_ReadInterrupts                       0x080023b5   Thumb Code     6  stm32f1xx_ll_usb.o(i.USB_ReadInterrupts)
    USB_ReadPMA                              0x080023bd   Thumb Code    44  stm32f1xx_ll_usb.o(i.USB_ReadPMA)
    USB_SetCurrentMode                       0x080023e9   Thumb Code     4  stm32f1xx_ll_usb.o(i.USB_SetCurrentMode)
    USB_SetDevAddress                        0x080023ed   Thumb Code    12  stm32f1xx_ll_usb.o(i.USB_SetDevAddress)
    USB_WritePMA                             0x080023f9   Thumb Code    38  stm32f1xx_ll_usb.o(i.USB_WritePMA)
    UsageFault_Handler                       0x0800241f   Thumb Code     2  stm32f1xx_it.o(i.UsageFault_Handler)
    __0printf$bare                           0x08002421   Thumb Code     8  printfb.o(i.__0printf$bare)
    __1printf$bare                           0x08002421   Thumb Code     0  printfb.o(i.__0printf$bare)
    __2printf                                0x08002421   Thumb Code     0  printfb.o(i.__0printf$bare)
    __scatterload_copy                       0x08002451   Thumb Code    14  handlers.o(i.__scatterload_copy)
    __scatterload_null                       0x0800245f   Thumb Code     2  handlers.o(i.__scatterload_null)
    __scatterload_zeroinit                   0x08002461   Thumb Code    14  handlers.o(i.__scatterload_zeroinit)
    fputc                                    0x08002491   Thumb Code    18  fputc.o(i.fputc)
    main                                     0x080024a5   Thumb Code   122  main.o(i.main)
    AHBPrescTable                            0x08002530   Data          16  system_stm32f1xx_1.o(.constdata)
    Region$$Table$$Base                      0x08002540   Number         0  anon$$obj.o(Region$$Table)
    Region$$Table$$Limit                     0x08002560   Number         0  anon$$obj.o(Region$$Table)
    hid_buffer                               0x20000001   Data           4  main.o(.data)
    SystemCoreClock                          0x20000008   Data           4  system_stm32f1xx_1.o(.data)
    USBD_HID                                 0x20000010   Data          56  usbd_hid.o(.data)
    FS_Desc                                  0x20000118   Data          28  usbd_desc.o(.data)
    USBD_LangIDDesc                          0x20000134   Data           4  usbd_desc.o(.data)
    USBD_FS_DeviceDesc                       0x20000138   Data          18  usbd_desc.o(.data)
    USBD_StringSerial                        0x2000014c   Data          26  usbd_desc.o(.data)
    uwTickFreq                               0x20000168   Data           1  stm32f1xx_hal.o(.data)
    uwTickPrio                               0x2000016c   Data           4  stm32f1xx_hal.o(.data)
    uwTick                                   0x20000170   Data           4  stm32f1xx_hal.o(.data)
    __stdout                                 0x20000174   Data           4  stdout.o(.data)
    usb_mouse_device                         0x20000178   Data         708  main.o(.bss)
    hpcd_USB_FS                              0x20000450   Data         620  usbd_conf.o(.bss)
    USBD_StrDesc                             0x200006bc   Data         512  usbd_desc.o(.bss)
    __initial_sp                             0x20000cc0   Data           0  startup_stm32f103xb.o(STACK)



==============================================================================

Memory Map of the image

  Image Entry point : 0x080000ed

  Load Region LR_IROM1 (Base: 0x08000000, Size: 0x000026d8, Max: 0x00040000, ABSOLUTE, COMPRESSED[0x00002638])

    Execution Region ER_IROM1 (Exec base: 0x08000000, Load base: 0x08000000, Size: 0x00002560, Max: 0x00040000, ABSOLUTE)

    Exec Addr    Load Addr    Size         Type   Attr      Idx    E Section Name        Object

    0x08000000   0x08000000   0x000000ec   Data   RO          337    RESET               startup_stm32f103xb.o
    0x080000ec   0x080000ec   0x00000000   Code   RO         2460  * .ARM.Collect$$$$00000000  mc_w.l(entry.o)
    0x080000ec   0x080000ec   0x00000004   Code   RO         2731    .ARM.Collect$$$$00000001  mc_w.l(entry2.o)
    0x080000f0   0x080000f0   0x00000004   Code   RO         2734    .ARM.Collect$$$$00000004  mc_w.l(entry5.o)
    0x080000f4   0x080000f4   0x00000000   Code   RO         2736    .ARM.Collect$$$$00000008  mc_w.l(entry7b.o)
    0x080000f4   0x080000f4   0x00000000   Code   RO         2738    .ARM.Collect$$$$0000000A  mc_w.l(entry8b.o)
    0x080000f4   0x080000f4   0x00000008   Code   RO         2739    .ARM.Collect$$$$0000000B  mc_w.l(entry9a.o)
    0x080000fc   0x080000fc   0x00000000   Code   RO         2741    .ARM.Collect$$$$0000000D  mc_w.l(entry10a.o)
    0x080000fc   0x080000fc   0x00000000   Code   RO         2743    .ARM.Collect$$$$0000000F  mc_w.l(entry11a.o)
    0x080000fc   0x080000fc   0x00000004   Code   RO         2732    .ARM.Collect$$$$00002712  mc_w.l(entry2.o)
    0x08000100   0x08000100   0x00000024   Code   RO          338    .text               startup_stm32f103xb.o
    0x08000124   0x08000124   0x00000024   Code   RO         2465    .text               mc_w.l(memcpya.o)
    0x08000148   0x08000148   0x00000024   Code   RO         2467    .text               mc_w.l(memseta.o)
    0x0800016c   0x0800016c   0x00000024   Code   RO         2763    .text               mc_w.l(init.o)
    0x08000190   0x08000190   0x00000000   Code   RO         2765    .text               mc_w.l(semi.o)
    0x08000190   0x08000190   0x00000000   Code   RO         2770    .text               mc_w.l(iusesemip.o)
    0x08000190   0x08000190   0x00000056   Code   RO         2781    .text               mc_w.l(__dczerorl2.o)
    0x080001e6   0x080001e6   0x00000002   Code   RO          218    i.BusFault_Handler  stm32f1xx_it.o
    0x080001e8   0x080001e8   0x00000002   Code   RO          219    i.DebugMon_Handler  stm32f1xx_it.o
    0x080001ea   0x080001ea   0x00000002   Code   RO          118    i.Error_Handler     main.o
    0x080001ec   0x080001ec   0x00000024   Code   RO         1041    i.HAL_Delay         stm32f1xx_hal.o
    0x08000210   0x08000210   0x0000000c   Code   RO         1045    i.HAL_GetTick       stm32f1xx_hal.o
    0x0800021c   0x0800021c   0x00000010   Code   RO         1051    i.HAL_IncTick       stm32f1xx_hal.o
    0x0800022c   0x0800022c   0x00000024   Code   RO         1052    i.HAL_Init          stm32f1xx_hal.o
    0x08000250   0x08000250   0x00000040   Code   RO         1053    i.HAL_InitTick      stm32f1xx_hal.o
    0x08000290   0x08000290   0x0000003c   Code   RO          194    i.HAL_MspInit       stm32f1xx_hal_msp.o
    0x080002cc   0x080002cc   0x0000001a   Code   RO         1210    i.HAL_NVIC_EnableIRQ  stm32f1xx_hal_cortex.o
    0x080002e6   0x080002e6   0x00000002   PAD
    0x080002e8   0x080002e8   0x00000040   Code   RO         1216    i.HAL_NVIC_SetPriority  stm32f1xx_hal_cortex.o
    0x08000328   0x08000328   0x00000024   Code   RO         1217    i.HAL_NVIC_SetPriorityGrouping  stm32f1xx_hal_cortex.o
    0x0800034c   0x0800034c   0x00000034   Code   RO         1832    i.HAL_PCDEx_PMAConfig  stm32f1xx_hal_pcd_ex.o
    0x08000380   0x08000380   0x00000002   Code   RO          741    i.HAL_PCDEx_SetConnectionState  usbd_conf.o
    0x08000382   0x08000382   0x0000000e   Code   RO          743    i.HAL_PCD_DataInStageCallback  usbd_conf.o
    0x08000390   0x08000390   0x00000010   Code   RO          744    i.HAL_PCD_DataOutStageCallback  usbd_conf.o
    0x080003a0   0x080003a0   0x00000048   Code   RO         1624    i.HAL_PCD_EP_Close  stm32f1xx_hal_pcd.o
    0x080003e8   0x080003e8   0x00000058   Code   RO         1625    i.HAL_PCD_EP_ClrStall  stm32f1xx_hal_pcd.o
    0x08000440   0x08000440   0x0000005c   Code   RO         1628    i.HAL_PCD_EP_Open   stm32f1xx_hal_pcd.o
    0x0800049c   0x0800049c   0x0000002e   Code   RO         1629    i.HAL_PCD_EP_Receive  stm32f1xx_hal_pcd.o
    0x080004ca   0x080004ca   0x0000006a   Code   RO         1630    i.HAL_PCD_EP_SetStall  stm32f1xx_hal_pcd.o
    0x08000534   0x08000534   0x0000002a   Code   RO         1631    i.HAL_PCD_EP_Transmit  stm32f1xx_hal_pcd.o
    0x0800055e   0x0800055e   0x00000116   Code   RO         1633    i.HAL_PCD_IRQHandler  stm32f1xx_hal_pcd.o
    0x08000674   0x08000674   0x000000d2   Code   RO         1636    i.HAL_PCD_Init      stm32f1xx_hal_pcd.o
    0x08000746   0x08000746   0x00000002   PAD
    0x08000748   0x08000748   0x0000003c   Code   RO          749    i.HAL_PCD_MspInit   usbd_conf.o
    0x08000784   0x08000784   0x00000026   Code   RO          750    i.HAL_PCD_ResetCallback  usbd_conf.o
    0x080007aa   0x080007aa   0x00000008   Code   RO          751    i.HAL_PCD_ResumeCallback  usbd_conf.o
    0x080007b2   0x080007b2   0x00000008   Code   RO          752    i.HAL_PCD_SOFCallback  usbd_conf.o
    0x080007ba   0x080007ba   0x00000028   Code   RO         1642    i.HAL_PCD_SetAddress  stm32f1xx_hal_pcd.o
    0x080007e2   0x080007e2   0x0000000e   Code   RO          753    i.HAL_PCD_SetupStageCallback  usbd_conf.o
    0x080007f0   0x080007f0   0x00000032   Code   RO         1644    i.HAL_PCD_Start     stm32f1xx_hal_pcd.o
    0x08000822   0x08000822   0x00000002   PAD
    0x08000824   0x08000824   0x00000024   Code   RO          754    i.HAL_PCD_SuspendCallback  usbd_conf.o
    0x08000848   0x08000848   0x000000ec   Code   RO         2101    i.HAL_RCCEx_PeriphCLKConfig  stm32f1xx_hal_rcc_ex.o
    0x08000934   0x08000934   0x0000012c   Code   RO         1998    i.HAL_RCC_ClockConfig  stm32f1xx_hal_rcc.o
    0x08000a60   0x08000a60   0x0000006c   Code   RO         2007    i.HAL_RCC_GetSysClockFreq  stm32f1xx_hal_rcc.o
    0x08000acc   0x08000acc   0x00000320   Code   RO         2010    i.HAL_RCC_OscConfig  stm32f1xx_hal_rcc.o
    0x08000dec   0x08000dec   0x00000028   Code   RO         1221    i.HAL_SYSTICK_Config  stm32f1xx_hal_cortex.o
    0x08000e14   0x08000e14   0x00000002   Code   RO          220    i.HardFault_Handler  stm32f1xx_it.o
    0x08000e16   0x08000e16   0x00000002   PAD
    0x08000e18   0x08000e18   0x00000038   Code   RO          957    i.IntToUnicode      usbd_desc.o
    0x08000e50   0x08000e50   0x0000002c   Code   RO            4    i.MX_GPIO_Init      gpio.o
    0x08000e7c   0x08000e7c   0x00000002   Code   RO          221    i.MemManage_Handler  stm32f1xx_it.o
    0x08000e7e   0x08000e7e   0x00000002   Code   RO          222    i.NMI_Handler       stm32f1xx_it.o
    0x08000e80   0x08000e80   0x000002c2   Code   RO         1647    i.PCD_EP_ISR_Handler  stm32f1xx_hal_pcd.o
    0x08001142   0x08001142   0x00000002   Code   RO          223    i.PendSV_Handler    stm32f1xx_it.o
    0x08001144   0x08001144   0x00000002   Code   RO          224    i.SVC_Handler       stm32f1xx_it.o
    0x08001146   0x08001146   0x00000004   Code   RO          225    i.SysTick_Handler   stm32f1xx_it.o
    0x0800114a   0x0800114a   0x00000060   Code   RO          119    i.SystemClock_Config  main.o
    0x080011aa   0x080011aa   0x00000002   PAD
    0x080011ac   0x080011ac   0x00000048   Code   RO          301    i.SystemInit        system_stm32f1xx_1.o
    0x080011f4   0x080011f4   0x0000000e   Code   RO          345    i.USBD_ClrClassConfig  usbd_core.o
    0x08001202   0x08001202   0x00000010   Code   RO          565    i.USBD_CtlContinueRx  usbd_ioreq.o
    0x08001212   0x08001212   0x00000010   Code   RO          566    i.USBD_CtlContinueSendData  usbd_ioreq.o
    0x08001222   0x08001222   0x00000016   Code   RO          496    i.USBD_CtlError     usbd_ctlreq.o
    0x08001238   0x08001238   0x00000016   Code   RO          568    i.USBD_CtlReceiveStatus  usbd_ioreq.o
    0x0800124e   0x0800124e   0x0000001a   Code   RO          569    i.USBD_CtlSendData  usbd_ioreq.o
    0x08001268   0x08001268   0x00000016   Code   RO          570    i.USBD_CtlSendStatus  usbd_ioreq.o
    0x0800127e   0x0800127e   0x00000002   PAD
    0x08001280   0x08001280   0x00000020   Code   RO          958    i.USBD_FS_ConfigStrDescriptor  usbd_desc.o
    0x080012a0   0x080012a0   0x0000000c   Code   RO          959    i.USBD_FS_DeviceDescriptor  usbd_desc.o
    0x080012ac   0x080012ac   0x00000024   Code   RO          960    i.USBD_FS_InterfaceStrDescriptor  usbd_desc.o
    0x080012d0   0x080012d0   0x0000000c   Code   RO          961    i.USBD_FS_LangIDStrDescriptor  usbd_desc.o
    0x080012dc   0x080012dc   0x00000028   Code   RO          962    i.USBD_FS_ManufacturerStrDescriptor  usbd_desc.o
    0x08001304   0x08001304   0x0000002c   Code   RO          963    i.USBD_FS_ProductStrDescriptor  usbd_desc.o
    0x08001330   0x08001330   0x00000038   Code   RO          964    i.USBD_FS_SerialStrDescriptor  usbd_desc.o
    0x08001368   0x08001368   0x000000e8   Code   RO          497    i.USBD_GetDescriptor  usbd_ctlreq.o
    0x08001450   0x08001450   0x00000048   Code   RO          498    i.USBD_GetString    usbd_ctlreq.o
    0x08001498   0x08001498   0x00000018   Code   RO          755    i.USBD_Get_USB_Status  usbd_conf.o
    0x080014b0   0x080014b0   0x0000000c   Code   RO          629    i.USBD_HID_DataIn   usbd_hid.o
    0x080014bc   0x080014bc   0x00000020   Code   RO          630    i.USBD_HID_DeInit   usbd_hid.o
    0x080014dc   0x080014dc   0x0000000c   Code   RO          631    i.USBD_HID_GetDeviceQualifierDesc  usbd_hid.o
    0x080014e8   0x080014e8   0x0000000c   Code   RO          632    i.USBD_HID_GetFSCfgDesc  usbd_hid.o
    0x080014f4   0x080014f4   0x0000000c   Code   RO          633    i.USBD_HID_GetHSCfgDesc  usbd_hid.o
    0x08001500   0x08001500   0x0000000c   Code   RO          634    i.USBD_HID_GetOtherSpeedCfgDesc  usbd_hid.o
    0x0800150c   0x0800150c   0x0000002a   Code   RO          636    i.USBD_HID_Init     usbd_hid.o
    0x08001536   0x08001536   0x00000024   Code   RO          637    i.USBD_HID_SendReport  usbd_hid.o
    0x0800155a   0x0800155a   0x00000002   PAD
    0x0800155c   0x0800155c   0x000000c8   Code   RO          638    i.USBD_HID_Setup    usbd_hid.o
    0x08001624   0x08001624   0x00000060   Code   RO          347    i.USBD_Init         usbd_core.o
    0x08001684   0x08001684   0x00000012   Code   RO          756    i.USBD_LL_ClearStallEP  usbd_conf.o
    0x08001696   0x08001696   0x00000012   Code   RO          757    i.USBD_LL_CloseEP   usbd_conf.o
    0x080016a8   0x080016a8   0x000000c6   Code   RO          348    i.USBD_LL_DataInStage  usbd_core.o
    0x0800176e   0x0800176e   0x00000082   Code   RO          349    i.USBD_LL_DataOutStage  usbd_core.o
    0x080017f0   0x080017f0   0x00000068   Code   RO          762    i.USBD_LL_Init      usbd_conf.o
    0x08001858   0x08001858   0x0000001c   Code   RO          763    i.USBD_LL_IsStallEP  usbd_conf.o
    0x08001874   0x08001874   0x00000018   Code   RO          764    i.USBD_LL_OpenEP    usbd_conf.o
    0x0800188c   0x0800188c   0x00000012   Code   RO          765    i.USBD_LL_PrepareReceive  usbd_conf.o
    0x0800189e   0x0800189e   0x00000050   Code   RO          354    i.USBD_LL_Reset     usbd_core.o
    0x080018ee   0x080018ee   0x00000014   Code   RO          355    i.USBD_LL_Resume    usbd_core.o
    0x08001902   0x08001902   0x00000018   Code   RO          356    i.USBD_LL_SOF       usbd_core.o
    0x0800191a   0x0800191a   0x00000006   Code   RO          357    i.USBD_LL_SetSpeed  usbd_core.o
    0x08001920   0x08001920   0x00000012   Code   RO          766    i.USBD_LL_SetUSBAddress  usbd_conf.o
    0x08001932   0x08001932   0x0000005a   Code   RO          358    i.USBD_LL_SetupStage  usbd_core.o
    0x0800198c   0x0800198c   0x00000012   Code   RO          767    i.USBD_LL_StallEP   usbd_conf.o
    0x0800199e   0x0800199e   0x00000012   Code   RO          768    i.USBD_LL_Start     usbd_conf.o
    0x080019b0   0x080019b0   0x00000012   Code   RO          359    i.USBD_LL_Suspend   usbd_core.o
    0x080019c2   0x080019c2   0x00000012   Code   RO          770    i.USBD_LL_Transmit  usbd_conf.o
    0x080019d4   0x080019d4   0x00000028   Code   RO          499    i.USBD_ParseSetupRequest  usbd_ctlreq.o
    0x080019fc   0x080019fc   0x00000048   Code   RO          360    i.USBD_RegisterClass  usbd_core.o
    0x08001a44   0x08001a44   0x00000016   Code   RO          362    i.USBD_SetClassConfig  usbd_core.o
    0x08001a5a   0x08001a5a   0x00000002   PAD
    0x08001a5c   0x08001a5c   0x00000084   Code   RO          500    i.USBD_SetConfig    usbd_ctlreq.o
    0x08001ae0   0x08001ae0   0x0000000a   Code   RO          363    i.USBD_Start        usbd_core.o
    0x08001aea   0x08001aea   0x00000112   Code   RO          501    i.USBD_StdDevReq    usbd_ctlreq.o
    0x08001bfc   0x08001bfc   0x00000150   Code   RO          502    i.USBD_StdEPReq     usbd_ctlreq.o
    0x08001d4c   0x08001d4c   0x0000004e   Code   RO          503    i.USBD_StdItfReq    usbd_ctlreq.o
    0x08001d9a   0x08001d9a   0x00000002   Code   RO          771    i.USBD_static_free  usbd_conf.o
    0x08001d9c   0x08001d9c   0x00000008   Code   RO          772    i.USBD_static_malloc  usbd_conf.o
    0x08001da4   0x08001da4   0x00000266   Code   RO         2135    i.USB_ActivateEndpoint  stm32f1xx_ll_usb.o
    0x0800200a   0x0800200a   0x00000004   Code   RO         2138    i.USB_CoreInit      stm32f1xx_ll_usb.o
    0x0800200e   0x0800200e   0x0000010e   Code   RO         2140    i.USB_DeactivateEndpoint  stm32f1xx_ll_usb.o
    0x0800211c   0x0800211c   0x00000004   Code   RO         2141    i.USB_DevConnect    stm32f1xx_ll_usb.o
    0x08002120   0x08002120   0x00000004   Code   RO         2142    i.USB_DevDisconnect  stm32f1xx_ll_usb.o
    0x08002124   0x08002124   0x0000001e   Code   RO         2143    i.USB_DevInit       stm32f1xx_ll_usb.o
    0x08002142   0x08002142   0x0000000e   Code   RO         2144    i.USB_DisableGlobalInt  stm32f1xx_ll_usb.o
    0x08002150   0x08002150   0x00000004   Code   RO         2145    i.USB_EP0_OutStart  stm32f1xx_ll_usb.o
    0x08002154   0x08002154   0x00000078   Code   RO         2146    i.USB_EPClearStall  stm32f1xx_ll_usb.o
    0x080021cc   0x080021cc   0x00000032   Code   RO         2147    i.USB_EPSetStall    stm32f1xx_ll_usb.o
    0x080021fe   0x080021fe   0x0000019c   Code   RO         2148    i.USB_EPStartXfer   stm32f1xx_ll_usb.o
    0x0800239a   0x0800239a   0x0000000e   Code   RO         2149    i.USB_EnableGlobalInt  stm32f1xx_ll_usb.o
    0x080023a8   0x080023a8   0x0000000c   Code   RO          226    i.USB_LP_CAN1_RX0_IRQHandler  stm32f1xx_it.o
    0x080023b4   0x080023b4   0x00000006   Code   RO         2156    i.USB_ReadInterrupts  stm32f1xx_ll_usb.o
    0x080023ba   0x080023ba   0x00000002   PAD
    0x080023bc   0x080023bc   0x0000002c   Code   RO         2157    i.USB_ReadPMA       stm32f1xx_ll_usb.o
    0x080023e8   0x080023e8   0x00000004   Code   RO         2159    i.USB_SetCurrentMode  stm32f1xx_ll_usb.o
    0x080023ec   0x080023ec   0x0000000c   Code   RO         2160    i.USB_SetDevAddress  stm32f1xx_ll_usb.o
    0x080023f8   0x080023f8   0x00000026   Code   RO         2163    i.USB_WritePMA      stm32f1xx_ll_usb.o
    0x0800241e   0x0800241e   0x00000002   Code   RO          227    i.UsageFault_Handler  stm32f1xx_it.o
    0x08002420   0x08002420   0x00000010   Code   RO         2472    i.__0printf$bare    mc_w.l(printfb.o)
    0x08002430   0x08002430   0x00000020   Code   RO         1223    i.__NVIC_SetPriority  stm32f1xx_hal_cortex.o
    0x08002450   0x08002450   0x0000000e   Code   RO         2775    i.__scatterload_copy  mc_w.l(handlers.o)
    0x0800245e   0x0800245e   0x00000002   Code   RO         2776    i.__scatterload_null  mc_w.l(handlers.o)
    0x08002460   0x08002460   0x0000000e   Code   RO         2777    i.__scatterload_zeroinit  mc_w.l(handlers.o)
    0x0800246e   0x0800246e   0x00000022   Code   RO         2479    i._printf_core      mc_w.l(printfb.o)
    0x08002490   0x08002490   0x00000012   Code   RO         2745    i.fputc             mc_w.l(fputc.o)
    0x080024a2   0x080024a2   0x00000002   PAD
    0x080024a4   0x080024a4   0x0000008c   Code   RO          120    i.main              main.o
    0x08002530   0x08002530   0x00000010   Data   RO          302    .constdata          system_stm32f1xx_1.o
    0x08002540   0x08002540   0x00000020   Data   RO         2773    Region$$Table       anon$$obj.o


    Execution Region RW_IRAM1 (Exec base: 0x20000000, Load base: 0x08002560, Size: 0x00000cc0, Max: 0x0000c000, ABSOLUTE, COMPRESSED[0x000000d8])

    Exec Addr    Load Addr    Size         Type   Attr      Idx    E Section Name        Object

    0x20000000   COMPRESSED   0x00000005   Data   RW          122    .data               main.o
    0x20000005   COMPRESSED   0x00000003   PAD
    0x20000008   COMPRESSED   0x00000004   Data   RW          304    .data               system_stm32f1xx_1.o
    0x2000000c   COMPRESSED   0x00000001   Data   RW          504    .data               usbd_ctlreq.o
    0x2000000d   COMPRESSED   0x00000003   PAD
    0x20000010   COMPRESSED   0x00000038   Data   RW          639    .data               usbd_hid.o
    0x20000048   COMPRESSED   0x000000ce   Data   RW          640    .data               usbd_hid.o
    0x20000116   COMPRESSED   0x00000002   PAD
    0x20000118   COMPRESSED   0x0000001c   Data   RW          966    .data               usbd_desc.o
    0x20000134   COMPRESSED   0x00000032   Data   RW          967    .data               usbd_desc.o
    0x20000166   COMPRESSED   0x00000002   PAD
    0x20000168   COMPRESSED   0x0000000c   Data   RW         1059    .data               stm32f1xx_hal.o
    0x20000174   COMPRESSED   0x00000004   Data   RW         2747    .data               mc_w.l(stdout.o)
    0x20000178        -       0x000002c4   Zero   RW          121    .bss                main.o
    0x2000043c        -       0x00000280   Zero   RW          773    .bss                usbd_conf.o
    0x200006bc        -       0x00000200   Zero   RW          965    .bss                usbd_desc.o
    0x200008bc   COMPRESSED   0x00000004   PAD
    0x200008c0        -       0x00000400   Zero   RW          335    STACK               startup_stm32f103xb.o


==============================================================================

Image component sizes


      Code (inc. data)   RO Data    RW Data    ZI Data      Debug   Object Name

        44          6          0          0          0     388983   gpio.o
       238         18          0          5        708       6774   main.o
        36          8        236          0       1024        768   startup_stm32f103xb.o
       164         28          0         12          0       5429   stm32f1xx_hal.o
       198         14          0          0          0      28455   stm32f1xx_hal_cortex.o
        60          8          0          0          0        910   stm32f1xx_hal_msp.o
      1730          0          0          0          0       8965   stm32f1xx_hal_pcd.o
        52          0          0          0          0       1130   stm32f1xx_hal_pcd_ex.o
      1208         76          0          0          0       3882   stm32f1xx_hal_rcc.o
       236         12          0          0          0       1336   stm32f1xx_hal_rcc_ex.o
        32          6          0          0          0       3943   stm32f1xx_it.o
      1644          0          0          0          0      13325   stm32f1xx_ll_usb.o
        72         16         16          4          0       1159   system_stm32f1xx_1.o
       512         30          0          0        640      12537   usbd_conf.o
       780         72          0          0          0       8183   usbd_core.o
      1186         28          0          1          0       7092   usbd_ctlreq.o
       288        104          0         78        512       5597   usbd_desc.o
       370         20          0        262          0       6613   usbd_hid.o
       102          0          0          0          0       3132   usbd_ioreq.o

    ----------------------------------------------------------------------
      8970        446        284        372       2888     508213   Object Totals
         0          0         32          0          0          0   (incl. Generated)
        18          0          0         10          4          0   (incl. Padding)

    ----------------------------------------------------------------------

      Code (inc. data)   RO Data    RW Data    ZI Data      Debug   Library Member Name

        86          0          0          0          0          0   __dczerorl2.o
         0          0          0          0          0          0   entry.o
         0          0          0          0          0          0   entry10a.o
         0          0          0          0          0          0   entry11a.o
         8          4          0          0          0          0   entry2.o
         4          0          0          0          0          0   entry5.o
         0          0          0          0          0          0   entry7b.o
         0          0          0          0          0          0   entry8b.o
         8          4          0          0          0          0   entry9a.o
        18          0          0          0          0         80   fputc.o
        30          0          0          0          0          0   handlers.o
        36          8          0          0          0         68   init.o
         0          0          0          0          0          0   iusesemip.o
        36          0          0          0          0         68   memcpya.o
        36          0          0          0          0        108   memseta.o
        50          8          0          0          0        152   printfb.o
         0          0          0          0          0          0   semi.o
         0          0          0          4          0          0   stdout.o

    ----------------------------------------------------------------------
       314         24          0          4          0        476   Library Totals
         2          0          0          0          0          0   (incl. Padding)

    ----------------------------------------------------------------------

      Code (inc. data)   RO Data    RW Data    ZI Data      Debug   Library Name

       312         24          0          4          0        476   mc_w.l

    ----------------------------------------------------------------------
       314         24          0          4          0        476   Library Totals

    ----------------------------------------------------------------------

==============================================================================


      Code (inc. data)   RO Data    RW Data    ZI Data      Debug   

      9284        470        284        376       2888     502577   Grand Totals
      9284        470        284        216       2888     502577   ELF Image Totals (compressed)
      9284        470        284        216          0          0   ROM Totals

==============================================================================

    Total RO  Size (Code + RO Data)                 9568 (   9.34kB)
    Total RW  Size (RW Data + ZI Data)              3264 (   3.19kB)
    Total ROM Size (Code + RO Data + RW Data)       9784 (   9.55kB)

==============================================================================

